Component: ARM Compiler 5.06 update 1 (build 61) Tool: armlink [4d35a8]

==============================================================================

Section Cross References

    main.o(i.SystemClock_Config) refers to stm32f4xx_hal_rcc.o(i.HAL_RCC_OscConfig) for HAL_RCC_OscConfig
    main.o(i.SystemClock_Config) refers to main.o(i.Error_Handler) for Error_Handler
    main.o(i.SystemClock_Config) refers to stm32f4xx_hal_pwr_ex.o(i.HAL_PWREx_EnableOverDrive) for HAL_PWREx_EnableOverDrive
    main.o(i.SystemClock_Config) refers to stm32f4xx_hal_rcc.o(i.HAL_RCC_ClockConfig) for HAL_RCC_ClockConfig
    main.o(i.SystemClock_Config) refers to stm32f4xx_hal_rcc.o(i.HAL_RCC_GetHCLKFreq) for HAL_RCC_GetHCLKFreq
    main.o(i.SystemClock_Config) refers to stm32f4xx_hal_cortex.o(i.HAL_SYSTICK_Config) for HAL_SYSTICK_Config
    main.o(i.SystemClock_Config) refers to stm32f4xx_hal_cortex.o(i.HAL_SYSTICK_CLKSourceConfig) for HAL_SYSTICK_CLKSourceConfig
    main.o(i.SystemClock_Config) refers to stm32f4xx_hal_cortex.o(i.HAL_NVIC_SetPriority) for HAL_NVIC_SetPriority
    main.o(i.main) refers to stm32f4xx_hal.o(i.HAL_Init) for HAL_Init
    main.o(i.main) refers to main.o(i.SystemClock_Config) for SystemClock_Config
    main.o(i.main) refers to gpio.o(i.MX_GPIO_Init) for MX_GPIO_Init
    main.o(i.main) refers to usart.o(i.MX_USART1_UART_Init) for MX_USART1_UART_Init
    main.o(i.main) refers to can.o(i.MX_CAN1_Init) for MX_CAN1_Init
    main.o(i.main) refers to usart.o(i.MX_USART3_UART_Init) for MX_USART3_UART_Init
    main.o(i.main) refers to usart.o(i.MX_USART2_UART_Init) for MX_USART2_UART_Init
    main.o(i.main) refers to usart.o(i.MX_UART4_Init) for MX_UART4_Init
    main.o(i.main) refers to communication.o(i.initCan1) for initCan1
    main.o(i.main) refers to sdram.o(i.SDRAM_Init) for SDRAM_Init
    main.o(i.main) refers to pathdata.o(i.initPathPointsData) for initPathPointsData
    main.o(i.main) refers to lcd.o(i.LCD_Init) for LCD_Init
    main.o(i.main) refers to autopilot.o(i.InitAutoPilot) for InitAutoPilot
    main.o(i.main) refers to autopilot.o(i.RunPilot) for RunPilot
    gpio.o(i.MX_GPIO_Init) refers to stm32f4xx_hal_gpio.o(i.HAL_GPIO_WritePin) for HAL_GPIO_WritePin
    gpio.o(i.MX_GPIO_Init) refers to stm32f4xx_hal_gpio.o(i.HAL_GPIO_Init) for HAL_GPIO_Init
    stm32f4xx_hal_msp.o(i.HAL_MspInit) refers to stm32f4xx_hal_cortex.o(i.HAL_NVIC_SetPriorityGrouping) for HAL_NVIC_SetPriorityGrouping
    stm32f4xx_hal_msp.o(i.HAL_MspInit) refers to stm32f4xx_hal_cortex.o(i.HAL_NVIC_SetPriority) for HAL_NVIC_SetPriority
    stm32f4xx_it.o(i.CAN1_RX0_IRQHandler) refers to stm32f4xx_hal_can.o(i.HAL_CAN_IRQHandler) for HAL_CAN_IRQHandler
    stm32f4xx_it.o(i.CAN1_RX0_IRQHandler) refers to can.o(.bss) for hcan1
    stm32f4xx_it.o(i.SysTick_Handler) refers to stm32f4xx_hal.o(i.HAL_IncTick) for HAL_IncTick
    stm32f4xx_it.o(i.SysTick_Handler) refers to stm32f4xx_hal_cortex.o(i.HAL_SYSTICK_IRQHandler) for HAL_SYSTICK_IRQHandler
    stm32f4xx_it.o(i.UART4_IRQHandler) refers to stm32f4xx_hal_uart.o(i.HAL_UART_IRQHandler) for HAL_UART_IRQHandler
    stm32f4xx_it.o(i.UART4_IRQHandler) refers to usart.o(.bss) for huart4
    stm32f4xx_it.o(i.USART1_IRQHandler) refers to stm32f4xx_hal_uart.o(i.HAL_UART_IRQHandler) for HAL_UART_IRQHandler
    stm32f4xx_it.o(i.USART1_IRQHandler) refers to usart.o(.bss) for huart1
    stm32f4xx_it.o(i.USART2_IRQHandler) refers to stm32f4xx_hal_uart.o(i.HAL_UART_IRQHandler) for HAL_UART_IRQHandler
    stm32f4xx_it.o(i.USART2_IRQHandler) refers to usart.o(.bss) for huart2
    stm32f4xx_it.o(i.USART3_IRQHandler) refers to stm32f4xx_hal_uart.o(i.HAL_UART_IRQHandler) for HAL_UART_IRQHandler
    stm32f4xx_it.o(i.USART3_IRQHandler) refers to usart.o(.bss) for huart3
    usart.o(i.HAL_UART_MspDeInit) refers to stm32f4xx_hal_gpio.o(i.HAL_GPIO_DeInit) for HAL_GPIO_DeInit
    usart.o(i.HAL_UART_MspDeInit) refers to stm32f4xx_hal_cortex.o(i.HAL_NVIC_DisableIRQ) for HAL_NVIC_DisableIRQ
    usart.o(i.HAL_UART_MspInit) refers to stm32f4xx_hal_gpio.o(i.HAL_GPIO_Init) for HAL_GPIO_Init
    usart.o(i.HAL_UART_MspInit) refers to stm32f4xx_hal_cortex.o(i.HAL_NVIC_SetPriority) for HAL_NVIC_SetPriority
    usart.o(i.HAL_UART_MspInit) refers to stm32f4xx_hal_cortex.o(i.HAL_NVIC_EnableIRQ) for HAL_NVIC_EnableIRQ
    usart.o(i.MX_UART4_Init) refers to stm32f4xx_hal_uart.o(i.HAL_UART_Init) for HAL_UART_Init
    usart.o(i.MX_UART4_Init) refers to main.o(i.Error_Handler) for Error_Handler
    usart.o(i.MX_UART4_Init) refers to usart.o(.bss) for huart4
    usart.o(i.MX_USART1_UART_Init) refers to stm32f4xx_hal_uart.o(i.HAL_UART_Init) for HAL_UART_Init
    usart.o(i.MX_USART1_UART_Init) refers to main.o(i.Error_Handler) for Error_Handler
    usart.o(i.MX_USART1_UART_Init) refers to usart.o(.bss) for huart1
    usart.o(i.MX_USART2_UART_Init) refers to stm32f4xx_hal_uart.o(i.HAL_UART_Init) for HAL_UART_Init
    usart.o(i.MX_USART2_UART_Init) refers to main.o(i.Error_Handler) for Error_Handler
[...]
    .bss                                     0x200000b4   Section      256  usart.o(.bss)
    .bss                                     0x200001b4   Section       68  can.o(.bss)
    .bss                                     0x200001f8   Section      454  communication.o(.bss)
    RxMessage                                0x200002d8   Data          36  communication.o(.bss)
    gSpeedTxMsg                              0x200002fc   Data          28  communication.o(.bss)
    gDriverModeTxMsg                         0x20000318   Data          28  communication.o(.bss)
    gEngineModeTxMsg                         0x20000334   Data          28  communication.o(.bss)
    .bss                                     0x200003c0   Section      212  autopilot.o(.bss)
    debug_text                               0x200003cc   Data         200  autopilot.o(.bss)
    .bss                                     0x20000494   Section       32  stm32f4xx_hal_flash.o(.bss)
    .bss                                     0x200004b4   Section       52  sdram.o(.bss)
    .bss                                     0x200004e8   Section       94  lcd.o(.bss)
    .bss                                     0x20000548   Section      264  ltdc.o(.bss)
    STACK                                    0x20000650   Section    61440  startup_stm32f429xx.o(STACK)
    .ARM.__AT_0xC0000000                     0xc0000000   Section    20000000  pathdata.o(.ARM.__AT_0xC0000000)
    .ARM.__AT_0xC1784000                     0xc1784000   Section    2048000  ltdc.o(.ARM.__AT_0xC1784000)

    Global Symbols

    Symbol Name                              Value     Ov Type        Size  Object(Section)

    BuildAttributes$$THM_ISAv4$E$P$D$K$B$S$7EM$VFPi3$EXTD16$VFPS$VFMA$PE$A:L22UL41UL21$X:L11$S22US41US21$IEEE1$IW$USESV6$~STKCKD$USESV7$~SHL$OTIME$ROPI$IEEEX$EBA8$MICROLIB$REQ8$PRES8$EABIv2 0x00000000   Number         0  anon$$obj.o ABSOLUTE
    __ARM_use_no_argv                        0x00000000   Number         0  main.o ABSOLUTE
    _printf_a                                0x00000000   Number         0  stubs.o ABSOLUTE
    _printf_c                                0x00000000   Number         0  stubs.o ABSOLUTE
    _printf_charcount                        0x00000000   Number         0  stubs.o ABSOLUTE
    _printf_d                                0x00000000   Number         0  stubs.o ABSOLUTE
    _printf_e                                0x00000000   Number         0  stubs.o ABSOLUTE
    _printf_f                                0x00000000   Number         0  stubs.o ABSOLUTE
    _printf_flags                            0x00000000   Number         0  stubs.o ABSOLUTE
    _printf_fp_dec                           0x00000000   Number         0  stubs.o ABSOLUTE
    _printf_fp_hex                           0x00000000   Number         0  stubs.o ABSOLUTE
    _printf_g                                0x00000000   Number         0  stubs.o ABSOLUTE
    _printf_i                                0x00000000   Number         0  stubs.o ABSOLUTE
    _printf_int_dec                          0x00000000   Number         0  stubs.o ABSOLUTE
    _printf_l                                0x00000000   Number         0  stubs.o ABSOLUTE
    _printf_lc                               0x00000000   Number         0  stubs.o ABSOLUTE
    _printf_ll                               0x00000000   Number         0  stubs.o ABSOLUTE
    _printf_lld                              0x00000000   Number         0  stubs.o ABSOLUTE
    _printf_lli                              0x00000000   Number         0  stubs.o ABSOLUTE
    _printf_llo                              0x00000000   Number         0  stubs.o ABSOLUTE
    _printf_llu                              0x00000000   Number         0  stubs.o ABSOLUTE
    _printf_llx                              0x00000000   Number         0  stubs.o ABSOLUTE
    _printf_longlong_dec                     0x00000000   Number         0  stubs.o ABSOLUTE
    _printf_longlong_hex                     0x00000000   Number         0  stubs.o ABSOLUTE
    _printf_longlong_oct                     0x00000000   Number         0  stubs.o ABSOLUTE
    _printf_ls                               0x00000000   Number         0  stubs.o ABSOLUTE
    _printf_mbtowc                           0x00000000   Number         0  stubs.o ABSOLUTE
    _printf_n                                0x00000000   Number         0  stubs.o ABSOLUTE
    _printf_o                                0x00000000   Number         0  stubs.o ABSOLUTE
    _printf_p                                0x00000000   Number         0  stubs.o ABSOLUTE
    _printf_percent                          0x00000000   Number         0  stubs.o ABSOLUTE
    _printf_pre_padding                      0x00000000   Number         0  stubs.o ABSOLUTE
    _printf_return_value                     0x00000000   Number         0  stubs.o ABSOLUTE
    _printf_s                                0x00000000   Number         0  stubs.o ABSOLUTE
    _printf_sizespec                         0x00000000   Number         0  stubs.o ABSOLUTE
    _printf_str                              0x00000000   Number         0  stubs.o ABSOLUTE
    _printf_truncate_signed                  0x00000000   Number         0  stubs.o ABSOLUTE
    _printf_truncate_unsigned                0x00000000   Number         0  stubs.o ABSOLUTE
    _printf_u                                0x00000000   Number         0  stubs.o ABSOLUTE
    _printf_wc                               0x00000000   Number         0  stubs.o ABSOLUTE
    _printf_wctomb                           0x00000000   Number         0  stubs.o ABSOLUTE
    _printf_widthprec                        0x00000000   Number         0  stubs.o ABSOLUTE
    _printf_x                                0x00000000   Number         0  stubs.o ABSOLUTE
    __cpp_initialize__aeabi_                  - Undefined Weak Reference
    __cxa_finalize                            - Undefined Weak Reference
    __decompress                              - Undefined Weak Reference
    _clock_init                               - Undefined Weak Reference
    _microlib_exit                            - Undefined Weak Reference
    __Vectors_Size                           0x000001ac   Number         0  startup_stm32f429xx.o ABSOLUTE
    __Vectors                                0x08000000   Data           4  startup_stm32f429xx.o(RESET)
    __Vectors_End                            0x080001ac   Data           0  startup_stm32f429xx.o(RESET)
    __main                                   0x080001ad   Thumb Code     0  entry.o(.ARM.Collect$$$$00000000)
    _main_stk                                0x080001ad   Thumb Code     0  entry2.o(.ARM.Collect$$$$00000001)
    _main_scatterload                        0x080001b1   Thumb Code     0  entry5.o(.ARM.Collect$$$$00000004)
    __main_after_scatterload                 0x080001b5   Thumb Code     0  entry5.o(.ARM.Collect$$$$00000004)
    _main_clock                              0x080001b5   Thumb Code     0  entry7b.o(.ARM.Collect$$$$00000008)
    _main_cpp_init                           0x080001b5   Thumb Code     0  entry8b.o(.ARM.Collect$$$$0000000A)
    _main_init                               0x080001b5   Thumb Code     0  entry9a.o(.ARM.Collect$$$$0000000B)
    __rt_final_cpp                           0x080001bd   Thumb Code     0  entry10a.o(.ARM.Collect$$$$0000000D)
    __rt_final_exit                          0x080001bd   Thumb Code     0  entry11a.o(.ARM.Collect$$$$0000000F)
    Reset_Handler                            0x080001c1   Thumb Code     8  startup_stm32f429xx.o(.text)
    ADC_IRQHandler                           0x080001db   Thumb Code     0  startup_stm32f429xx.o(.text)
    CAN1_RX1_IRQHandler                      0x080001db   Thumb Code     0  startup_stm32f429xx.o(.text)
    CAN1_SCE_IRQHandler                      0x080001db   Thumb Code     0  startup_stm32f429xx.o(.text)
    CAN1_TX_IRQHandler                       0x080001db   Thumb Code     0  startup_stm32f429xx.o(.text)
    CAN2_RX0_IRQHandler                      0x080001db   Thumb Code     0  startup_stm32f429xx.o(.text)
    CAN2_RX1_IRQHandler                      0x080001db   Thumb Code     0  startup_stm32f429xx.o(.text)
    CAN2_SCE_IRQHandler                      0x080001db   Thumb Code     0  startup_stm32f429xx.o(.text)
    CAN2_TX_IRQHandler                       0x080001db   Thumb Code     0  startup_stm32f429xx.o(.text)
    DCMI_IRQHandler                          0x080001db   Thumb Code     0  startup_stm32f429xx.o(.text)
    DMA1_Stream0_IRQHandler                  0x080001db   Thumb Code     0  startup_stm32f429xx.o(.text)
    DMA1_Stream1_IRQHandler                  0x080001db   Thumb Code     0  startup_stm32f429xx.o(.text)
    DMA1_Stream2_IRQHandler                  0x080001db   Thumb Code     0  startup_stm32f429xx.o(.text)
    DMA1_Stream3_IRQHandler                  0x080001db   Thumb Code     0  startup_stm32f429xx.o(.text)
    DMA1_Stream4_IRQHandler                  0x080001db   Thumb Code     0  startup_stm32f429xx.o(.text)
    DMA1_Stream5_IRQHandler                  0x080001db   Thumb Code     0  startup_stm32f429xx.o(.text)
    DMA1_Stream6_IRQHandler                  0x080001db   Thumb Code     0  startup_stm32f429xx.o(.text)
    DMA1_Stream7_IRQHandler                  0x080001db   Thumb Code     0  startup_stm32f429xx.o(.text)
    DMA2D_IRQHandler                         0x080001db   Thumb Code     0  startup_stm32f429xx.o(.text)
    DMA2_Stream0_IRQHandler                  0x080001db   Thumb Code     0  startup_stm32f429xx.o(.text)
    DMA2_Stream1_IRQHandler                  0x080001db   Thumb Code     0  startup_stm32f429xx.o(.text)
    DMA2_Stream2_IRQHandler                  0x080001db   Thumb Code     0  startup_stm32f429xx.o(.text)
    DMA2_Stream3_IRQHandler                  0x080001db   Thumb Code     0  startup_stm32f429xx.o(.text)
    DMA2_Stream4_IRQHandler                  0x080001db   Thumb Code     0  startup_stm32f429xx.o(.text)
    DMA2_Stream5_IRQHandler                  0x080001db   Thumb Code     0  startup_stm32f429xx.o(.text)
    DMA2_Stream6_IRQHandler                  0x080001db   Thumb Code     0  startup_stm32f429xx.o(.text)
    DMA2_Stream7_IRQHandler                  0x080001db   Thumb Code     0  startup_stm32f429xx.o(.text)
    ETH_IRQHandler                           0x080001db   Thumb Code     0  startup_stm32f429xx.o(.text)
    ETH_WKUP_IRQHandler                      0x080001db   Thumb Code     0  startup_stm32f429xx.o(.text)
    EXTI0_IRQHandler                         0x080001db   Thumb Code     0  startup_stm32f429xx.o(.text)
    EXTI15_10_IRQHandler                     0x080001db   Thumb Code     0  startup_stm32f429xx.o(.text)
    EXTI1_IRQHandler                         0x080001db   Thumb Code     0  startup_stm32f429xx.o(.text)
    EXTI2_IRQHandler                         0x080001db   Thumb Code     0  startup_stm32f429xx.o(.text)
    EXTI3_IRQHandler                         0x080001db   Thumb Code     0  startup_stm32f429xx.o(.text)
    EXTI4_IRQHandler                         0x080001db   Thumb Code     0  startup_stm32f429xx.o(.text)
    EXTI9_5_IRQHandler                       0x080001db   Thumb Code     0  startup_stm32f429xx.o(.text)
    FLASH_IRQHandler                         0x080001db   Thumb Code     0  startup_stm32f429xx.o(.text)
    FMC_IRQHandler                           0x080001db   Thumb Code     0  startup_stm32f429xx.o(.text)
    FPU_IRQHandler                           0x080001db   Thumb Code     0  startup_stm32f429xx.o(.text)
    HASH_RNG_IRQHandler                      0x080001db   Thumb Code     0  startup_stm32f429xx.o(.text)
    I2C1_ER_IRQHandler                       0x080001db   Thumb Code     0  startup_stm32f429xx.o(.text)
    I2C1_EV_IRQHandler                       0x080001db   Thumb Code     0  startup_stm32f429xx.o(.text)
    I2C2_ER_IRQHandler                       0x080001db   Thumb Code     0  startup_stm32f429xx.o(.text)
    I2C2_EV_IRQHandler                       0x080001db   Thumb Code     0  startup_stm32f429xx.o(.text)
    I2C3_ER_IRQHandler                       0x080001db   Thumb Code     0  startup_stm32f429xx.o(.text)
    I2C3_EV_IRQHandler                       0x080001db   Thumb Code     0  startup_stm32f429xx.o(.text)
    LTDC_ER_IRQHandler                       0x080001db   Thumb Code     0  startup_stm32f429xx.o(.text)
    LTDC_IRQHandler                          0x080001db   Thumb Code     0  startup_stm32f429xx.o(.text)
    OTG_FS_IRQHandler                        0x080001db   Thumb Code     0  startup_stm32f429xx.o(.text)
    OTG_FS_WKUP_IRQHandler                   0x080001db   Thumb Code     0  startup_stm32f429xx.o(.text)
    OTG_HS_EP1_IN_IRQHandler                 0x080001db   Thumb Code     0  startup_stm32f429xx.o(.text)
    OTG_HS_EP1_OUT_IRQHandler                0x080001db   Thumb Code     0  startup_stm32f429xx.o(.text)
    OTG_HS_IRQHandler                        0x080001db   Thumb Code     0  startup_stm32f429xx.o(.text)
    OTG_HS_WKUP_IRQHandler                   0x080001db   Thumb Code     0  startup_stm32f429xx.o(.text)
    PVD_IRQHandler                           0x080001db   Thumb Code     0  startup_stm32f429xx.o(.text)
    RCC_IRQHandler                           0x080001db   Thumb Code     0  startup_stm32f429xx.o(.text)
    RTC_Alarm_IRQHandler                     0x080001db   Thumb Code     0  startup_stm32f429xx.o(.text)
    RTC_WKUP_IRQHandler                      0x080001db   Thumb Code     0  startup_stm32f429xx.o(.text)
    SAI1_IRQHandler                          0x080001db   Thumb Code     0  startup_stm32f429xx.o(.text)
    SDIO_IRQHandler                          0x080001db   Thumb Code     0  startup_stm32f429xx.o(.text)
    SPI1_IRQHandler                          0x080001db   Thumb Code     0  startup_stm32f429xx.o(.text)
    SPI2_IRQHandler                          0x080001db   Thumb Code     0  startup_stm32f429xx.o(.text)
    SPI3_IRQHandler                          0x080001db   Thumb Code     0  startup_stm32f429xx.o(.text)
    SPI4_IRQHandler                          0x080001db   Thumb Code     0  startup_stm32f429xx.o(.text)
    SPI5_IRQHandler                          0x080001db   Thumb Code     0  startup_stm32f429xx.o(.text)
    SPI6_IRQHandler                          0x080001db   Thumb Code     0  startup_stm32f429xx.o(.text)
    TAMP_STAMP_IRQHandler                    0x080001db   Thumb Code     0  startup_stm32f429xx.o(.text)
    TIM1_BRK_TIM9_IRQHandler                 0x080001db   Thumb Code     0  startup_stm32f429xx.o(.text)
    TIM1_CC_IRQHandler                       0x080001db   Thumb Code     0  startup_stm32f429xx.o(.text)
    TIM1_TRG_COM_TIM11_IRQHandler            0x080001db   Thumb Code     0  startup_stm32f429xx.o(.text)
    TIM1_UP_TIM10_IRQHandler                 0x080001db   Thumb Code     0  startup_stm32f429xx.o(.text)
    TIM2_IRQHandler                          0x080001db   Thumb Code     0  startup_stm32f429xx.o(.text)
    TIM3_IRQHandler                          0x080001db   Thumb Code     0  startup_stm32f429xx.o(.text)
    TIM4_IRQHandler                          0x080001db   Thumb Code     0  startup_stm32f429xx.o(.text)
    TIM5_IRQHandler                          0x080001db   Thumb Code     0  startup_stm32f429xx.o(.text)
    TIM6_DAC_IRQHandler                      0x080001db   Thumb Code     0  startup_stm32f429xx.o(.text)
    TIM7_IRQHandler                          0x080001db   Thumb Code     0  startup_stm32f429xx.o(.text)
    TIM8_BRK_TIM12_IRQHandler                0x080001db   Thumb Code     0  startup_stm32f429xx.o(.text)
    TIM8_CC_IRQHandler                       0x080001db   Thumb Code     0  startup_stm32f429xx.o(.text)
    TIM8_TRG_COM_TIM14_IRQHandler            0x080001db   Thumb Code     0  startup_stm32f429xx.o(.text)
    TIM8_UP_TIM13_IRQHandler                 0x080001db   Thumb Code     0  startup_stm32f429xx.o(.text)
    UART5_IRQHandler                         0x080001db   Thumb Code     0  startup_stm32f429xx.o(.text)
    UART7_IRQHandler                         0x080001db   Thumb Code     0  startup_stm32f429xx.o(.text)
    UART8_IRQHandler                         0x080001db   Thumb Code     0  startup_stm32f429xx.o(.text)
    USART6_IRQHandler                        0x080001db   Thumb Code     0  startup_stm32f429xx.o(.text)
    WWDG_IRQHandler                          0x080001db   Thumb Code     0  startup_stm32f429xx.o(.text)
    __aeabi_memcpy                           0x080001e5   Thumb Code    36  memcpya.o(.text)
    __aeabi_memcpy4                          0x080001e5   Thumb Code     0  memcpya.o(.text)
    __aeabi_memcpy8                          0x080001e5   Thumb Code     0  memcpya.o(.text)
    __aeabi_dadd                             0x08000209   Thumb Code   322  dadd.o(.text)
    __aeabi_dsub                             0x0800034b   Thumb Code     6  dadd.o(.text)
    __aeabi_drsub                            0x08000351   Thumb Code     6  dadd.o(.text)
    __aeabi_dmul                             0x08000357   Thumb Code   228  dmul.o(.text)
    __aeabi_ddiv                             0x0800043b   Thumb Code   222  ddiv.o(.text)
    __aeabi_i2d                              0x08000519   Thumb Code    34  dflti.o(.text)
    __aeabi_ui2d                             0x0800053b   Thumb Code    26  dfltui.o(.text)
    __aeabi_d2iz                             0x08000555   Thumb Code    62  dfixi.o(.text)
    __aeabi_d2uiz                            0x08000593   Thumb Code    50  dfixui.o(.text)
    __aeabi_f2d                              0x080005c5   Thumb Code    38  f2d.o(.text)
    __aeabi_cdcmpeq                          0x080005ed   Thumb Code     0  cdcmple.o(.text)
    __aeabi_cdcmple                          0x080005ed   Thumb Code    48  cdcmple.o(.text)
    __aeabi_cdrcmple                         0x0800061d   Thumb Code    48  cdrcmple.o(.text)
    __aeabi_d2f                              0x0800064d   Thumb Code    56  d2f.o(.text)
    __aeabi_uidiv                            0x08000685   Thumb Code     0  uidiv.o(.text)
    __aeabi_uidivmod                         0x08000685   Thumb Code    44  uidiv.o(.text)
    __aeabi_uldivmod                         0x080006b1   Thumb Code    98  uldiv.o(.text)
    __aeabi_llsl                             0x08000713   Thumb Code    30  llshl.o(.text)
    _ll_shift_l                              0x08000713   Thumb Code     0  llshl.o(.text)
    __aeabi_llsr                             0x08000731   Thumb Code    32  llushr.o(.text)
    _ll_ushift_r                             0x08000731   Thumb Code     0  llushr.o(.text)
    __aeabi_lasr                             0x08000751   Thumb Code    36  llsshr.o(.text)
    _ll_sshift_r                             0x08000751   Thumb Code     0  llsshr.o(.text)
    __I$use$fp                               0x08000775   Thumb Code     0  iusefp.o(.text)
    _float_round                             0x08000775   Thumb Code    18  fepilogue.o(.text)
    _float_epilogue                          0x08000787   Thumb Code    92  fepilogue.o(.text)
    _double_round                            0x080007e3   Thumb Code    30  depilogue.o(.text)
    _double_epilogue                         0x08000801   Thumb Code   156  depilogue.o(.text)
    __ARM_scalbn                             0x0800089d   Thumb Code    46  dscalb.o(.text)
    scalbn                                   0x0800089d   Thumb Code     0  dscalb.o(.text)
    _dsqrt                                   0x080008cb   Thumb Code   162  dsqrt.o(.text)
    __aeabi_d2ulz                            0x0800096d   Thumb Code    48  dfixul.o(.text)
    __scatterload                            0x0800099d   Thumb Code    28  init.o(.text)
    __scatterload_rt2                        0x0800099d   Thumb Code     0  init.o(.text)
    BusFault_Handler                         0x080009c1   Thumb Code     4  stm32f4xx_it.o(i.BusFault_Handler)
    CAN1_RX0_IRQHandler                      0x080009c5   Thumb Code    10  stm32f4xx_it.o(i.CAN1_RX0_IRQHandler)
    DebugMon_Handler                         0x08000bf9   Thumb Code     2  stm32f4xx_it.o(i.DebugMon_Handler)
    Error_Handler                            0x08000bfb   Thumb Code     4  main.o(i.Error_Handler)
    FLASH_Erase_Sector                       0x08000c01   Thumb Code   104  stm32f4xx_hal_flash_ex.o(i.FLASH_Erase_Sector)
    FLASH_FlushCaches                        0x08000c6d   Thumb Code   114  stm32f4xx_hal_flash_ex.o(i.FLASH_FlushCaches)
    FLASH_WaitForLastOperation               0x08000e8d   Thumb Code    90  stm32f4xx_hal_flash.o(i.FLASH_WaitForLastOperation)
    FMC_NORSRAM_Extended_Timing_Init         0x08000ef1   Thumb Code    66  stm32f4xx_ll_fmc.o(i.FMC_NORSRAM_Extended_Timing_Init)
    FMC_NORSRAM_Init                         0x08000f39   Thumb Code   112  stm32f4xx_ll_fmc.o(i.FMC_NORSRAM_Init)
    FMC_NORSRAM_Timing_Init                  0x08000fad   Thumb Code    94  stm32f4xx_ll_fmc.o(i.FMC_NORSRAM_Timing_Init)
    FMC_SDRAM_Init                           0x0800100b   Thumb Code   116  stm32f4xx_ll_fmc.o(i.FMC_SDRAM_Init)
    FMC_SDRAM_ProgramRefreshRate             0x0800107f   Thumb Code    14  stm32f4xx_ll_fmc.o(i.FMC_SDRAM_ProgramRefreshRate)
    FMC_SDRAM_SendCommand                    0x0800108d   Thumb Code    82  stm32f4xx_ll_fmc.o(i.FMC_SDRAM_SendCommand)
    FMC_SDRAM_Timing_Init                    0x080010e1   Thumb Code   152  stm32f4xx_ll_fmc.o(i.FMC_SDRAM_Timing_Init)
    GetBatteryVolt                           0x0800117d   Thumb Code    28  communication.o(i.GetBatteryVolt)
    GetDriverMode                            0x080011a1   Thumb Code    28  communication.o(i.GetDriverMode)
    GetEngineMode                            0x080011c5   Thumb Code    28  communication.o(i.GetEngineMode)
    GetNeedRestartCanReceive                 0x080011e9   Thumb Code     6  communication.o(i.GetNeedRestartCanReceive)
    GetPilotErr                              0x080011f5   Thumb Code     6  autopilot.o(i.GetPilotErr)
    GetPose                                  0x08001201   Thumb Code    16  autopilot.o(i.GetPose)
    GetPoseUpdateTime                        0x08001215   Thumb Code     6  autopilot.o(i.GetPoseUpdateTime)
    GetServorAlarm                           0x08001221   Thumb Code    28  communication.o(i.GetServorAlarm)
    GetSupplyState                           0x08001245   Thumb Code    20  stmflash.o(i.GetSupplyState)
    GetTankLevel                             0x0800125d   Thumb Code    28  communication.o(i.GetTankLevel)
    GetThetaFromVector                       0x08001281   Thumb Code   260  commonalg.o(i.GetThetaFromVector)
    HAL_CAN_ConfigFilter                     0x080013ad   Thumb Code   260  stm32f4xx_hal_can.o(i.HAL_CAN_ConfigFilter)
    HAL_CAN_ErrorCallback                    0x080014b5   Thumb Code     2  stm32f4xx_hal_can.o(i.HAL_CAN_ErrorCallback)
    HAL_CAN_IRQHandler                       0x080014b9   Thumb Code   580  stm32f4xx_hal_can.o(i.HAL_CAN_IRQHandler)
    HAL_CAN_Init                             0x0800170d   Thumb Code   444  stm32f4xx_hal_can.o(i.HAL_CAN_Init)
    HAL_CAN_MspInit                          0x080018c9   Thumb Code    96  can.o(i.HAL_CAN_MspInit)
    HAL_CAN_Receive_IT                       0x08001935   Thumb Code   268  stm32f4xx_hal_can.o(i.HAL_CAN_Receive_IT)
    HAL_CAN_RxCpltCallback                   0x08001a41   Thumb Code   152  communication.o(i.HAL_CAN_RxCpltCallback)
    HAL_CAN_Transmit                         0x08001b05   Thumb Code   684  stm32f4xx_hal_can.o(i.HAL_CAN_Transmit)
    HAL_CAN_TxCpltCallback                   0x08001dbd   Thumb Code     2  stm32f4xx_hal_can.o(i.HAL_CAN_TxCpltCallback)
    HAL_DMA_Abort_IT                         0x08001dbf   Thumb Code    40  stm32f4xx_hal_dma.o(i.HAL_DMA_Abort_IT)
    HAL_Delay                                0x08001de7   Thumb Code    30  stm32f4xx_hal.o(i.HAL_Delay)
    HAL_FLASHEx_Erase                        0x08001e05   Thumb Code   166  stm32f4xx_hal_flash_ex.o(i.HAL_FLASHEx_Erase)
    HAL_FLASH_Lock                           0x08001eb5   Thumb Code    16  stm32f4xx_hal_flash.o(i.HAL_FLASH_Lock)
    HAL_FLASH_Program                        0x08001ec9   Thumb Code   142  stm32f4xx_hal_flash.o(i.HAL_FLASH_Program)
    HAL_FLASH_Unlock                         0x08001f61   Thumb Code    32  stm32f4xx_hal_flash.o(i.HAL_FLASH_Unlock)
    HAL_GPIO_Init                            0x08001f8d   Thumb Code   486  stm32f4xx_hal_gpio.o(i.HAL_GPIO_Init)
    HAL_GPIO_ReadPin                         0x080021a9   Thumb Code    16  stm32f4xx_hal_gpio.o(i.HAL_GPIO_ReadPin)
    HAL_GPIO_WritePin                        0x080021b9   Thumb Code    12  stm32f4xx_hal_gpio.o(i.HAL_GPIO_WritePin)
    HAL_GetTick                              0x080021c5   Thumb Code     6  stm32f4xx_hal.o(i.HAL_GetTick)
    HAL_IncTick                              0x080021d1   Thumb Code    12  stm32f4xx_hal.o(i.HAL_IncTick)
    HAL_Init                                 0x080021e1   Thumb Code    54  stm32f4xx_hal.o(i.HAL_Init)
    HAL_InitTick                             0x0800221d   Thumb Code    36  stm32f4xx_hal.o(i.HAL_InitTick)
    HAL_LTDC_ConfigLayer                     0x08002245   Thumb Code    94  stm32f4xx_hal_ltdc.o(i.HAL_LTDC_ConfigLayer)
    HAL_LTDC_Init                            0x080022a5   Thumb Code   278  stm32f4xx_hal_ltdc.o(i.HAL_LTDC_Init)
    HAL_LTDC_MspInit                         0x080023c1   Thumb Code   322  ltdc.o(i.HAL_LTDC_MspInit)
    HAL_LTDC_SetWindowPosition               0x0800251d   Thumb Code   108  stm32f4xx_hal_ltdc.o(i.HAL_LTDC_SetWindowPosition)
    HAL_LTDC_SetWindowSize                   0x08002589   Thumb Code   108  stm32f4xx_hal_ltdc.o(i.HAL_LTDC_SetWindowSize)
    HAL_MspInit                              0x080025f5   Thumb Code    86  stm32f4xx_hal_msp.o(i.HAL_MspInit)
    HAL_NVIC_EnableIRQ                       0x0800264b   Thumb Code    26  stm32f4xx_hal_cortex.o(i.HAL_NVIC_EnableIRQ)
    HAL_NVIC_SetPriority                     0x08002665   Thumb Code   124  stm32f4xx_hal_cortex.o(i.HAL_NVIC_SetPriority)
    HAL_NVIC_SetPriorityGrouping             0x080026e1   Thumb Code    32  stm32f4xx_hal_cortex.o(i.HAL_NVIC_SetPriorityGrouping)
    HAL_PWREx_EnableOverDrive                0x08002709   Thumb Code   152  stm32f4xx_hal_pwr_ex.o(i.HAL_PWREx_EnableOverDrive)
    HAL_RCCEx_PeriphCLKConfig                0x080027ad   Thumb Code   856  stm32f4xx_hal_rcc_ex.o(i.HAL_RCCEx_PeriphCLKConfig)
    HAL_RCC_ClockConfig                      0x08002b1d   Thumb Code   446  stm32f4xx_hal_rcc.o(i.HAL_RCC_ClockConfig)
    HAL_RCC_GetHCLKFreq                      0x08002ced   Thumb Code     6  stm32f4xx_hal_rcc.o(i.HAL_RCC_GetHCLKFreq)
    HAL_RCC_GetPCLK1Freq                     0x08002cf9   Thumb Code    36  stm32f4xx_hal_rcc.o(i.HAL_RCC_GetPCLK1Freq)
    HAL_RCC_GetPCLK2Freq                     0x08002d25   Thumb Code    36  stm32f4xx_hal_rcc.o(i.HAL_RCC_GetPCLK2Freq)
    HAL_RCC_GetSysClockFreq                  0x08002d51   Thumb Code   168  stm32f4xx_hal_rcc.o(i.HAL_RCC_GetSysClockFreq)
    HAL_RCC_OscConfig                        0x08002e05   Thumb Code  1090  stm32f4xx_hal_rcc.o(i.HAL_RCC_OscConfig)
    HAL_SDRAM_Init                           0x08003251   Thumb Code    64  stm32f4xx_hal_sdram.o(i.HAL_SDRAM_Init)
    HAL_SDRAM_MspInit                        0x08003291   Thumb Code   282  sdram.o(i.HAL_SDRAM_MspInit)
    HAL_SDRAM_ProgramRefreshRate             0x080033c5   Thumb Code    40  stm32f4xx_hal_sdram.o(i.HAL_SDRAM_ProgramRefreshRate)
    HAL_SDRAM_SendCommand                    0x080033ed   Thumb Code    58  stm32f4xx_hal_sdram.o(i.HAL_SDRAM_SendCommand)
    HAL_SRAM_Init                            0x08003427   Thumb Code    88  stm32f4xx_hal_sram.o(i.HAL_SRAM_Init)
    HAL_SRAM_MspInit                         0x08003481   Thumb Code   152  lcd.o(i.HAL_SRAM_MspInit)
    HAL_SYSTICK_CLKSourceConfig              0x08003525   Thumb Code    40  stm32f4xx_hal_cortex.o(i.HAL_SYSTICK_CLKSourceConfig)
    HAL_SYSTICK_Callback                     0x0800354d   Thumb Code     2  stm32f4xx_hal_cortex.o(i.HAL_SYSTICK_Callback)
    HAL_SYSTICK_Config                       0x0800354f   Thumb Code    52  stm32f4xx_hal_cortex.o(i.HAL_SYSTICK_Config)
    HAL_SYSTICK_IRQHandler                   0x08003583   Thumb Code     8  stm32f4xx_hal_cortex.o(i.HAL_SYSTICK_IRQHandler)
    HAL_UART_AbortReceiveCpltCallback        0x0800358b   Thumb Code     2  stm32f4xx_hal_uart.o(i.HAL_UART_AbortReceiveCpltCallback)
    HAL_UART_AbortReceive_IT                 0x0800358d   Thumb Code   114  stm32f4xx_hal_uart.o(i.HAL_UART_AbortReceive_IT)
    HAL_UART_ErrorCallback                   0x08003605   Thumb Code     2  stm32f4xx_hal_uart.o(i.HAL_UART_ErrorCallback)
    HAL_UART_IRQHandler                      0x08003609   Thumb Code   326  stm32f4xx_hal_uart.o(i.HAL_UART_IRQHandler)
    HAL_UART_Init                            0x08003755   Thumb Code   114  stm32f4xx_hal_uart.o(i.HAL_UART_Init)
    HAL_UART_MspInit                         0x080037c9   Thumb Code   362  usart.o(i.HAL_UART_MspInit)
    HAL_UART_RxCpltCallback                  0x08003955   Thumb Code   226  communication.o(i.HAL_UART_RxCpltCallback)
    HAL_UART_Transmit                        0x08003a65   Thumb Code   214  stm32f4xx_hal_uart.o(i.HAL_UART_Transmit)
    HAL_UART_TxCpltCallback                  0x08003b3b   Thumb Code     2  stm32f4xx_hal_uart.o(i.HAL_UART_TxCpltCallback)
    HardFault_Handler                        0x08003b3d   Thumb Code     4  stm32f4xx_it.o(i.HardFault_Handler)
    HoldCanReceive                           0x08003b41   Thumb Code    40  communication.o(i.HoldCanReceive)
    InitAutoPilot                            0x08003b6d   Thumb Code     8  autopilot.o(i.InitAutoPilot)
    LCD_Clear                                0x08003b79   Thumb Code    58  lcd.o(i.LCD_Clear)
    LCD_Display_Dir                          0x08003bc1   Thumb Code   376  lcd.o(i.LCD_Display_Dir)
    LCD_Fast_DrawPoint                       0x08003d41   Thumb Code   278  lcd.o(i.LCD_Fast_DrawPoint)
    LCD_Fill                                 0x08003e65   Thumb Code   104  lcd.o(i.LCD_Fill)
    LCD_Init                                 0x08003ed5   Thumb Code  9276  lcd.o(i.LCD_Init)
    LCD_RD_DATA                              0x0800631d   Thumb Code    14  lcd.o(i.LCD_RD_DATA)
    LCD_SSD_BackLightSet                     0x08006331   Thumb Code    88  lcd.o(i.LCD_SSD_BackLightSet)
    LCD_Scan_Dir                             0x08006391   Thumb Code   624  lcd.o(i.LCD_Scan_Dir)
    LCD_SetCursor                            0x08006605   Thumb Code   306  lcd.o(i.LCD_SetCursor)
    LCD_ShowChar                             0x0800673d   Thumb Code   288  lcd.o(i.LCD_ShowChar)
    LCD_ShowString                           0x08006879   Thumb Code   102  lcd.o(i.LCD_ShowString)
    LCD_WR_DATA                              0x080068e1   Thumb Code    18  lcd.o(i.LCD_WR_DATA)
    LCD_WR_REG                               0x080068f9   Thumb Code    18  lcd.o(i.LCD_WR_REG)
    LCD_WriteRAM_Prepare                     0x08006911   Thumb Code    10  lcd.o(i.LCD_WriteRAM_Prepare)
    LCD_WriteReg                             0x08006925   Thumb Code    10  lcd.o(i.LCD_WriteReg)
    LTDC_Clear                               0x08006935   Thumb Code    32  ltdc.o(i.LTDC_Clear)
    LTDC_Clk_Set                             0x08006959   Thumb Code    38  ltdc.o(i.LTDC_Clk_Set)
    LTDC_Display_Dir                         0x08006981   Thumb Code    40  ltdc.o(i.LTDC_Display_Dir)
    LTDC_Draw_Point                          0x080069ad   Thumb Code    70  ltdc.o(i.LTDC_Draw_Point)
    LTDC_Fill                                0x080069fd   Thumb Code   340  ltdc.o(i.LTDC_Fill)
    LTDC_Init                                0x08006b61   Thumb Code   606  ltdc.o(i.LTDC_Init)
    LTDC_Layer_Parameter_Config              0x08006ddd   Thumb Code   114  ltdc.o(i.LTDC_Layer_Parameter_Config)
    LTDC_Layer_Window_Config                 0x08006e59   Thumb Code    44  ltdc.o(i.LTDC_Layer_Window_Config)
    LTDC_PanelID_Read                        0x08006e89   Thumb Code   198  ltdc.o(i.LTDC_PanelID_Read)
    LTDC_Select_Layer                        0x08006f5d   Thumb Code     6  ltdc.o(i.LTDC_Select_Layer)
    MX_CAN1_Init                             0x0800717d   Thumb Code    58  can.o(i.MX_CAN1_Init)
    MX_GPIO_Init                             0x080071c1   Thumb Code   162  gpio.o(i.MX_GPIO_Init)
    MX_UART4_Init                            0x0800726d   Thumb Code    46  usart.o(i.MX_UART4_Init)
    MX_USART1_UART_Init                      0x080072a5   Thumb Code    46  usart.o(i.MX_USART1_UART_Init)
    MX_USART2_UART_Init                      0x080072dd   Thumb Code    46  usart.o(i.MX_USART2_UART_Init)
    MX_USART3_UART_Init                      0x08007315   Thumb Code    46  usart.o(i.MX_USART3_UART_Init)
    MemManage_Handler                        0x0800734d   Thumb Code     4  stm32f4xx_it.o(i.MemManage_Handler)
    NMI_Handler                              0x08007351   Thumb Code     2  stm32f4xx_it.o(i.NMI_Handler)
    PendSV_Handler                           0x0800738d   Thumb Code     2  stm32f4xx_it.o(i.PendSV_Handler)
    PilotAuto                                0x08007391   Thumb Code   512  autopilot.o(i.PilotAuto)
    PilotBleTransfer                         0x080075a9   Thumb Code   408  autopilot.o(i.PilotBleTransfer)
    PilotIdle                                0x0800774d   Thumb Code    52  autopilot.o(i.PilotIdle)
    PilotInit                                0x08007785   Thumb Code    46  autopilot.o(i.PilotInit)
    PilotManualWork                          0x080077b9   Thumb Code    48  autopilot.o(i.PilotManualWork)
    PilotSupply                              0x080077e9   Thumb Code   100  autopilot.o(i.PilotSupply)
    PilotTransition                          0x08007855   Thumb Code    26  autopilot.o(i.PilotTransition)
    ReckonPose                               0x08007871   Thumb Code   372  autopilot.o(i.ReckonPose)
    RotateTheta4Point                        0x080079f9   Thumb Code   248  commonalg.o(i.RotateTheta4Point)
    RunPilot                                 0x08007af1   Thumb Code  1280  autopilot.o(i.RunPilot)
    SDRAM_Init                               0x08007ff9   Thumb Code   106  sdram.o(i.SDRAM_Init)
    SDRAM_Initialization_Sequence            0x0800806d   Thumb Code    66  sdram.o(i.SDRAM_Initialization_Sequence)
    SDRAM_Send_Cmd                           0x080080b1   Thumb Code    68  sdram.o(i.SDRAM_Send_Cmd)
    STMFLASH_GetFlashSector                  0x080080f9   Thumb Code   236  stmflash.o(i.STMFLASH_GetFlashSector)
    STMFLASH_Read                            0x0800823d   Thumb Code    32  stmflash.o(i.STMFLASH_Read)
    STMFLASH_ReadWord                        0x0800825d   Thumb Code     6  stmflash.o(i.STMFLASH_ReadWord)
    STMFLASH_Write                           0x08008265   Thumb Code   174  stmflash.o(i.STMFLASH_Write)
    SVC_Handler                              0x08008319   Thumb Code     2  stm32f4xx_it.o(i.SVC_Handler)
    SendSpeed                                0x0800831d   Thumb Code    30  communication.o(i.SendSpeed)
    SetDriverMode                            0x08008345   Thumb Code    22  communication.o(i.SetDriverMode)
    SetEngineMode                            0x08008365   Thumb Code    22  communication.o(i.SetEngineMode)
    SetNeedRestartCanReceive                 0x08008385   Thumb Code     6  communication.o(i.SetNeedRestartCanReceive)
    SetPilotErr                              0x08008391   Thumb Code     6  autopilot.o(i.SetPilotErr)
    SetPose                                  0x0800839d   Thumb Code    60  autopilot.o(i.SetPose)
    SetSpeed                                 0x080083e9   Thumb Code   832  autopilot.o(i.SetSpeed)
    SetSupplyState                           0x08008771   Thumb Code    18  stmflash.o(i.SetSupplyState)
    SysTick_Handler                          0x08008789   Thumb Code    12  stm32f4xx_it.o(i.SysTick_Handler)
    SystemClock_Config                       0x08008795   Thumb Code   200  main.o(i.SystemClock_Config)
    SystemInit                               0x08008865   Thumb Code    82  system_stm32f4xx.o(i.SystemInit)
    UART4_IRQHandler                         0x080088c9   Thumb Code    10  stm32f4xx_it.o(i.UART4_IRQHandler)
    USART1_IRQHandler                        0x08008e1d   Thumb Code    10  stm32f4xx_it.o(i.USART1_IRQHandler)
    USART2_IRQHandler                        0x08008e2d   Thumb Code    10  stm32f4xx_it.o(i.USART2_IRQHandler)
    USART3_IRQHandler                        0x08008e3d   Thumb Code    10  stm32f4xx_it.o(i.USART3_IRQHandler)
    UsageFault_Handler                       0x08008e4d   Thumb Code     4  stm32f4xx_it.o(i.UsageFault_Handler)
    __0sprintf                               0x08008e51   Thumb Code    34  printfa.o(i.__0sprintf)
    __1sprintf                               0x08008e51   Thumb Code     0  printfa.o(i.__0sprintf)
    __2sprintf                               0x08008e51   Thumb Code     0  printfa.o(i.__0sprintf)
    __c89sprintf                             0x08008e51   Thumb Code     0  printfa.o(i.__0sprintf)
    sprintf                                  0x08008e51   Thumb Code     0  printfa.o(i.__0sprintf)
    __ARM_fpclassify                         0x08008e79   Thumb Code    48  fpclassify.o(i.__ARM_fpclassify)
    __hardfp_atan                            0x08008ea9   Thumb Code   622  atan.o(i.__hardfp_atan)
    __hardfp_cos                             0x08009181   Thumb Code   180  cos.o(i.__hardfp_cos)
    __hardfp_pow                             0x08009249   Thumb Code  3072  pow.o(i.__hardfp_pow)
    __hardfp_sin                             0x08009e99   Thumb Code   180  sin.o(i.__hardfp_sin)
    __hardfp_sqrt                            0x08009f61   Thumb Code   122  sqrt.o(i.__hardfp_sqrt)
    __ieee754_rem_pio2                       0x08009fe1   Thumb Code   938  rred.o(i.__ieee754_rem_pio2)
    __kernel_cos                             0x0800a419   Thumb Code   322  cos_i.o(i.__kernel_cos)
    __kernel_poly                            0x0800a589   Thumb Code   248  poly.o(i.__kernel_poly)
    __kernel_sin                             0x0800a681   Thumb Code   280  sin_i.o(i.__kernel_sin)
    __mathlib_dbl_divzero                    0x0800a7b1   Thumb Code    28  dunder.o(i.__mathlib_dbl_divzero)
    __mathlib_dbl_infnan                     0x0800a7e1   Thumb Code    20  dunder.o(i.__mathlib_dbl_infnan)
    __mathlib_dbl_infnan2                    0x0800a7f5   Thumb Code    20  dunder.o(i.__mathlib_dbl_infnan2)
    __mathlib_dbl_invalid                    0x0800a809   Thumb Code    24  dunder.o(i.__mathlib_dbl_invalid)
    __mathlib_dbl_overflow                   0x0800a829   Thumb Code    24  dunder.o(i.__mathlib_dbl_overflow)
    __mathlib_dbl_underflow                  0x0800a849   Thumb Code    24  dunder.o(i.__mathlib_dbl_underflow)
    __scatterload_copy                       0x0800a869   Thumb Code    14  handlers.o(i.__scatterload_copy)
    __scatterload_null                       0x0800a877   Thumb Code     2  handlers.o(i.__scatterload_null)
    __scatterload_zeroinit                   0x0800a879   Thumb Code    14  handlers.o(i.__scatterload_zeroinit)
    __set_errno                              0x0800a889   Thumb Code     6  errno.o(i.__set_errno)
    ackApp                                   0x0800b131   Thumb Code    38  communication.o(i.ackApp)
    addPathPoint                             0x0800b161   Thumb Code    50  pathdata.o(i.addPathPoint)
    assemAppAck                              0x0800b1a1   Thumb Code   108  communication.o(i.assemAppAck)
    byhhReceiveUsart                         0x0800b211   Thumb Code   106  communication.o(i.byhhReceiveUsart)
    cvtGpsPt2Xy                              0x0800b27d   Thumb Code   202  pathdata.o(i.cvtGpsPt2Xy)
    cvtINMData2Pose                          0x0800b359   Thumb Code   268  autopilot.o(i.cvtINMData2Pose)
    cvtXyPt2Gps                              0x0800b479   Thumb Code   154  pathdata.o(i.cvtXyPt2Gps)
    delay_ms                                 0x0800b525   Thumb Code    24  delay.o(i.delay_ms)
    delay_us                                 0x0800b53d   Thumb Code    68  delay.o(i.delay_us)
    fabs                                     0x0800b585   Thumb Code    24  fabs.o(i.fabs)
    getCurPathId                             0x0800b59d   Thumb Code     6  pathdata.o(i.getCurPathId)
    getCurPathPoint                          0x0800b5a9   Thumb Code    52  pathdata.o(i.getCurPathPoint)
    getIMUData                               0x0800b5e9   Thumb Code    16  communication.o(i.getIMUData)
    getINMData                               0x0800b5fd   Thumb Code    16  communication.o(i.getINMData)
    getPathPoint                             0x0800b611   Thumb Code    38  pathdata.o(i.getPathPoint)
    getPathPointNum                          0x0800b641   Thumb Code     6  pathdata.o(i.getPathPointNum)
    initCan1                                 0x0800b64d   Thumb Code   194  communication.o(i.initCan1)
    initPathPointsData                       0x0800b72d   Thumb Code    20  pathdata.o(i.initPathPointsData)
    intoPilotAuto                            0x0800b74d   Thumb Code    22  autopilot.o(i.intoPilotAuto)
    intoPilotManualWork                      0x0800b763   Thumb Code    22  autopilot.o(i.intoPilotManualWork)
    intoPilotSupply                          0x0800b779   Thumb Code    40  autopilot.o(i.intoPilotSupply)
    intoPilotTransition                      0x0800b7a9   Thumb Code    26  autopilot.o(i.intoPilotTransition)
    isBleDoing                               0x0800b7c5   Thumb Code     6  communication.o(i.isBleDoing)
    isPathDataFileExist                      0x0800b7d1   Thumb Code     6  pathdata.o(i.isPathDataFileExist)
    lcdshow                                  0x0800b7dd   Thumb Code    48  lcd_show.o(i.lcdshow)
    lcdshowBLEdata                           0x0800b80d   Thumb Code   114  lcd_show.o(i.lcdshowBLEdata)
    lcdshowbatteryvolt                       0x0800b8ad   Thumb Code    98  lcd_show.o(i.lcdshowbatteryvolt)
    lcdshowcmd                               0x0800b92d   Thumb Code   178  lcd_show.o(i.lcdshowcmd)
    lcdshowdrivermode                        0x0800ba7d   Thumb Code   102  lcd_show.o(i.lcdshowdrivermode)
    lcdshowenginemode                        0x0800bb41   Thumb Code    86  lcd_show.o(i.lcdshowenginemode)
    lcdshowimudata                           0x0800bbd9   Thumb Code   224  lcd_show.o(i.lcdshowimudata)
    lcdshowinmdata                           0x0800bcf1   Thumb Code   180  lcd_show.o(i.lcdshowinmdata)
    lcdshowpilotstate                        0x0800bdb1   Thumb Code   156  lcd_show.o(i.lcdshowpilotstate)
    lcdshowtanklevel                         0x0800bf1d   Thumb Code   106  lcd_show.o(i.lcdshowtanklevel)
    main                                     0x0800bfa5   Thumb Code    60  main.o(i.main)
    moveCurPpt2Next                          0x0800bfe1   Thumb Code    12  pathdata.o(i.moveCurPpt2Next)
    receiveAPPCmd                            0x0800bff1   Thumb Code    34  communication.o(i.receiveAPPCmd)
    receiveIMUData                           0x0800c01d   Thumb Code   218  communication.o(i.receiveIMUData)
    receiveINMData                           0x0800c115   Thumb Code    88  communication.o(i.receiveINMData)
    runController                            0x0800c179   Thumb Code  2322  pathfollower.o(i.runController)
    setCurPathPointId                        0x0800cad5   Thumb Code     6  pathdata.o(i.setCurPathPointId)
    setHBBatteryPercentage                   0x0800cae1   Thumb Code    76  communication.o(i.setHBBatteryPercentage)
    setHBEngineState                         0x0800cb3d   Thumb Code    30  communication.o(i.setHBEngineState)
    setHBFileExist                           0x0800cb61   Thumb Code    30  communication.o(i.setHBFileExist)
    setHBPilotState                          0x0800cb85   Thumb Code     6  communication.o(i.setHBPilotState)
    setHBPose                                0x0800cb91   Thumb Code   236  communication.o(i.setHBPose)
    setHBRtkState                            0x0800cc9d   Thumb Code    34  communication.o(i.setHBRtkState)
    setHBServorAlarm                         0x0800ccc5   Thumb Code    30  communication.o(i.setHBServorAlarm)
    setHBTankLevel                           0x0800cce9   Thumb Code     6  communication.o(i.setHBTankLevel)
    setPathDataFileExist                     0x0800ccf5   Thumb Code     8  pathdata.o(i.setPathDataFileExist)
    sqrt                                     0x0800cd01   Thumb Code   110  sqrt.o(i.sqrt)
    startReceiveBleFile                      0x0800cd71   Thumb Code    20  communication.o(i.startReceiveBleFile)
    stopReceiveBleFile                       0x0800cd91   Thumb Code    20  communication.o(i.stopReceiveBleFile)
    updateBaseLocationByFile                 0x0800cdb1   Thumb Code    26  pathdata.o(i.updateBaseLocationByFile)
    updateIMUData                            0x0800cdd9   Thumb Code   120  communication.o(i.updateIMUData)
    updateLoRaData                           0x0800ce65   Thumb Code   114  communication.o(i.updateLoRaData)
    updateRS232Data                          0x0800cef1   Thumb Code   104  communication.o(i.updateRS232Data)
    AHBPrescTable                            0x0800cf6c   Data          16  system_stm32f4xx.o(.constdata)
    APBPrescTable                            0x0800cf7c   Data           8  system_stm32f4xx.o(.constdata)
    asc2_1206                                0x0800cf84   Data        1140  lcd.o(.constdata)
    asc2_1608                                0x0800d3f8   Data        1520  lcd.o(.constdata)
    asc2_2412                                0x0800d9e8   Data        3420  lcd.o(.constdata)
    asc2_3216                                0x0800e744   Data       12160  lcd.o(.constdata)
    __mathlib_zero                           0x08011818   Data           8  qnan.o(.constdata)
    Region$$Table$$Base                      0x080119ac   Number         0  anon$$obj.o(Region$$Table)
    Region$$Table$$Limit                     0x080119cc   Number         0  anon$$obj.o(Region$$Table)
    g_lora_data_new                          0x20000000   Data           1  communication.o(.data)
    LORA_REGISTER                            0x20000001   Data           3  communication.o(.data)
    LORA_REG_VALID                           0x20000004   Data           1  communication.o(.data)
    RS232_REG_VALID                          0x20000005   Data           1  communication.o(.data)
    g_rs232_data_new                         0x20000006   Data           1  communication.o(.data)
    IMU_REG_VALID                            0x20000007   Data           1  communication.o(.data)
    g_imu_data_new                           0x20000008   Data           1  communication.o(.data)
    gDriverMode                              0x20000009   Data           1  communication.o(.data)
    gDriverModeNew                           0x2000000a   Data           1  communication.o(.data)
    gEngineMode                              0x2000000b   Data           1  communication.o(.data)
    gEngineModeNew                           0x2000000c   Data           1  communication.o(.data)
    gTankLevel                               0x2000000d   Data           1  communication.o(.data)
    gTankLevelNew                            0x2000000e   Data           1  communication.o(.data)
    gBaterryVolt                             0x20000010   Data           2  communication.o(.data)
    gBaterryVoltNew                          0x20000012   Data           1  communication.o(.data)
    gServorAlarm                             0x20000014   Data           2  communication.o(.data)
    gServerAlarmNew                          0x20000016   Data           1  communication.o(.data)
    gNeedRestartCanReceive                   0x20000017   Data           1  communication.o(.data)
    ble_byte                                 0x20000018   Data           1  communication.o(.data)
    ble_bytes_count                          0x20000019   Data           1  communication.o(.data)
    ble_frame_start_time                     0x2000001c   Data           4  communication.o(.data)
    gBleDoing                                0x20000020   Data           1  communication.o(.data)
    gBaseLongitude                           0x20000028   Data           8  pathdata.o(.data)
    gBaseLatitude                            0x20000030   Data           8  pathdata.o(.data)
    gValidPathPtNum                          0x20000038   Data           4  pathdata.o(.data)
    gCurPathId                               0x2000003c   Data           2  pathdata.o(.data)
    gPathDataFileExist                       0x2000003e   Data           1  pathdata.o(.data)
    gPilotState                              0x20000040   Data           1  autopilot.o(.data)
    gSupplyEngineStopTime                    0x20000044   Data           4  autopilot.o(.data)
    gSupplyEngineStartFlag                   0x20000048   Data           1  autopilot.o(.data)
    gSpeed                                   0x2000004c   Data           8  autopilot.o(.data)
    gIsPoseUpdate                            0x20000054   Data           1  autopilot.o(.data)
    gPoseUpdateTime                          0x20000058   Data           4  autopilot.o(.data)
    gPoseReckonTime                          0x2000005c   Data           4  autopilot.o(.data)
    gPilotErr                                0x20000060   Data           1  autopilot.o(.data)
    crs_debug                                0x20000080   Data           1  debug.o(.data)
    yerr_debug                               0x20000084   Data           4  debug.o(.data)
    xerr_debug                               0x20000088   Data           4  debug.o(.data)
    curx_debug                               0x2000008c   Data           4  debug.o(.data)
    cury_debug                               0x20000090   Data           4  debug.o(.data)
    SystemCoreClock                          0x20000094   Data           4  system_stm32f4xx.o(.data)
    uwTick                                   0x20000098   Data           4  stm32f4xx_hal.o(.data)
    POINT_COLOR                              0x2000009c   Data           4  lcd.o(.data)
    BACK_COLOR                               0x200000a0   Data           4  lcd.o(.data)
    ltdc_framebuf                            0x200000a4   Data           8  ltdc.o(.data)
    huart4                                   0x200000b4   Data          64  usart.o(.bss)
    huart1                                   0x200000f4   Data          64  usart.o(.bss)
    huart2                                   0x20000134   Data          64  usart.o(.bss)
    huart3                                   0x20000174   Data          64  usart.o(.bss)
    hcan1                                    0x200001b4   Data          68  can.o(.bss)
    lora_buf                                 0x200001f8   Data          13  communication.o(.bss)
    lora_buf_tmp                             0x20000205   Data          13  communication.o(.bss)
    gHeartBeat                               0x20000214   Data          16  communication.o(.bss)
    gAppAck                                  0x20000224   Data          22  communication.o(.bss)
    RS232_REGISTER                           0x2000023a   Data          34  communication.o(.bss)
    rs232_buf                                0x2000025c   Data          44  communication.o(.bss)
    gINMData                                 0x20000288   Data          36  communication.o(.bss)
    IMU_REGISTER                             0x200002ac   Data          11  communication.o(.bss)
    imu_buf                                  0x200002b7   Data          21  communication.o(.bss)
    gIMUData                                 0x200002cc   Data          12  communication.o(.bss)
    gCanReceiveFilter1                       0x20000350   Data          40  communication.o(.bss)
    gCanReceiveFilter2                       0x20000378   Data          40  communication.o(.bss)
    ble_buf                                  0x200003a0   Data          30  communication.o(.bss)
    gPose                                    0x200003c0   Data          12  autopilot.o(.bss)
    pFlash                                   0x20000494   Data          32  stm32f4xx_hal_flash.o(.bss)
    SDRAM_Handler                            0x200004b4   Data          52  sdram.o(.bss)
    SRAM_Handler                             0x200004e8   Data          80  lcd.o(.bss)
    lcddev                                   0x20000538   Data          14  lcd.o(.bss)
    LTDC_Handler                             0x20000548   Data         168  ltdc.o(.bss)
    DMA2D_Handler                            0x200005f0   Data          64  ltdc.o(.bss)
    lcdltdc                                  0x20000630   Data          32  ltdc.o(.bss)
    __initial_sp                             0x2000f650   Data           0  startup_stm32f429xx.o(STACK)
    gPathPoints                              0xc0000000   Data       20000000  pathdata.o(.ARM.__AT_0xC0000000)
    ltdc_lcd_framebuf                        0xc1784000   Data       2048000  ltdc.o(.ARM.__AT_0xC1784000)



==============================================================================

Memory Map of the image

  Image Entry point : 0x080001ad

  Load Region LR_IROM1 (Base: 0x08000000, Size: 0x00011a80, Max: 0x00100000, ABSOLUTE)

    Execution Region ER_IROM1 (Base: 0x08000000, Size: 0x000119cc, Max: 0x00100000, ABSOLUTE)

    Base Addr    Size         Type   Attr      Idx    E Section Name        Object

    0x08000000   0x000001ac   Data   RO         1084    RESET               startup_stm32f429xx.o
    0x080001ac   0x00000000   Code   RO         4275  * .ARM.Collect$$$$00000000  mc_w.l(entry.o)
    0x080001ac   0x00000004   Code   RO         4604    .ARM.Collect$$$$00000001  mc_w.l(entry2.o)
    0x080001b0   0x00000004   Code   RO         4607    .ARM.Collect$$$$00000004  mc_w.l(entry5.o)
    0x080001b4   0x00000000   Code   RO         4609    .ARM.Collect$$$$00000008  mc_w.l(entry7b.o)
    0x080001b4   0x00000000   Code   RO         4611    .ARM.Collect$$$$0000000A  mc_w.l(entry8b.o)
    0x080001b4   0x00000008   Code   RO         4612    .ARM.Collect$$$$0000000B  mc_w.l(entry9a.o)
    0x080001bc   0x00000000   Code   RO         4614    .ARM.Collect$$$$0000000D  mc_w.l(entry10a.o)
    0x080001bc   0x00000000   Code   RO         4616    .ARM.Collect$$$$0000000F  mc_w.l(entry11a.o)
    0x080001bc   0x00000004   Code   RO         4605    .ARM.Collect$$$$00002712  mc_w.l(entry2.o)
    0x080001c0   0x00000024   Code   RO         1085    .text               startup_stm32f429xx.o
    0x080001e4   0x00000024   Code   RO         4278    .text               mc_w.l(memcpya.o)
    0x08000208   0x0000014e   Code   RO         4543    .text               mf_w.l(dadd.o)
    0x08000356   0x000000e4   Code   RO         4545    .text               mf_w.l(dmul.o)
    0x0800043a   0x000000de   Code   RO         4547    .text               mf_w.l(ddiv.o)
    0x08000518   0x00000022   Code   RO         4549    .text               mf_w.l(dflti.o)
    0x0800053a   0x0000001a   Code   RO         4551    .text               mf_w.l(dfltui.o)
    0x08000554   0x0000003e   Code   RO         4553    .text               mf_w.l(dfixi.o)
    0x08000592   0x00000032   Code   RO         4555    .text               mf_w.l(dfixui.o)
    0x080005c4   0x00000026   Code   RO         4557    .text               mf_w.l(f2d.o)
    0x080005ea   0x00000002   PAD
    0x080005ec   0x00000030   Code   RO         4559    .text               mf_w.l(cdcmple.o)
    0x0800061c   0x00000030   Code   RO         4561    .text               mf_w.l(cdrcmple.o)
    0x0800064c   0x00000038   Code   RO         4563    .text               mf_w.l(d2f.o)
    0x08000684   0x0000002c   Code   RO         4619    .text               mc_w.l(uidiv.o)
    0x080006b0   0x00000062   Code   RO         4621    .text               mc_w.l(uldiv.o)
    0x08000712   0x0000001e   Code   RO         4623    .text               mc_w.l(llshl.o)
    0x08000730   0x00000020   Code   RO         4625    .text               mc_w.l(llushr.o)
    0x08000750   0x00000024   Code   RO         4627    .text               mc_w.l(llsshr.o)
    0x08000774   0x00000000   Code   RO         4636    .text               mc_w.l(iusefp.o)
    0x08000774   0x0000006e   Code   RO         4637    .text               mf_w.l(fepilogue.o)
    0x080007e2   0x000000ba   Code   RO         4639    .text               mf_w.l(depilogue.o)
    0x0800089c   0x0000002e   Code   RO         4643    .text               mf_w.l(dscalb.o)
    0x080008ca   0x000000a2   Code   RO         4645    .text               mf_w.l(dsqrt.o)
    0x0800096c   0x00000030   Code   RO         4647    .text               mf_w.l(dfixul.o)
    0x0800099c   0x00000024   Code   RO         4649    .text               mc_w.l(init.o)
    0x080009c0   0x00000004   Code   RO          258    i.BusFault_Handler  stm32f4xx_it.o
    0x080009c4   0x00000010   Code   RO          259    i.CAN1_RX0_IRQHandler  stm32f4xx_it.o
    0x080009d4   0x000001c2   Code   RO         2599    i.CAN_Receive_IT    stm32f4xx_hal_can.o
    0x08000b96   0x00000062   Code   RO         2600    i.CAN_Transmit_IT   stm32f4xx_hal_can.o
    0x08000bf8   0x00000002   Code   RO          260    i.DebugMon_Handler  stm32f4xx_it.o
    0x08000bfa   0x00000004   Code   RO            4    i.Error_Handler     main.o
    0x08000bfe   0x00000002   PAD
    0x08000c00   0x0000006c   Code   RO         1193    i.FLASH_Erase_Sector  stm32f4xx_hal_flash_ex.o
    0x08000c6c   0x00000078   Code   RO         1194    i.FLASH_FlushCaches  stm32f4xx_hal_flash_ex.o
    0x08000ce4   0x00000054   Code   RO         1195    i.FLASH_MassErase   stm32f4xx_hal_flash_ex.o
    0x08000d38   0x00000024   Code   RO         1463    i.FLASH_Program_Byte  stm32f4xx_hal_flash.o
    0x08000d5c   0x0000002c   Code   RO         1464    i.FLASH_Program_DoubleWord  stm32f4xx_hal_flash.o
    0x08000d88   0x00000028   Code   RO         1465    i.FLASH_Program_HalfWord  stm32f4xx_hal_flash.o
    0x08000db0   0x00000028   Code   RO         1466    i.FLASH_Program_Word  stm32f4xx_hal_flash.o
    0x08000dd8   0x000000b4   Code   RO         1467    i.FLASH_SetErrorCode  stm32f4xx_hal_flash.o
    0x08000e8c   0x00000064   Code   RO         1468    i.FLASH_WaitForLastOperation  stm32f4xx_hal_flash.o
    0x08000ef0   0x00000048   Code   RO         2893    i.FMC_NORSRAM_Extended_Timing_Init  stm32f4xx_ll_fmc.o
    0x08000f38   0x00000074   Code   RO         2894    i.FMC_NORSRAM_Init  stm32f4xx_ll_fmc.o
    0x08000fac   0x0000005e   Code   RO         2895    i.FMC_NORSRAM_Timing_Init  stm32f4xx_ll_fmc.o
    0x0800100a   0x00000074   Code   RO         2905    i.FMC_SDRAM_Init    stm32f4xx_ll_fmc.o
    0x0800107e   0x0000000e   Code   RO         2906    i.FMC_SDRAM_ProgramRefreshRate  stm32f4xx_ll_fmc.o
    0x0800108c   0x00000052   Code   RO         2907    i.FMC_SDRAM_SendCommand  stm32f4xx_ll_fmc.o
    0x080010de   0x00000002   PAD
    0x080010e0   0x0000009c   Code   RO         2909    i.FMC_SDRAM_Timing_Init  stm32f4xx_ll_fmc.o
    0x0800117c   0x00000024   Code   RO          466    i.GetBatteryVolt    communication.o
    0x080011a0   0x00000024   Code   RO          467    i.GetDriverMode     communication.o
    0x080011c4   0x00000024   Code   RO          468    i.GetEngineMode     communication.o
    0x080011e8   0x0000000c   Code   RO          469    i.GetNeedRestartCanReceive  communication.o
    0x080011f4   0x0000000c   Code   RO          820    i.GetPilotErr       autopilot.o
    0x08001200   0x00000014   Code   RO          821    i.GetPose           autopilot.o
    0x08001214   0x0000000c   Code   RO          822    i.GetPoseUpdateTime  autopilot.o
    0x08001220   0x00000024   Code   RO          470    i.GetServorAlarm    communication.o
    0x08001244   0x00000018   Code   RO         4154    i.GetSupplyState    stmflash.o
    0x0800125c   0x00000024   Code   RO          471    i.GetTankLevel      communication.o
    0x08001280   0x0000012c   Code   RO          990    i.GetThetaFromVector  commonalg.o
    0x080013ac   0x00000108   Code   RO         2601    i.HAL_CAN_ConfigFilter  stm32f4xx_hal_can.o
    0x080014b4   0x00000002   Code   RO         2603    i.HAL_CAN_ErrorCallback  stm32f4xx_hal_can.o
    0x080014b6   0x00000002   PAD
    0x080014b8   0x00000254   Code   RO         2606    i.HAL_CAN_IRQHandler  stm32f4xx_hal_can.o
    0x0800170c   0x000001bc   Code   RO         2607    i.HAL_CAN_Init      stm32f4xx_hal_can.o
    0x080018c8   0x0000006c   Code   RO          425    i.HAL_CAN_MspInit   can.o
    0x08001934   0x0000010c   Code   RO         2611    i.HAL_CAN_Receive_IT  stm32f4xx_hal_can.o
    0x08001a40   0x000000c4   Code   RO          472    i.HAL_CAN_RxCpltCallback  communication.o
    0x08001b04   0x000002b8   Code   RO         2614    i.HAL_CAN_Transmit  stm32f4xx_hal_can.o
    0x08001dbc   0x00000002   Code   RO         2616    i.HAL_CAN_TxCpltCallback  stm32f4xx_hal_can.o
    0x08001dbe   0x00000028   Code   RO         2130    i.HAL_DMA_Abort_IT  stm32f4xx_hal_dma.o
    0x08001de6   0x0000001e   Code   RO         1660    i.HAL_Delay         stm32f4xx_hal.o
    0x08001e04   0x000000b0   Code   RO         1210    i.HAL_FLASHEx_Erase  stm32f4xx_hal_flash_ex.o
    0x08001eb4   0x00000014   Code   RO         1472    i.HAL_FLASH_Lock    stm32f4xx_hal_flash.o
    0x08001ec8   0x00000098   Code   RO         1477    i.HAL_FLASH_Program  stm32f4xx_hal_flash.o
    0x08001f60   0x0000002c   Code   RO         1479    i.HAL_FLASH_Unlock  stm32f4xx_hal_flash.o
    0x08001f8c   0x0000021c   Code   RO         2063    i.HAL_GPIO_Init     stm32f4xx_hal_gpio.o
    0x080021a8   0x00000010   Code   RO         2065    i.HAL_GPIO_ReadPin  stm32f4xx_hal_gpio.o
    0x080021b8   0x0000000c   Code   RO         2067    i.HAL_GPIO_WritePin  stm32f4xx_hal_gpio.o
    0x080021c4   0x0000000c   Code   RO         1668    i.HAL_GetTick       stm32f4xx_hal.o
    0x080021d0   0x00000010   Code   RO         1670    i.HAL_IncTick       stm32f4xx_hal.o
    0x080021e0   0x0000003c   Code   RO         1671    i.HAL_Init          stm32f4xx_hal.o
    0x0800221c   0x00000028   Code   RO         1672    i.HAL_InitTick      stm32f4xx_hal.o
    0x08002244   0x0000005e   Code   RO         3068    i.HAL_LTDC_ConfigLayer  stm32f4xx_hal_ltdc.o
    0x080022a2   0x00000002   PAD
    0x080022a4   0x0000011c   Code   RO         3085    i.HAL_LTDC_Init     stm32f4xx_hal_ltdc.o
    0x080023c0   0x0000015c   Code   RO         3927    i.HAL_LTDC_MspInit  ltdc.o
    0x0800251c   0x0000006c   Code   RO         3100    i.HAL_LTDC_SetWindowPosition  stm32f4xx_hal_ltdc.o
    0x08002588   0x0000006c   Code   RO         3102    i.HAL_LTDC_SetWindowSize  stm32f4xx_hal_ltdc.o
    0x080025f4   0x00000056   Code   RO          234    i.HAL_MspInit       stm32f4xx_hal_msp.o
    0x0800264a   0x0000001a   Code   RO         1823    i.HAL_NVIC_EnableIRQ  stm32f4xx_hal_cortex.o
    0x08002664   0x0000007c   Code   RO         1829    i.HAL_NVIC_SetPriority  stm32f4xx_hal_cortex.o
    0x080026e0   0x00000028   Code   RO         1830    i.HAL_NVIC_SetPriorityGrouping  stm32f4xx_hal_cortex.o
    0x08002708   0x000000a4   Code   RO         1587    i.HAL_PWREx_EnableOverDrive  stm32f4xx_hal_pwr_ex.o
    0x080027ac   0x00000370   Code   RO         1135    i.HAL_RCCEx_PeriphCLKConfig  stm32f4xx_hal_rcc_ex.o
    0x08002b1c   0x000001d0   Code   RO         1959    i.HAL_RCC_ClockConfig  stm32f4xx_hal_rcc.o
    0x08002cec   0x0000000c   Code   RO         1964    i.HAL_RCC_GetHCLKFreq  stm32f4xx_hal_rcc.o
    0x08002cf8   0x0000002c   Code   RO         1966    i.HAL_RCC_GetPCLK1Freq  stm32f4xx_hal_rcc.o
    0x08002d24   0x0000002c   Code   RO         1967    i.HAL_RCC_GetPCLK2Freq  stm32f4xx_hal_rcc.o
    0x08002d50   0x000000b4   Code   RO         1968    i.HAL_RCC_GetSysClockFreq  stm32f4xx_hal_rcc.o
    0x08002e04   0x0000044c   Code   RO         1971    i.HAL_RCC_OscConfig  stm32f4xx_hal_rcc.o
    0x08003250   0x00000040   Code   RO         2735    i.HAL_SDRAM_Init    stm32f4xx_hal_sdram.o
    0x08003290   0x00000134   Code   RO         3641    i.HAL_SDRAM_MspInit  sdram.o
    0x080033c4   0x00000028   Code   RO         2738    i.HAL_SDRAM_ProgramRefreshRate  stm32f4xx_hal_sdram.o
    0x080033ec   0x0000003a   Code   RO         2744    i.HAL_SDRAM_SendCommand  stm32f4xx_hal_sdram.o
    0x08003426   0x00000058   Code   RO         3523    i.HAL_SRAM_Init     stm32f4xx_hal_sram.o
    0x0800347e   0x00000002   PAD
    0x08003480   0x000000a4   Code   RO         3699    i.HAL_SRAM_MspInit  lcd.o
    0x08003524   0x00000028   Code   RO         1832    i.HAL_SYSTICK_CLKSourceConfig  stm32f4xx_hal_cortex.o
    0x0800354c   0x00000002   Code   RO         1833    i.HAL_SYSTICK_Callback  stm32f4xx_hal_cortex.o
    0x0800354e   0x00000034   Code   RO         1834    i.HAL_SYSTICK_Config  stm32f4xx_hal_cortex.o
    0x08003582   0x00000008   Code   RO         1835    i.HAL_SYSTICK_IRQHandler  stm32f4xx_hal_cortex.o
    0x0800358a   0x00000002   Code   RO         2243    i.HAL_UART_AbortReceiveCpltCallback  stm32f4xx_hal_uart.o
    0x0800358c   0x00000078   Code   RO         2244    i.HAL_UART_AbortReceive_IT  stm32f4xx_hal_uart.o
    0x08003604   0x00000002   Code   RO         2253    i.HAL_UART_ErrorCallback  stm32f4xx_hal_uart.o
    0x08003606   0x00000002   PAD
    0x08003608   0x0000014c   Code   RO         2256    i.HAL_UART_IRQHandler  stm32f4xx_hal_uart.o
    0x08003754   0x00000072   Code   RO         2257    i.HAL_UART_Init     stm32f4xx_hal_uart.o
    0x080037c6   0x00000002   PAD
    0x080037c8   0x0000018c   Code   RO          365    i.HAL_UART_MspInit  usart.o
    0x08003954   0x00000110   Code   RO          473    i.HAL_UART_RxCpltCallback  communication.o
    0x08003a64   0x000000d6   Code   RO         2265    i.HAL_UART_Transmit  stm32f4xx_hal_uart.o
    0x08003b3a   0x00000002   Code   RO         2268    i.HAL_UART_TxCpltCallback  stm32f4xx_hal_uart.o
    0x08003b3c   0x00000004   Code   RO          261    i.HardFault_Handler  stm32f4xx_it.o
    0x08003b40   0x0000002c   Code   RO          474    i.HoldCanReceive    communication.o
    0x08003b6c   0x0000000c   Code   RO          824    i.InitAutoPilot     autopilot.o
    0x08003b78   0x00000048   Code   RO         3701    i.LCD_Clear         lcd.o
    0x08003bc0   0x00000180   Code   RO         3705    i.LCD_Display_Dir   lcd.o
    0x08003d40   0x00000124   Code   RO         3710    i.LCD_Fast_DrawPoint  lcd.o
    0x08003e64   0x00000070   Code   RO         3711    i.LCD_Fill          lcd.o
    0x08003ed4   0x00002448   Code   RO         3712    i.LCD_Init          lcd.o
    0x0800631c   0x00000014   Code   RO         3714    i.LCD_RD_DATA       lcd.o
    0x08006330   0x00000060   Code   RO         3717    i.LCD_SSD_BackLightSet  lcd.o
    0x08006390   0x00000274   Code   RO         3718    i.LCD_Scan_Dir      lcd.o
    0x08006604   0x00000138   Code   RO         3719    i.LCD_SetCursor     lcd.o
    0x0800673c   0x0000013c   Code   RO         3721    i.LCD_ShowChar      lcd.o
    0x08006878   0x00000066   Code   RO         3723    i.LCD_ShowString    lcd.o
    0x080068de   0x00000002   PAD
    0x080068e0   0x00000018   Code   RO         3725    i.LCD_WR_DATA       lcd.o
    0x080068f8   0x00000018   Code   RO         3726    i.LCD_WR_REG        lcd.o
    0x08006910   0x00000014   Code   RO         3728    i.LCD_WriteRAM_Prepare  lcd.o
    0x08006924   0x00000010   Code   RO         3729    i.LCD_WriteReg      lcd.o
    0x08006934   0x00000024   Code   RO         3928    i.LTDC_Clear        ltdc.o
    0x08006958   0x00000026   Code   RO         3929    i.LTDC_Clk_Set      ltdc.o
    0x0800697e   0x00000002   PAD
    0x08006980   0x0000002c   Code   RO         3931    i.LTDC_Display_Dir  ltdc.o
    0x080069ac   0x00000050   Code   RO         3932    i.LTDC_Draw_Point   ltdc.o
    0x080069fc   0x00000164   Code   RO         3933    i.LTDC_Fill         ltdc.o
    0x08006b60   0x0000027c   Code   RO         3934    i.LTDC_Init         ltdc.o
    0x08006ddc   0x0000007c   Code   RO         3935    i.LTDC_Layer_Parameter_Config  ltdc.o
    0x08006e58   0x00000030   Code   RO         3937    i.LTDC_Layer_Window_Config  ltdc.o
    0x08006e88   0x000000d4   Code   RO         3938    i.LTDC_PanelID_Read  ltdc.o
    0x08006f5c   0x0000000c   Code   RO         3940    i.LTDC_Select_Layer  ltdc.o
    0x08006f68   0x00000212   Code   RO         3104    i.LTDC_SetConfig    stm32f4xx_hal_ltdc.o
    0x0800717a   0x00000002   PAD
    0x0800717c   0x00000044   Code   RO          426    i.MX_CAN1_Init      can.o
    0x080071c0   0x000000ac   Code   RO          210    i.MX_GPIO_Init      gpio.o
    0x0800726c   0x00000038   Code   RO          366    i.MX_UART4_Init     usart.o
    0x080072a4   0x00000038   Code   RO          367    i.MX_USART1_UART_Init  usart.o
    0x080072dc   0x00000038   Code   RO          368    i.MX_USART2_UART_Init  usart.o
    0x08007314   0x00000038   Code   RO          369    i.MX_USART3_UART_Init  usart.o
    0x0800734c   0x00000004   Code   RO          262    i.MemManage_Handler  stm32f4xx_it.o
    0x08007350   0x00000002   Code   RO          263    i.NMI_Handler       stm32f4xx_it.o
    0x08007352   0x00000002   PAD
    0x08007354   0x00000010   Code   RO         1836    i.NVIC_GetPriorityGrouping  stm32f4xx_hal_cortex.o
    0x08007364   0x00000028   Code   RO         1837    i.NVIC_SetPriority  stm32f4xx_hal_cortex.o
    0x0800738c   0x00000002   Code   RO          264    i.PendSV_Handler    stm32f4xx_it.o
    0x0800738e   0x00000002   PAD
    0x08007390   0x00000218   Code   RO          825    i.PilotAuto         autopilot.o
    0x080075a8   0x000001a4   Code   RO          826    i.PilotBleTransfer  autopilot.o
    0x0800774c   0x00000038   Code   RO          827    i.PilotIdle         autopilot.o
    0x08007784   0x00000034   Code   RO          828    i.PilotInit         autopilot.o
    0x080077b8   0x00000030   Code   RO          829    i.PilotManualWork   autopilot.o
    0x080077e8   0x0000006c   Code   RO          830    i.PilotSupply       autopilot.o
    0x08007854   0x0000001a   Code   RO          831    i.PilotTransition   autopilot.o
    0x0800786e   0x00000002   PAD
    0x08007870   0x00000188   Code   RO          832    i.ReckonPose        autopilot.o
    0x080079f8   0x000000f8   Code   RO          991    i.RotateTheta4Point  commonalg.o
    0x08007af0   0x00000508   Code   RO          833    i.RunPilot          autopilot.o
    0x08007ff8   0x00000074   Code   RO         3642    i.SDRAM_Init        sdram.o
    0x0800806c   0x00000042   Code   RO         3643    i.SDRAM_Initialization_Sequence  sdram.o
    0x080080ae   0x00000002   PAD
    0x080080b0   0x00000048   Code   RO         3644    i.SDRAM_Send_Cmd    sdram.o
    0x080080f8   0x00000144   Code   RO         4155    i.STMFLASH_GetFlashSector  stmflash.o
    0x0800823c   0x00000020   Code   RO         4156    i.STMFLASH_Read     stmflash.o
    0x0800825c   0x00000006   Code   RO         4157    i.STMFLASH_ReadWord  stmflash.o
    0x08008262   0x00000002   PAD
    0x08008264   0x000000b4   Code   RO         4158    i.STMFLASH_Write    stmflash.o
    0x08008318   0x00000002   Code   RO          265    i.SVC_Handler       stm32f4xx_it.o
    0x0800831a   0x00000002   PAD
    0x0800831c   0x00000028   Code   RO          475    i.SendSpeed         communication.o
    0x08008344   0x00000020   Code   RO          476    i.SetDriverMode     communication.o
    0x08008364   0x00000020   Code   RO          477    i.SetEngineMode     communication.o
    0x08008384   0x0000000c   Code   RO          478    i.SetNeedRestartCanReceive  communication.o
    0x08008390   0x0000000c   Code   RO          834    i.SetPilotErr       autopilot.o
    0x0800839c   0x0000004c   Code   RO          835    i.SetPose           autopilot.o
    0x080083e8   0x00000388   Code   RO          836    i.SetSpeed          autopilot.o
    0x08008770   0x00000018   Code   RO         4159    i.SetSupplyState    stmflash.o
    0x08008788   0x0000000c   Code   RO          266    i.SysTick_Handler   stm32f4xx_it.o
    0x08008794   0x000000d0   Code   RO            5    i.SystemClock_Config  main.o
    0x08008864   0x00000064   Code   RO         1049    i.SystemInit        system_stm32f4xx.o
    0x080088c8   0x00000010   Code   RO          267    i.UART4_IRQHandler  stm32f4xx_it.o
    0x080088d8   0x00000014   Code   RO         2270    i.UART_DMAAbortOnError  stm32f4xx_hal_uart.o
    0x080088ec   0x00000018   Code   RO         2275    i.UART_DMARxOnlyAbortCallback  stm32f4xx_hal_uart.o
    0x08008904   0x00000020   Code   RO         2280    i.UART_EndRxTransfer  stm32f4xx_hal_uart.o
    0x08008924   0x00000020   Code   RO         2281    i.UART_EndTransmit_IT  stm32f4xx_hal_uart.o
    0x08008944   0x0000009a   Code   RO         2283    i.UART_Receive_IT   stm32f4xx_hal_uart.o
    0x080089de   0x00000002   PAD
    0x080089e0   0x00000368   Code   RO         2284    i.UART_SetConfig    stm32f4xx_hal_uart.o
    0x08008d48   0x00000068   Code   RO         2285    i.UART_Transmit_IT  stm32f4xx_hal_uart.o
    0x08008db0   0x0000006c   Code   RO         2286    i.UART_WaitOnFlagUntilTimeout  stm32f4xx_hal_uart.o
    0x08008e1c   0x00000010   Code   RO          268    i.USART1_IRQHandler  stm32f4xx_it.o
    0x08008e2c   0x00000010   Code   RO          269    i.USART2_IRQHandler  stm32f4xx_it.o
    0x08008e3c   0x00000010   Code   RO          270    i.USART3_IRQHandler  stm32f4xx_it.o
    0x08008e4c   0x00000004   Code   RO          271    i.UsageFault_Handler  stm32f4xx_it.o
    0x08008e50   0x00000028   Code   RO         4517    i.__0sprintf        mc_w.l(printfa.o)
    0x08008e78   0x00000030   Code   RO         4588    i.__ARM_fpclassify  m_wm.l(fpclassify.o)
    0x08008ea8   0x000002d8   Code   RO         4211    i.__hardfp_atan     m_wm.l(atan.o)
    0x08009180   0x000000c8   Code   RO         4225    i.__hardfp_cos      m_wm.l(cos.o)
    0x08009248   0x00000c50   Code   RO         4237    i.__hardfp_pow      m_wm.l(pow.o)
    0x08009e98   0x000000c8   Code   RO         4251    i.__hardfp_sin      m_wm.l(sin.o)
    0x08009f60   0x0000007a   Code   RO         4263    i.__hardfp_sqrt     m_wm.l(sqrt.o)
    0x08009fda   0x00000006   PAD
    0x08009fe0   0x00000438   Code   RO         4593    i.__ieee754_rem_pio2  m_wm.l(rred.o)
    0x0800a418   0x00000170   Code   RO         4565    i.__kernel_cos      m_wm.l(cos_i.o)
    0x0800a588   0x000000f8   Code   RO         4590    i.__kernel_poly     m_wm.l(poly.o)
    0x0800a680   0x00000130   Code   RO         4598    i.__kernel_sin      m_wm.l(sin_i.o)
    0x0800a7b0   0x00000030   Code   RO         4568    i.__mathlib_dbl_divzero  m_wm.l(dunder.o)
    0x0800a7e0   0x00000014   Code   RO         4569    i.__mathlib_dbl_infnan  m_wm.l(dunder.o)
    0x0800a7f4   0x00000014   Code   RO         4570    i.__mathlib_dbl_infnan2  m_wm.l(dunder.o)
    0x0800a808   0x00000020   Code   RO         4571    i.__mathlib_dbl_invalid  m_wm.l(dunder.o)
    0x0800a828   0x00000020   Code   RO         4572    i.__mathlib_dbl_overflow  m_wm.l(dunder.o)
    0x0800a848   0x00000020   Code   RO         4574    i.__mathlib_dbl_underflow  m_wm.l(dunder.o)
    0x0800a868   0x0000000e   Code   RO         4653    i.__scatterload_copy  mc_w.l(handlers.o)
    0x0800a876   0x00000002   Code   RO         4654    i.__scatterload_null  mc_w.l(handlers.o)
    0x0800a878   0x0000000e   Code   RO         4655    i.__scatterload_zeroinit  mc_w.l(handlers.o)
    0x0800a886   0x00000002   PAD
    0x0800a888   0x0000000c   Code   RO         4631    i.__set_errno       mc_w.l(errno.o)
    0x0800a894   0x00000164   Code   RO         4522    i._fp_digits        mc_w.l(printfa.o)
    0x0800a9f8   0x000006dc   Code   RO         4523    i._printf_core      mc_w.l(printfa.o)
    0x0800b0d4   0x00000024   Code   RO         4524    i._printf_post_padding  mc_w.l(printfa.o)
    0x0800b0f8   0x0000002e   Code   RO         4525    i._printf_pre_padding  mc_w.l(printfa.o)
    0x0800b126   0x0000000a   Code   RO         4527    i._sputc            mc_w.l(printfa.o)
    0x0800b130   0x00000030   Code   RO          479    i.ackApp            communication.o
    0x0800b160   0x00000040   Code   RO          717    i.addPathPoint      pathdata.o
    0x0800b1a0   0x00000070   Code   RO          480    i.assemAppAck       communication.o
    0x0800b210   0x0000006a   Code   RO          481    i.byhhReceiveUsart  communication.o
    0x0800b27a   0x00000002   PAD
    0x0800b27c   0x000000dc   Code   RO          718    i.cvtGpsPt2Xy       pathdata.o
    0x0800b358   0x00000120   Code   RO          837    i.cvtINMData2Pose   autopilot.o
    0x0800b478   0x000000ac   Code   RO          719    i.cvtXyPt2Gps       pathdata.o
    0x0800b524   0x00000018   Code   RO         4122    i.delay_ms          delay.o
    0x0800b53c   0x00000048   Code   RO         4123    i.delay_us          delay.o
    0x0800b584   0x00000018   Code   RO         4584    i.fabs              m_wm.l(fabs.o)
    0x0800b59c   0x0000000c   Code   RO          720    i.getCurPathId      pathdata.o
    0x0800b5a8   0x00000040   Code   RO          721    i.getCurPathPoint   pathdata.o
    0x0800b5e8   0x00000014   Code   RO          482    i.getIMUData        communication.o
    0x0800b5fc   0x00000014   Code   RO          483    i.getINMData        communication.o
    0x0800b610   0x00000030   Code   RO          722    i.getPathPoint      pathdata.o
    0x0800b640   0x0000000c   Code   RO          723    i.getPathPointNum   pathdata.o
    0x0800b64c   0x000000e0   Code   RO          484    i.initCan1          communication.o
    0x0800b72c   0x00000020   Code   RO          724    i.initPathPointsData  pathdata.o
    0x0800b74c   0x00000016   Code   RO          838    i.intoPilotAuto     autopilot.o
    0x0800b762   0x00000016   Code   RO          839    i.intoPilotManualWork  autopilot.o
    0x0800b778   0x00000030   Code   RO          840    i.intoPilotSupply   autopilot.o
    0x0800b7a8   0x0000001a   Code   RO          841    i.intoPilotTransition  autopilot.o
    0x0800b7c2   0x00000002   PAD
    0x0800b7c4   0x0000000c   Code   RO          485    i.isBleDoing        communication.o
    0x0800b7d0   0x0000000c   Code   RO          725    i.isPathDataFileExist  pathdata.o
    0x0800b7dc   0x00000030   Code   RO         4043    i.lcdshow           lcd_show.o
    0x0800b80c   0x000000a0   Code   RO         4044    i.lcdshowBLEdata    lcd_show.o
    0x0800b8ac   0x00000080   Code   RO         4045    i.lcdshowbatteryvolt  lcd_show.o
    0x0800b92c   0x00000150   Code   RO         4046    i.lcdshowcmd        lcd_show.o
    0x0800ba7c   0x000000c4   Code   RO         4047    i.lcdshowdrivermode  lcd_show.o
    0x0800bb40   0x00000098   Code   RO         4048    i.lcdshowenginemode  lcd_show.o
    0x0800bbd8   0x00000118   Code   RO         4049    i.lcdshowimudata    lcd_show.o
    0x0800bcf0   0x000000c0   Code   RO         4050    i.lcdshowinmdata    lcd_show.o
    0x0800bdb0   0x0000016c   Code   RO         4051    i.lcdshowpilotstate  lcd_show.o
    0x0800bf1c   0x00000088   Code   RO         4052    i.lcdshowtanklevel  lcd_show.o
    0x0800bfa4   0x0000003c   Code   RO            7    i.main              main.o
    0x0800bfe0   0x00000010   Code   RO          726    i.moveCurPpt2Next   pathdata.o
    0x0800bff0   0x0000002c   Code   RO          486    i.receiveAPPCmd     communication.o
    0x0800c01c   0x000000f8   Code   RO          487    i.receiveIMUData    communication.o
    0x0800c114   0x00000064   Code   RO          488    i.receiveINMData    communication.o
    0x0800c178   0x0000095c   Code   RO         1011    i.runController     pathfollower.o
    0x0800cad4   0x0000000c   Code   RO          727    i.setCurPathPointId  pathdata.o
    0x0800cae0   0x0000005c   Code   RO          489    i.setHBBatteryPercentage  communication.o
    0x0800cb3c   0x00000024   Code   RO          490    i.setHBEngineState  communication.o
    0x0800cb60   0x00000024   Code   RO          491    i.setHBFileExist    communication.o
    0x0800cb84   0x0000000c   Code   RO          492    i.setHBPilotState   communication.o
    0x0800cb90   0x0000010c   Code   RO          493    i.setHBPose         communication.o
    0x0800cc9c   0x00000028   Code   RO          494    i.setHBRtkState     communication.o
    0x0800ccc4   0x00000024   Code   RO          495    i.setHBServorAlarm  communication.o
    0x0800cce8   0x0000000c   Code   RO          496    i.setHBTankLevel    communication.o
    0x0800ccf4   0x0000000c   Code   RO          728    i.setPathDataFileExist  pathdata.o
    0x0800cd00   0x0000006e   Code   RO         4265    i.sqrt              m_wm.l(sqrt.o)
    0x0800cd6e   0x00000002   PAD
    0x0800cd70   0x00000020   Code   RO          497    i.startReceiveBleFile  communication.o
    0x0800cd90   0x00000020   Code   RO          498    i.stopReceiveBleFile  communication.o
    0x0800cdb0   0x00000028   Code   RO          729    i.updateBaseLocationByFile  pathdata.o
    0x0800cdd8   0x0000008c   Code   RO          499    i.updateIMUData     communication.o
    0x0800ce64   0x0000008c   Code   RO          500    i.updateLoRaData    communication.o
    0x0800cef0   0x0000007c   Code   RO          501    i.updateRS232Data   communication.o
    0x0800cf6c   0x00000018   Data   RO         1050    .constdata          system_stm32f4xx.o
    0x0800cf84   0x00004740   Data   RO         3732    .constdata          lcd.o
    0x080116c4   0x00000004   PAD
    0x080116c8   0x00000098   Data   RO         4214    .constdata          m_wm.l(atan.o)
    0x08011760   0x00000088   Data   RO         4240    .constdata          m_wm.l(pow.o)
    0x080117e8   0x00000030   Data   RO         4566    .constdata          m_wm.l(cos_i.o)
    0x08011818   0x00000008   Data   RO         4592    .constdata          m_wm.l(qnan.o)
    0x08011820   0x000000c8   Data   RO         4595    .constdata          m_wm.l(rred.o)
    0x080118e8   0x00000028   Data   RO         4599    .constdata          m_wm.l(sin_i.o)
    0x08011910   0x00000052   Data   RO          843    .conststring        autopilot.o
    0x08011962   0x00000002   PAD
    0x08011964   0x00000047   Data   RO         4053    .conststring        lcd_show.o
    0x080119ab   0x00000001   PAD
    0x080119ac   0x00000020   Data   RO         4651    Region$$Table       anon$$obj.o


    Execution Region RW_IRAM1 (Base: 0x20000000, Size: 0x0000f650, Max: 0x00030000, ABSOLUTE)

    Base Addr    Size         Type   Attr      Idx    E Section Name        Object

    0x20000000   0x00000021   Data   RW          503    .data               communication.o
    0x20000021   0x00000007   PAD
    0x20000028   0x00000017   Data   RW          731    .data               pathdata.o
    0x2000003f   0x00000001   PAD
    0x20000040   0x0000003c   Data   RW          844    .data               autopilot.o
    0x2000007c   0x00000001   Data   RW         1012    .data               pathfollower.o
    0x2000007d   0x00000003   PAD
    0x20000080   0x00000014   Data   RW         1033    .data               debug.o
    0x20000094   0x00000004   Data   RW         1051    .data               system_stm32f4xx.o
    0x20000098   0x00000004   Data   RW         1677    .data               stm32f4xx_hal.o
    0x2000009c   0x00000008   Data   RW         3733    .data               lcd.o
    0x200000a4   0x00000008   Data   RW         3944    .data               ltdc.o
    0x200000ac   0x00000004   Data   RW         4124    .data               delay.o
    0x200000b0   0x00000004   Data   RW         4632    .data               mc_w.l(errno.o)
    0x200000b4   0x00000100   Zero   RW          370    .bss                usart.o
    0x200001b4   0x00000044   Zero   RW          427    .bss                can.o
    0x200001f8   0x000001c6   Zero   RW          502    .bss                communication.o
    0x200003be   0x00000002   PAD
    0x200003c0   0x000000d4   Zero   RW          842    .bss                autopilot.o
    0x20000494   0x00000020   Zero   RW         1480    .bss                stm32f4xx_hal_flash.o
    0x200004b4   0x00000034   Zero   RW         3645    .bss                sdram.o
    0x200004e8   0x0000005e   Zero   RW         3731    .bss                lcd.o
    0x20000546   0x00000002   PAD
    0x20000548   0x00000108   Zero   RW         3943    .bss                ltdc.o
    0x20000650   0x0000f000   Zero   RW         1082    STACK               startup_stm32f429xx.o



  Load Region LR$$.ARM.__AT_0xC0000000 (Base: 0xc0000000, Size: 0x00000000, Max: 0x01312d00, ABSOLUTE)

    Execution Region ER$$.ARM.__AT_0xC0000000 (Base: 0xc0000000, Size: 0x01312d00, Max: 0x01312d00, ABSOLUTE, UNINIT)

    Base Addr    Size         Type   Attr      Idx    E Section Name        Object

    0xc0000000   0x01312d00   Zero   RW          730    .ARM.__AT_0xC0000000  pathdata.o



  Load Region LR$$.ARM.__AT_0xC1784000 (Base: 0xc1784000, Size: 0x00000000, Max: 0x001f4000, ABSOLUTE)

    Execution Region ER$$.ARM.__AT_0xC1784000 (Base: 0xc1784000, Size: 0x001f4000, Max: 0x001f4000, ABSOLUTE, UNINIT)

    Base Addr    Size         Type   Attr      Idx    E Section Name        Object

    0xc1784000   0x001f4000   Zero   RW         3942    .ARM.__AT_0xC1784000  ltdc.o


==============================================================================

Image component sizes


      Code (inc. data)   RO Data    RW Data    ZI Data      Debug   Object Name

      4380        304         82         60        212      17982   autopilot.o
       176         22          0          0         68       1609   can.o
       548         40          0          0          0       1581   commonalg.o
      2754        460          0         33        454      27836   communication.o
         0          0          0         20          0        380   debug.o
        96          4          0          4          0       1378   delay.o
       172         10          0          0          0        943   gpio.o
     11870        192      18240          8         94      18946   lcd.o
      1992        718         71          0          0       6598   lcd_show.o
      1934        130          0          8    2048264       9670   ltdc.o
       272          8          0          0          0     763612   main.o
       716        130          0         23   20000000       8369   pathdata.o
      2396        144          0          1          0       1860   pathfollower.o
       562         40          0          0         52       3458   sdram.o
        36          8        428          0      61440        808   startup_stm32f429xx.o
       158         20          0          4          0       4443   stm32f4xx_hal.o
      2820         32          0          0          0       7924   stm32f4xx_hal_can.o
       348         22          0          0          0      32641   stm32f4xx_hal_cortex.o
        40          0          0          0          0       1139   stm32f4xx_hal_dma.o
       656         60          0          0         32       6010   stm32f4xx_hal_flash.o
       488         24          0          0          0       3306   stm32f4xx_hal_flash_ex.o
       568         54          0          0          0       3015   stm32f4xx_hal_gpio.o
      1124          6          0          0          0       4665   stm32f4xx_hal_ltdc.o
        86          0          0          0          0        514   stm32f4xx_hal_msp.o
       164         12          0          0          0       1284   stm32f4xx_hal_pwr_ex.o
      1844         80          0          0          0       5484   stm32f4xx_hal_rcc.o
       880         24          0          0          0       1572   stm32f4xx_hal_rcc_ex.o
       162          0          0          0          0       2736   stm32f4xx_hal_sdram.o
        88          0          0          0          0       1208   stm32f4xx_hal_sram.o
      2132         20          0          0          0      11080   stm32f4xx_hal_uart.o
       116         30          0          0          0       6587   stm32f4xx_it.o
       650         14          0          0          0       5884   stm32f4xx_ll_fmc.o
       590        104          0          0          0       4549   stmflash.o
       100         18         24          4          0       1163   system_stm32f4xx.o
       620         74          0          0        256       3491   usart.o

    ----------------------------------------------------------------------
     41576       2804      18884        176   22110876     973725   Object Totals
         0          0         32          0          0          0   (incl. Generated)
        38          0          7         11          4          0   (incl. Padding)

    ----------------------------------------------------------------------

      Code (inc. data)   RO Data    RW Data    ZI Data      Debug   Library Member Name

       728        106        152          0          0        228   atan.o
       200         20          0          0          0        164   cos.o
       368         46         48          0          0        200   cos_i.o
       184         44          0          0          0        744   dunder.o
        24          0          0          0          0        124   fabs.o
        48          0          0          0          0        124   fpclassify.o
       248          0          0          0          0        152   poly.o
      3152        296        136          0          0        352   pow.o
         0          0          8          0          0          0   qnan.o
      1080        142        200          0          0        188   rred.o
       200         20          0          0          0        164   sin.o
       304         24         40          0          0        208   sin_i.o
       232          0          0          0          0        296   sqrt.o
         0          0          0          0          0          0   entry.o
         0          0          0          0          0          0   entry10a.o
         0          0          0          0          0          0   entry11a.o
         8          4          0          0          0          0   entry2.o
         4          0          0          0          0          0   entry5.o
         0          0          0          0          0          0   entry7b.o
         0          0          0          0          0          0   entry8b.o
         8          4          0          0          0          0   entry9a.o
        12          6          0          4          0         68   errno.o
        30          0          0          0          0          0   handlers.o
        36          8          0          0          0         68   init.o
         0          0          0          0          0          0   iusefp.o
        30          0          0          0          0         68   llshl.o
        36          0          0          0          0         68   llsshr.o
        32          0          0          0          0         68   llushr.o
        36          0          0          0          0         68   memcpya.o
      2244         86          0          0          0        512   printfa.o
        44          0          0          0          0         80   uidiv.o
        98          0          0          0          0         92   uldiv.o
        48          0          0          0          0         68   cdcmple.o
        48          0          0          0          0         68   cdrcmple.o
        56          0          0          0          0         88   d2f.o
       334          0          0          0          0        148   dadd.o
       222          0          0          0          0        100   ddiv.o
       186          0          0          0          0        176   depilogue.o
        62          0          0          0          0         80   dfixi.o
        50          0          0          0          0         76   dfixui.o
        48          0          0          0          0         68   dfixul.o
        34          0          0          0          0         76   dflti.o
        26          0          0          0          0         76   dfltui.o
       228          0          0          0          0         96   dmul.o
        46          0          0          0          0         80   dscalb.o
       162          0          0          0          0        100   dsqrt.o
        38          0          0          0          0         68   f2d.o
       110          0          0          0          0        168   fepilogue.o

    ----------------------------------------------------------------------
     11096        806        584          4          0       5572   Library Totals
        12          0          0          0          0          0   (incl. Padding)

    ----------------------------------------------------------------------

      Code (inc. data)   RO Data    RW Data    ZI Data      Debug   Library Name

      6768        698        584          0          0       2944   m_wm.l
      2618        108          0          4          0       1092   mc_w.l
      1698          0          0          0          0       1536   mf_w.l

    ----------------------------------------------------------------------
     11096        806        584          4          0       5572   Library Totals

    ----------------------------------------------------------------------

==============================================================================


      Code (inc. data)   RO Data    RW Data    ZI Data      Debug   

     52672       3610      19468        180   22110876     954497   Grand Totals
     52672       3610      19468        180   22110876     954497   ELF Image Totals
     52672       3610      19468        180          0          0   ROM Totals

==============================================================================

    Total RO  Size (Code + RO Data)                72140 (  70.45kB)
    Total RW  Size (RW Data + ZI Data)          22111056 (21592.83kB)
    Total ROM Size (Code + RO Data + RW Data)      72320 (  70.63kB)

==============================================================================

