Component: ARM Compiler 5.06 update 1 (build 61) Tool: armlink [4d35a8]

==============================================================================

Section Cross References

    main.o(i.SystemClock_Config) refers to stm32f4xx_hal_rcc.o(i.HAL_RCC_OscConfig) for HAL_RCC_OscConfig
    main.o(i.SystemClock_Config) refers to main.o(i.Error_Handler) for Error_Handler
    main.o(i.SystemClock_Config) refers to stm32f4xx_hal_pwr_ex.o(i.HAL_PWREx_EnableOverDrive) for HAL_PWREx_EnableOverDrive
    main.o(i.SystemClock_Config) refers to stm32f4xx_hal_rcc.o(i.HAL_RCC_ClockConfig) for HAL_RCC_ClockConfig
    main.o(i.SystemClock_Config) refers to stm32f4xx_hal_rcc.o(i.HAL_RCC_GetHCLKFreq) for HAL_RCC_GetHCLKFreq
    main.o(i.SystemClock_Config) refers to stm32f4xx_hal_cortex.o(i.HAL_SYSTICK_Config) for HAL_SYSTICK_Config
    main.o(i.SystemClock_Config) refers to stm32f4xx_hal_cortex.o(i.HAL_SYSTICK_CLKSourceConfig) for HAL_SYSTICK_CLKSourceConfig
    main.o(i.SystemClock_Config) refers to stm32f4xx_hal_cortex.o(i.HAL_NVIC_SetPriority) for HAL_NVIC_SetPriority
    main.o(i.fputc) refers to stm32f4xx_hal_uart.o(i.HAL_UART_Transmit) for HAL_UART_Transmit
    main.o(i.fputc) refers to usart.o(.bss) for huart1
    main.o(i.lcdshow) refers to lcd.o(i.LCD_ShowString) for LCD_ShowString
    main.o(i.lcdshowbatteryvolt) refers to printfa.o(i.__0sprintf) for __2sprintf
    main.o(i.lcdshowbatteryvolt) refers to lcd.o(i.LCD_Fill) for LCD_Fill
    main.o(i.lcdshowbatteryvolt) refers to lcd.o(i.LCD_ShowString) for LCD_ShowString
    main.o(i.lcdshowcmd) refers to printfa.o(i.__0sprintf) for __2sprintf
    main.o(i.lcdshowcmd) refers to lcd.o(i.LCD_Fill) for LCD_Fill
    main.o(i.lcdshowcmd) refers to lcd.o(i.LCD_ShowString) for LCD_ShowString
    main.o(i.lcdshowdrivermode) refers to printfa.o(i.__0sprintf) for __2sprintf
    main.o(i.lcdshowdrivermode) refers to lcd.o(i.LCD_Fill) for LCD_Fill
    main.o(i.lcdshowdrivermode) refers to lcd.o(i.LCD_ShowString) for LCD_ShowString
    main.o(i.lcdshowenginemode) refers to printfa.o(i.__0sprintf) for __2sprintf
    main.o(i.lcdshowenginemode) refers to lcd.o(i.LCD_Fill) for LCD_Fill
    main.o(i.lcdshowenginemode) refers to lcd.o(i.LCD_ShowString) for LCD_ShowString
    main.o(i.lcdshowtanklevel) refers to printfa.o(i.__0sprintf) for __2sprintf
    main.o(i.lcdshowtanklevel) refers to lcd.o(i.LCD_Fill) for LCD_Fill
    main.o(i.lcdshowtanklevel) refers to lcd.o(i.LCD_ShowString) for LCD_ShowString
    main.o(i.main) refers to stm32f4xx_hal.o(i.HAL_Init) for HAL_Init
    main.o(i.main) refers to main.o(i.SystemClock_Config) for SystemClock_Config
    main.o(i.main) refers to gpio.o(i.MX_GPIO_Init) for MX_GPIO_Init
    main.o(i.main) refers to usart.o(i.MX_USART1_UART_Init) for MX_USART1_UART_Init
    main.o(i.main) refers to can.o(i.MX_CAN1_Init) for MX_CAN1_Init
    main.o(i.main) refers to usart.o(i.MX_USART3_UART_Init) for MX_USART3_UART_Init
    main.o(i.main) refers to usart.o(i.MX_USART2_UART_Init) for MX_USART2_UART_Init
    main.o(i.main) refers to printfa.o(i.__0printf) for __2printf
    main.o(i.main) refers to communication.o(i.initCan1) for initCan1
    main.o(i.main) refers to pathdata.o(i.initPathPointsData) for initPathPointsData
    main.o(i.main) refers to lcd.o(i.LCD_Init) for LCD_Init
    main.o(i.main) refers to lcd.o(i.LCD_Clear) for LCD_Clear
    main.o(i.main) refers to main.o(i.lcdshow) for lcdshow
    main.o(i.main) refers to stm32f4xx_hal_gpio.o(i.HAL_GPIO_WritePin) for HAL_GPIO_WritePin
    main.o(i.main) refers to stm32f4xx_hal.o(i.HAL_Delay) for HAL_Delay
    main.o(i.main) refers to communication.o(i.receiveLoRaCmd) for receiveLoRaCmd
    main.o(i.main) refers to communication.o(i.ChangeDriverMode) for ChangeDriverMode
    main.o(i.main) refers to communication.o(i.startReceiveBleFile) for startReceiveBleFile
    main.o(i.main) refers to communication.o(i.stopReceiveBleFile) for stopReceiveBleFile
    main.o(i.main) refers to f2d.o(.text) for __aeabi_f2d
    main.o(i.main) refers to printfa.o(i.__0sprintf) for __2sprintf
    main.o(i.main) refers to communication.o(i.SendSpeed) for SendSpeed
    main.o(i.main) refers to communication.o(i.SetEngineMode) for SetEngineMode
    main.o(i.main) refers to main.o(i.lcdshowcmd) for lcdshowcmd
    main.o(i.main) refers to memcpya.o(.text) for __aeabi_memcpy
    main.o(i.main) refers to communication.o(i.ackApp) for ackApp
    main.o(i.main) refers to communication.o(i.receiveINMData) for receiveINMData
    main.o(i.main) refers to pathdata.o(i.cvtGpsPt2Xyz) for cvtGpsPt2Xyz
    main.o(i.main) refers to communication.o(i.GetEngineMode) for GetEngineMode
    main.o(i.main) refers to main.o(i.lcdshowenginemode) for lcdshowenginemode
    main.o(i.main) refers to communication.o(i.GetDriverMode) for GetDriverMode
    main.o(i.main) refers to main.o(i.lcdshowdrivermode) for lcdshowdrivermode
    main.o(i.main) refers to communication.o(i.GetTankLevel) for GetTankLevel
[...]
    i.HAL_CAN_ErrorCallback                  0x08000f44   Section        0  stm32f4xx_hal_can.o(i.HAL_CAN_ErrorCallback)
    i.HAL_CAN_IRQHandler                     0x08000f48   Section        0  stm32f4xx_hal_can.o(i.HAL_CAN_IRQHandler)
    i.HAL_CAN_Init                           0x0800119c   Section        0  stm32f4xx_hal_can.o(i.HAL_CAN_Init)
    i.HAL_CAN_MspInit                        0x08001358   Section        0  can.o(i.HAL_CAN_MspInit)
    i.HAL_CAN_Receive_IT                     0x080013c4   Section        0  stm32f4xx_hal_can.o(i.HAL_CAN_Receive_IT)
    i.HAL_CAN_RxCpltCallback                 0x080014d0   Section        0  communication.o(i.HAL_CAN_RxCpltCallback)
    i.HAL_CAN_Transmit                       0x08001560   Section        0  stm32f4xx_hal_can.o(i.HAL_CAN_Transmit)
    i.HAL_CAN_TxCpltCallback                 0x08001818   Section        0  stm32f4xx_hal_can.o(i.HAL_CAN_TxCpltCallback)
    i.HAL_DMA_Abort_IT                       0x0800181a   Section        0  stm32f4xx_hal_dma.o(i.HAL_DMA_Abort_IT)
    i.HAL_Delay                              0x08001842   Section        0  stm32f4xx_hal.o(i.HAL_Delay)
    i.HAL_GPIO_Init                          0x08001860   Section        0  stm32f4xx_hal_gpio.o(i.HAL_GPIO_Init)
    i.HAL_GPIO_ReadPin                       0x08001a7c   Section        0  stm32f4xx_hal_gpio.o(i.HAL_GPIO_ReadPin)
    i.HAL_GPIO_WritePin                      0x08001a8c   Section        0  stm32f4xx_hal_gpio.o(i.HAL_GPIO_WritePin)
    i.HAL_GetTick                            0x08001a98   Section        0  stm32f4xx_hal.o(i.HAL_GetTick)
    i.HAL_IncTick                            0x08001aa4   Section        0  stm32f4xx_hal.o(i.HAL_IncTick)
    i.HAL_Init                               0x08001ab4   Section        0  stm32f4xx_hal.o(i.HAL_Init)
    i.HAL_InitTick                           0x08001af0   Section        0  stm32f4xx_hal.o(i.HAL_InitTick)
    i.HAL_LTDC_ConfigLayer                   0x08001b18   Section        0  stm32f4xx_hal_ltdc.o(i.HAL_LTDC_ConfigLayer)
    i.HAL_LTDC_Init                          0x08001b78   Section        0  stm32f4xx_hal_ltdc.o(i.HAL_LTDC_Init)
    i.HAL_LTDC_MspInit                       0x08001c94   Section        0  ltdc.o(i.HAL_LTDC_MspInit)
    i.HAL_LTDC_SetWindowPosition             0x08001df0   Section        0  stm32f4xx_hal_ltdc.o(i.HAL_LTDC_SetWindowPosition)
    i.HAL_LTDC_SetWindowSize                 0x08001e5c   Section        0  stm32f4xx_hal_ltdc.o(i.HAL_LTDC_SetWindowSize)
    i.HAL_MspInit                            0x08001ec8   Section        0  stm32f4xx_hal_msp.o(i.HAL_MspInit)
    i.HAL_NVIC_EnableIRQ                     0x08001f1e   Section        0  stm32f4xx_hal_cortex.o(i.HAL_NVIC_EnableIRQ)
    i.HAL_NVIC_SetPriority                   0x08001f38   Section        0  stm32f4xx_hal_cortex.o(i.HAL_NVIC_SetPriority)
    i.HAL_NVIC_SetPriorityGrouping           0x08001fb4   Section        0  stm32f4xx_hal_cortex.o(i.HAL_NVIC_SetPriorityGrouping)
    i.HAL_PWREx_EnableOverDrive              0x08001fdc   Section        0  stm32f4xx_hal_pwr_ex.o(i.HAL_PWREx_EnableOverDrive)
    i.HAL_RCCEx_PeriphCLKConfig              0x08002080   Section        0  stm32f4xx_hal_rcc_ex.o(i.HAL_RCCEx_PeriphCLKConfig)
    i.HAL_RCC_ClockConfig                    0x080023f0   Section        0  stm32f4xx_hal_rcc.o(i.HAL_RCC_ClockConfig)
    i.HAL_RCC_GetHCLKFreq                    0x080025c0   Section        0  stm32f4xx_hal_rcc.o(i.HAL_RCC_GetHCLKFreq)
    i.HAL_RCC_GetPCLK1Freq                   0x080025cc   Section        0  stm32f4xx_hal_rcc.o(i.HAL_RCC_GetPCLK1Freq)
    i.HAL_RCC_GetPCLK2Freq                   0x080025f8   Section        0  stm32f4xx_hal_rcc.o(i.HAL_RCC_GetPCLK2Freq)
    i.HAL_RCC_GetSysClockFreq                0x08002624   Section        0  stm32f4xx_hal_rcc.o(i.HAL_RCC_GetSysClockFreq)
    i.HAL_RCC_OscConfig                      0x080026d8   Section        0  stm32f4xx_hal_rcc.o(i.HAL_RCC_OscConfig)
    i.HAL_SDRAM_Init                         0x08002b24   Section        0  stm32f4xx_hal_sdram.o(i.HAL_SDRAM_Init)
    i.HAL_SDRAM_MspInit                      0x08002b64   Section        0  sdram.o(i.HAL_SDRAM_MspInit)
    i.HAL_SDRAM_ProgramRefreshRate           0x08002c98   Section        0  stm32f4xx_hal_sdram.o(i.HAL_SDRAM_ProgramRefreshRate)
    i.HAL_SDRAM_SendCommand                  0x08002cc0   Section        0  stm32f4xx_hal_sdram.o(i.HAL_SDRAM_SendCommand)
    i.HAL_SRAM_Init                          0x08002cfa   Section        0  stm32f4xx_hal_sram.o(i.HAL_SRAM_Init)
    i.HAL_SRAM_MspInit                       0x08002d54   Section        0  lcd.o(i.HAL_SRAM_MspInit)
    i.HAL_SYSTICK_CLKSourceConfig            0x08002df8   Section        0  stm32f4xx_hal_cortex.o(i.HAL_SYSTICK_CLKSourceConfig)
    i.HAL_SYSTICK_Callback                   0x08002e20   Section        0  stm32f4xx_hal_cortex.o(i.HAL_SYSTICK_Callback)
    i.HAL_SYSTICK_Config                     0x08002e22   Section        0  stm32f4xx_hal_cortex.o(i.HAL_SYSTICK_Config)
    i.HAL_SYSTICK_IRQHandler                 0x08002e56   Section        0  stm32f4xx_hal_cortex.o(i.HAL_SYSTICK_IRQHandler)
    i.HAL_UART_AbortReceiveCpltCallback      0x08002e5e   Section        0  stm32f4xx_hal_uart.o(i.HAL_UART_AbortReceiveCpltCallback)
    i.HAL_UART_AbortReceive_IT               0x08002e60   Section        0  stm32f4xx_hal_uart.o(i.HAL_UART_AbortReceive_IT)
    i.HAL_UART_ErrorCallback                 0x08002ed8   Section        0  stm32f4xx_hal_uart.o(i.HAL_UART_ErrorCallback)
    i.HAL_UART_IRQHandler                    0x08002edc   Section        0  stm32f4xx_hal_uart.o(i.HAL_UART_IRQHandler)
    i.HAL_UART_Init                          0x08003028   Section        0  stm32f4xx_hal_uart.o(i.HAL_UART_Init)
    i.HAL_UART_MspInit                       0x0800309c   Section        0  usart.o(i.HAL_UART_MspInit)
    i.HAL_UART_Receive_IT                    0x080031cc   Section        0  stm32f4xx_hal_uart.o(i.HAL_UART_Receive_IT)
    i.HAL_UART_RxCpltCallback                0x08003230   Section        0  communication.o(i.HAL_UART_RxCpltCallback)
    i.HAL_UART_Transmit                      0x08003294   Section        0  stm32f4xx_hal_uart.o(i.HAL_UART_Transmit)
    i.HAL_UART_TxCpltCallback                0x0800336a   Section        0  stm32f4xx_hal_uart.o(i.HAL_UART_TxCpltCallback)
    i.HardFault_Handler                      0x0800336c   Section        0  stm32f4xx_it.o(i.HardFault_Handler)
    i.LCD_Clear                              0x08003370   Section        0  lcd.o(i.LCD_Clear)
    i.LCD_Display_Dir                        0x080033b8   Section        0  lcd.o(i.LCD_Display_Dir)
    i.LCD_Fast_DrawPoint                     0x08003538   Section        0  lcd.o(i.LCD_Fast_DrawPoint)
    i.LCD_Fill                               0x0800365c   Section        0  lcd.o(i.LCD_Fill)
    i.LCD_Init                               0x080036cc   Section        0  lcd.o(i.LCD_Init)
    i.LCD_RD_DATA                            0x08005b30   Section        0  lcd.o(i.LCD_RD_DATA)
    i.LCD_SSD_BackLightSet                   0x08005b44   Section        0  lcd.o(i.LCD_SSD_BackLightSet)
    i.LCD_Scan_Dir                           0x08005ba4   Section        0  lcd.o(i.LCD_Scan_Dir)
    i.LCD_SetCursor                          0x08005e18   Section        0  lcd.o(i.LCD_SetCursor)
    i.LCD_ShowChar                           0x08005f50   Section        0  lcd.o(i.LCD_ShowChar)
    i.LCD_ShowString                         0x0800608c   Section        0  lcd.o(i.LCD_ShowString)
    i.LCD_WR_DATA                            0x080060f4   Section        0  lcd.o(i.LCD_WR_DATA)
    i.LCD_WR_REG                             0x0800610c   Section        0  lcd.o(i.LCD_WR_REG)
    i.LCD_WriteRAM_Prepare                   0x08006124   Section        0  lcd.o(i.LCD_WriteRAM_Prepare)
    i.LCD_WriteReg                           0x08006138   Section        0  lcd.o(i.LCD_WriteReg)
    i.LTDC_Clear                             0x08006148   Section        0  ltdc.o(i.LTDC_Clear)
    i.LTDC_Clk_Set                           0x0800616c   Section        0  ltdc.o(i.LTDC_Clk_Set)
    i.LTDC_Display_Dir                       0x08006194   Section        0  ltdc.o(i.LTDC_Display_Dir)
    i.LTDC_Draw_Point                        0x080061c0   Section        0  ltdc.o(i.LTDC_Draw_Point)
    i.LTDC_Fill                              0x08006210   Section        0  ltdc.o(i.LTDC_Fill)
    i.LTDC_Init                              0x08006374   Section        0  ltdc.o(i.LTDC_Init)
    i.LTDC_Layer_Parameter_Config            0x080065f0   Section        0  ltdc.o(i.LTDC_Layer_Parameter_Config)
    i.LTDC_Layer_Window_Config               0x0800666c   Section        0  ltdc.o(i.LTDC_Layer_Window_Config)
    i.LTDC_PanelID_Read                      0x0800669c   Section        0  ltdc.o(i.LTDC_PanelID_Read)
    i.LTDC_Select_Layer                      0x08006770   Section        0  ltdc.o(i.LTDC_Select_Layer)
    i.LTDC_SetConfig                         0x0800677c   Section        0  stm32f4xx_hal_ltdc.o(i.LTDC_SetConfig)
    LTDC_SetConfig                           0x0800677d   Thumb Code   530  stm32f4xx_hal_ltdc.o(i.LTDC_SetConfig)
    i.MX_CAN1_Init                           0x08006990   Section        0  can.o(i.MX_CAN1_Init)
    i.MX_GPIO_Init                           0x080069d4   Section        0  gpio.o(i.MX_GPIO_Init)
    i.MX_USART1_UART_Init                    0x08006a60   Section        0  usart.o(i.MX_USART1_UART_Init)
    i.MX_USART2_UART_Init                    0x08006a98   Section        0  usart.o(i.MX_USART2_UART_Init)
    i.MX_USART3_UART_Init                    0x08006ad0   Section        0  usart.o(i.MX_USART3_UART_Init)
    i.MemManage_Handler                      0x08006b08   Section        0  stm32f4xx_it.o(i.MemManage_Handler)
    i.NMI_Handler                            0x08006b0c   Section        0  stm32f4xx_it.o(i.NMI_Handler)
    i.NVIC_GetPriorityGrouping               0x08006b10   Section        0  stm32f4xx_hal_cortex.o(i.NVIC_GetPriorityGrouping)
    NVIC_GetPriorityGrouping                 0x08006b11   Thumb Code    10  stm32f4xx_hal_cortex.o(i.NVIC_GetPriorityGrouping)
    i.NVIC_SetPriority                       0x08006b20   Section        0  stm32f4xx_hal_cortex.o(i.NVIC_SetPriority)
    NVIC_SetPriority                         0x08006b21   Thumb Code    32  stm32f4xx_hal_cortex.o(i.NVIC_SetPriority)
    i.PendSV_Handler                         0x08006b48   Section        0  stm32f4xx_it.o(i.PendSV_Handler)
    i.SDRAM_Init                             0x08006b4c   Section        0  sdram.o(i.SDRAM_Init)
    i.SDRAM_Initialization_Sequence          0x08006bc0   Section        0  sdram.o(i.SDRAM_Initialization_Sequence)
    i.SDRAM_Send_Cmd                         0x08006c04   Section        0  sdram.o(i.SDRAM_Send_Cmd)
    i.SVC_Handler                            0x08006c4c   Section        0  stm32f4xx_it.o(i.SVC_Handler)
    i.SendSpeed                              0x08006c50   Section        0  communication.o(i.SendSpeed)
    i.SetEngineMode                          0x08006e4c   Section        0  communication.o(i.SetEngineMode)
    i.SysTick_Handler                        0x08006e6c   Section        0  stm32f4xx_it.o(i.SysTick_Handler)
    i.SystemClock_Config                     0x08006e78   Section        0  main.o(i.SystemClock_Config)
    i.SystemInit                             0x08006f48   Section        0  system_stm32f4xx.o(i.SystemInit)
    i.UART_DMAAbortOnError                   0x08006fac   Section        0  stm32f4xx_hal_uart.o(i.UART_DMAAbortOnError)
    UART_DMAAbortOnError                     0x08006fad   Thumb Code    20  stm32f4xx_hal_uart.o(i.UART_DMAAbortOnError)
    i.UART_DMARxOnlyAbortCallback            0x08006fc0   Section        0  stm32f4xx_hal_uart.o(i.UART_DMARxOnlyAbortCallback)
    UART_DMARxOnlyAbortCallback              0x08006fc1   Thumb Code    24  stm32f4xx_hal_uart.o(i.UART_DMARxOnlyAbortCallback)
    i.UART_EndRxTransfer                     0x08006fd8   Section        0  stm32f4xx_hal_uart.o(i.UART_EndRxTransfer)
    UART_EndRxTransfer                       0x08006fd9   Thumb Code    32  stm32f4xx_hal_uart.o(i.UART_EndRxTransfer)
    i.UART_EndTransmit_IT                    0x08006ff8   Section        0  stm32f4xx_hal_uart.o(i.UART_EndTransmit_IT)
    UART_EndTransmit_IT                      0x08006ff9   Thumb Code    32  stm32f4xx_hal_uart.o(i.UART_EndTransmit_IT)
    i.UART_Receive_IT                        0x08007018   Section        0  stm32f4xx_hal_uart.o(i.UART_Receive_IT)
    UART_Receive_IT                          0x08007019   Thumb Code   154  stm32f4xx_hal_uart.o(i.UART_Receive_IT)
    i.UART_SetConfig                         0x080070b4   Section        0  stm32f4xx_hal_uart.o(i.UART_SetConfig)
    UART_SetConfig                           0x080070b5   Thumb Code   864  stm32f4xx_hal_uart.o(i.UART_SetConfig)
    i.UART_Transmit_IT                       0x0800741c   Section        0  stm32f4xx_hal_uart.o(i.UART_Transmit_IT)
    UART_Transmit_IT                         0x0800741d   Thumb Code   104  stm32f4xx_hal_uart.o(i.UART_Transmit_IT)
    i.UART_WaitOnFlagUntilTimeout            0x08007484   Section        0  stm32f4xx_hal_uart.o(i.UART_WaitOnFlagUntilTimeout)
    UART_WaitOnFlagUntilTimeout              0x08007485   Thumb Code   108  stm32f4xx_hal_uart.o(i.UART_WaitOnFlagUntilTimeout)
    i.USART1_IRQHandler                      0x080074f0   Section        0  stm32f4xx_it.o(i.USART1_IRQHandler)
    i.USART2_IRQHandler                      0x08007500   Section        0  stm32f4xx_it.o(i.USART2_IRQHandler)
    i.USART3_IRQHandler                      0x08007510   Section        0  stm32f4xx_it.o(i.USART3_IRQHandler)
    i.UsageFault_Handler                     0x08007520   Section        0  stm32f4xx_it.o(i.UsageFault_Handler)
    i.__0printf                              0x08007524   Section        0  printfa.o(i.__0printf)
    i.__0sprintf                             0x08007544   Section        0  printfa.o(i.__0sprintf)
    i.__ARM_fpclassify                       0x0800756c   Section        0  fpclassify.o(i.__ARM_fpclassify)
    i.__hardfp_cos                           0x080075a0   Section        0  cos.o(i.__hardfp_cos)
    i.__ieee754_rem_pio2                     0x08007668   Section        0  rred.o(i.__ieee754_rem_pio2)
    i.__kernel_cos                           0x08007aa0   Section        0  cos_i.o(i.__kernel_cos)
    i.__kernel_poly                          0x08007c10   Section        0  poly.o(i.__kernel_poly)
    i.__kernel_sin                           0x08007d08   Section        0  sin_i.o(i.__kernel_sin)
    i.__mathlib_dbl_infnan                   0x08007e38   Section        0  dunder.o(i.__mathlib_dbl_infnan)
    i.__mathlib_dbl_invalid                  0x08007e50   Section        0  dunder.o(i.__mathlib_dbl_invalid)
    i.__mathlib_dbl_underflow                0x08007e70   Section        0  dunder.o(i.__mathlib_dbl_underflow)
    i.__scatterload_copy                     0x08007e90   Section       14  handlers.o(i.__scatterload_copy)
    i.__scatterload_null                     0x08007e9e   Section        2  handlers.o(i.__scatterload_null)
    i.__scatterload_zeroinit                 0x08007ea0   Section       14  handlers.o(i.__scatterload_zeroinit)
    i.__set_errno                            0x08007eb0   Section        0  errno.o(i.__set_errno)
    i._fp_digits                             0x08007ebc   Section        0  printfa.o(i._fp_digits)
    _fp_digits                               0x08007ebd   Thumb Code   334  printfa.o(i._fp_digits)
    i._printf_core                           0x08008020   Section        0  printfa.o(i._printf_core)
    _printf_core                             0x08008021   Thumb Code  1744  printfa.o(i._printf_core)
    i._printf_post_padding                   0x080086fc   Section        0  printfa.o(i._printf_post_padding)
    _printf_post_padding                     0x080086fd   Thumb Code    36  printfa.o(i._printf_post_padding)
    i._printf_pre_padding                    0x08008720   Section        0  printfa.o(i._printf_pre_padding)
    _printf_pre_padding                      0x08008721   Thumb Code    46  printfa.o(i._printf_pre_padding)
    i._sputc                                 0x0800874e   Section        0  printfa.o(i._sputc)
    _sputc                                   0x0800874f   Thumb Code    10  printfa.o(i._sputc)
    i.ackApp                                 0x08008758   Section        0  communication.o(i.ackApp)
    i.addPathPoint                           0x0800878c   Section        0  pathdata.o(i.addPathPoint)
    i.assemAppAck                            0x080087cc   Section        0  communication.o(i.assemAppAck)
    i.byhhReceiveUsart                       0x08008854   Section        0  communication.o(i.byhhReceiveUsart)
    i.cvtGpsPt2Xyz                           0x080088c0   Section        0  pathdata.o(i.cvtGpsPt2Xyz)
    i.delay_ms                               0x080089a8   Section        0  delay.o(i.delay_ms)
    i.delay_us                               0x080089c0   Section        0  delay.o(i.delay_us)
    i.fabs                                   0x08008a08   Section        0  fabs.o(i.fabs)
    i.fputc                                  0x08008a20   Section        0  main.o(i.fputc)
    i.initCan1                               0x08008a3c   Section        0  communication.o(i.initCan1)
    i.initPathPointsData                     0x08008b1c   Section        0  pathdata.o(i.initPathPointsData)
    i.lcdshow                                0x08008b60   Section        0  main.o(i.lcdshow)
    i.lcdshowbatteryvolt                     0x08008b7c   Section        0  main.o(i.lcdshowbatteryvolt)
    i.lcdshowcmd                             0x08008bcc   Section        0  main.o(i.lcdshowcmd)
    i.lcdshowdrivermode                      0x08008cc8   Section        0  main.o(i.lcdshowdrivermode)
    i.lcdshowenginemode                      0x08008d8c   Section        0  main.o(i.lcdshowenginemode)
    i.lcdshowtanklevel                       0x08008e24   Section        0  main.o(i.lcdshowtanklevel)
    i.main                                   0x08008e70   Section        0  main.o(i.main)
    i.receiveINMData                         0x08009124   Section        0  communication.o(i.receiveINMData)
    i.receiveLoRaCmd                         0x08009174   Section        0  communication.o(i.receiveLoRaCmd)
    i.startReceiveBleFile                    0x080091a0   Section        0  communication.o(i.startReceiveBleFile)
    i.stopReceiveBleFile                     0x080091b8   Section        0  communication.o(i.stopReceiveBleFile)
    i.updateLoRaData                         0x080091c8   Section        0  communication.o(i.updateLoRaData)
    i.updateRS232Data                        0x08009254   Section        0  communication.o(i.updateRS232Data)
    .constdata                               0x08009324   Section       24  system_stm32f4xx.o(.constdata)
    .constdata                               0x0800933c   Section    18240  lcd.o(.constdata)
    .constdata                               0x0800da80   Section       48  cos_i.o(.constdata)
    C                                        0x0800da80   Data          48  cos_i.o(.constdata)
    .constdata                               0x0800dab0   Section      200  rred.o(.constdata)
    pio2s                                    0x0800dab0   Data          48  rred.o(.constdata)
    twooverpi                                0x0800dae0   Data         152  rred.o(.constdata)
    .constdata                               0x0800db78   Section       40  sin_i.o(.constdata)
    S                                        0x0800db78   Data          40  sin_i.o(.constdata)
    .data                                    0x20000000   Section       31  communication.o(.data)
    .data                                    0x20000020   Section       20  pathdata.o(.data)
    .data                                    0x20000034   Section        4  system_stm32f4xx.o(.data)
    .data                                    0x20000038   Section        4  stm32f4xx_hal.o(.data)
    .data                                    0x2000003c   Section        8  lcd.o(.data)
    .data                                    0x20000044   Section        8  ltdc.o(.data)
    .data                                    0x2000004c   Section        4  delay.o(.data)
    fac_us                                   0x2000004c   Data           4  delay.o(.data)
    .data                                    0x20000050   Section        4  stdout.o(.data)
    .data                                    0x20000054   Section        4  errno.o(.data)
    _errno                                   0x20000054   Data           4  errno.o(.data)
    .bss                                     0x20000058   Section      192  usart.o(.bss)
    .bss                                     0x20000118   Section       68  can.o(.bss)
    .bss                                     0x2000015c   Section      398  communication.o(.bss)
    RxMessage                                0x20000204   Data          36  communication.o(.bss)
    gSpeedTxMsg                              0x20000228   Data          28  communication.o(.bss)
    gDriverModeTxMsg                         0x20000244   Data          28  communication.o(.bss)
    gEngineModeTxMsg                         0x20000260   Data          28  communication.o(.bss)
    .bss                                     0x200002ec   Section       52  sdram.o(.bss)
    .bss                                     0x20000320   Section       94  lcd.o(.bss)
    .bss                                     0x20000380   Section      264  ltdc.o(.bss)
    STACK                                    0x20000488   Section     1024  startup_stm32f429xx.o(STACK)
    .ARM.__AT_0xC0000000                     0xc0000000   Section    20000000  pathdata.o(.ARM.__AT_0xC0000000)
    .ARM.__AT_0xC1784000                     0xc1784000   Section    2048000  ltdc.o(.ARM.__AT_0xC1784000)

    Global Symbols

    Symbol Name                              Value     Ov Type        Size  Object(Section)

    BuildAttributes$$THM_ISAv4$E$P$D$K$B$S$7EM$VFPi3$EXTD16$VFPS$VFMA$PE$A:L22UL41UL21$X:L11$S22US41US21$IEEE1$IW$USESV6$~STKCKD$USESV7$~SHL$OTIME$ROPI$IEEEX$EBA8$MICROLIB$REQ8$PRES8$EABIv2 0x00000000   Number         0  anon$$obj.o ABSOLUTE
    __ARM_use_no_argv                        0x00000000   Number         0  main.o ABSOLUTE
    _printf_a                                0x00000000   Number         0  stubs.o ABSOLUTE
    _printf_c                                0x00000000   Number         0  stubs.o ABSOLUTE
    _printf_charcount                        0x00000000   Number         0  stubs.o ABSOLUTE
    _printf_d                                0x00000000   Number         0  stubs.o ABSOLUTE
    _printf_e                                0x00000000   Number         0  stubs.o ABSOLUTE
    _printf_f                                0x00000000   Number         0  stubs.o ABSOLUTE
    _printf_flags                            0x00000000   Number         0  stubs.o ABSOLUTE
    _printf_fp_dec                           0x00000000   Number         0  stubs.o ABSOLUTE
    _printf_fp_hex                           0x00000000   Number         0  stubs.o ABSOLUTE
    _printf_g                                0x00000000   Number         0  stubs.o ABSOLUTE
    _printf_i                                0x00000000   Number         0  stubs.o ABSOLUTE
    _printf_int_dec                          0x00000000   Number         0  stubs.o ABSOLUTE
    _printf_l                                0x00000000   Number         0  stubs.o ABSOLUTE
    _printf_lc                               0x00000000   Number         0  stubs.o ABSOLUTE
    _printf_ll                               0x00000000   Number         0  stubs.o ABSOLUTE
    _printf_lld                              0x00000000   Number         0  stubs.o ABSOLUTE
    _printf_lli                              0x00000000   Number         0  stubs.o ABSOLUTE
    _printf_llo                              0x00000000   Number         0  stubs.o ABSOLUTE
    _printf_llu                              0x00000000   Number         0  stubs.o ABSOLUTE
    _printf_llx                              0x00000000   Number         0  stubs.o ABSOLUTE
    _printf_longlong_dec                     0x00000000   Number         0  stubs.o ABSOLUTE
    _printf_longlong_hex                     0x00000000   Number         0  stubs.o ABSOLUTE
    _printf_longlong_oct                     0x00000000   Number         0  stubs.o ABSOLUTE
    _printf_ls                               0x00000000   Number         0  stubs.o ABSOLUTE
    _printf_mbtowc                           0x00000000   Number         0  stubs.o ABSOLUTE
    _printf_n                                0x00000000   Number         0  stubs.o ABSOLUTE
    _printf_o                                0x00000000   Number         0  stubs.o ABSOLUTE
    _printf_p                                0x00000000   Number         0  stubs.o ABSOLUTE
    _printf_percent                          0x00000000   Number         0  stubs.o ABSOLUTE
    _printf_pre_padding                      0x00000000   Number         0  stubs.o ABSOLUTE
    _printf_return_value                     0x00000000   Number         0  stubs.o ABSOLUTE
    _printf_s                                0x00000000   Number         0  stubs.o ABSOLUTE
    _printf_sizespec                         0x00000000   Number         0  stubs.o ABSOLUTE
    _printf_str                              0x00000000   Number         0  stubs.o ABSOLUTE
    _printf_truncate_signed                  0x00000000   Number         0  stubs.o ABSOLUTE
    _printf_truncate_unsigned                0x00000000   Number         0  stubs.o ABSOLUTE
    _printf_u                                0x00000000   Number         0  stubs.o ABSOLUTE
    _printf_wc                               0x00000000   Number         0  stubs.o ABSOLUTE
    _printf_wctomb                           0x00000000   Number         0  stubs.o ABSOLUTE
    _printf_widthprec                        0x00000000   Number         0  stubs.o ABSOLUTE
    _printf_x                                0x00000000   Number         0  stubs.o ABSOLUTE
    __cpp_initialize__aeabi_                  - Undefined Weak Reference
    __cxa_finalize                            - Undefined Weak Reference
    __decompress                              - Undefined Weak Reference
    _clock_init                               - Undefined Weak Reference
    _microlib_exit                            - Undefined Weak Reference
    __Vectors_Size                           0x000001ac   Number         0  startup_stm32f429xx.o ABSOLUTE
    __Vectors                                0x08000000   Data           4  startup_stm32f429xx.o(RESET)
    __Vectors_End                            0x080001ac   Data           0  startup_stm32f429xx.o(RESET)
    __main                                   0x080001ad   Thumb Code     0  entry.o(.ARM.Collect$$$$00000000)
    _main_stk                                0x080001ad   Thumb Code     0  entry2.o(.ARM.Collect$$$$00000001)
    _main_scatterload                        0x080001b1   Thumb Code     0  entry5.o(.ARM.Collect$$$$00000004)
    __main_after_scatterload                 0x080001b5   Thumb Code     0  entry5.o(.ARM.Collect$$$$00000004)
    _main_clock                              0x080001b5   Thumb Code     0  entry7b.o(.ARM.Collect$$$$00000008)
    _main_cpp_init                           0x080001b5   Thumb Code     0  entry8b.o(.ARM.Collect$$$$0000000A)
    _main_init                               0x080001b5   Thumb Code     0  entry9a.o(.ARM.Collect$$$$0000000B)
    __rt_final_cpp                           0x080001bd   Thumb Code     0  entry10a.o(.ARM.Collect$$$$0000000D)
    __rt_final_exit                          0x080001bd   Thumb Code     0  entry11a.o(.ARM.Collect$$$$0000000F)
    Reset_Handler                            0x080001c1   Thumb Code     8  startup_stm32f429xx.o(.text)
    ADC_IRQHandler                           0x080001db   Thumb Code     0  startup_stm32f429xx.o(.text)
    CAN1_RX1_IRQHandler                      0x080001db   Thumb Code     0  startup_stm32f429xx.o(.text)
    CAN1_SCE_IRQHandler                      0x080001db   Thumb Code     0  startup_stm32f429xx.o(.text)
    CAN1_TX_IRQHandler                       0x080001db   Thumb Code     0  startup_stm32f429xx.o(.text)
    CAN2_RX0_IRQHandler                      0x080001db   Thumb Code     0  startup_stm32f429xx.o(.text)
    CAN2_RX1_IRQHandler                      0x080001db   Thumb Code     0  startup_stm32f429xx.o(.text)
    CAN2_SCE_IRQHandler                      0x080001db   Thumb Code     0  startup_stm32f429xx.o(.text)
    CAN2_TX_IRQHandler                       0x080001db   Thumb Code     0  startup_stm32f429xx.o(.text)
    DCMI_IRQHandler                          0x080001db   Thumb Code     0  startup_stm32f429xx.o(.text)
    DMA1_Stream0_IRQHandler                  0x080001db   Thumb Code     0  startup_stm32f429xx.o(.text)
    DMA1_Stream1_IRQHandler                  0x080001db   Thumb Code     0  startup_stm32f429xx.o(.text)
    DMA1_Stream2_IRQHandler                  0x080001db   Thumb Code     0  startup_stm32f429xx.o(.text)
    DMA1_Stream3_IRQHandler                  0x080001db   Thumb Code     0  startup_stm32f429xx.o(.text)
    DMA1_Stream4_IRQHandler                  0x080001db   Thumb Code     0  startup_stm32f429xx.o(.text)
    DMA1_Stream5_IRQHandler                  0x080001db   Thumb Code     0  startup_stm32f429xx.o(.text)
    DMA1_Stream6_IRQHandler                  0x080001db   Thumb Code     0  startup_stm32f429xx.o(.text)
    DMA1_Stream7_IRQHandler                  0x080001db   Thumb Code     0  startup_stm32f429xx.o(.text)
    DMA2D_IRQHandler                         0x080001db   Thumb Code     0  startup_stm32f429xx.o(.text)
    DMA2_Stream0_IRQHandler                  0x080001db   Thumb Code     0  startup_stm32f429xx.o(.text)
    DMA2_Stream1_IRQHandler                  0x080001db   Thumb Code     0  startup_stm32f429xx.o(.text)
    DMA2_Stream2_IRQHandler                  0x080001db   Thumb Code     0  startup_stm32f429xx.o(.text)
    DMA2_Stream3_IRQHandler                  0x080001db   Thumb Code     0  startup_stm32f429xx.o(.text)
    DMA2_Stream4_IRQHandler                  0x080001db   Thumb Code     0  startup_stm32f429xx.o(.text)
    DMA2_Stream5_IRQHandler                  0x080001db   Thumb Code     0  startup_stm32f429xx.o(.text)
    DMA2_Stream6_IRQHandler                  0x080001db   Thumb Code     0  startup_stm32f429xx.o(.text)
    DMA2_Stream7_IRQHandler                  0x080001db   Thumb Code     0  startup_stm32f429xx.o(.text)
    ETH_IRQHandler                           0x080001db   Thumb Code     0  startup_stm32f429xx.o(.text)
    ETH_WKUP_IRQHandler                      0x080001db   Thumb Code     0  startup_stm32f429xx.o(.text)
    EXTI0_IRQHandler                         0x080001db   Thumb Code     0  startup_stm32f429xx.o(.text)
    EXTI15_10_IRQHandler                     0x080001db   Thumb Code     0  startup_stm32f429xx.o(.text)
    EXTI1_IRQHandler                         0x080001db   Thumb Code     0  startup_stm32f429xx.o(.text)
    EXTI2_IRQHandler                         0x080001db   Thumb Code     0  startup_stm32f429xx.o(.text)
    EXTI3_IRQHandler                         0x080001db   Thumb Code     0  startup_stm32f429xx.o(.text)
    EXTI4_IRQHandler                         0x080001db   Thumb Code     0  startup_stm32f429xx.o(.text)
    EXTI9_5_IRQHandler                       0x080001db   Thumb Code     0  startup_stm32f429xx.o(.text)
    FLASH_IRQHandler                         0x080001db   Thumb Code     0  startup_stm32f429xx.o(.text)
    FMC_IRQHandler                           0x080001db   Thumb Code     0  startup_stm32f429xx.o(.text)
    FPU_IRQHandler                           0x080001db   Thumb Code     0  startup_stm32f429xx.o(.text)
    HASH_RNG_IRQHandler                      0x080001db   Thumb Code     0  startup_stm32f429xx.o(.text)
    I2C1_ER_IRQHandler                       0x080001db   Thumb Code     0  startup_stm32f429xx.o(.text)
    I2C1_EV_IRQHandler                       0x080001db   Thumb Code     0  startup_stm32f429xx.o(.text)
    I2C2_ER_IRQHandler                       0x080001db   Thumb Code     0  startup_stm32f429xx.o(.text)
    I2C2_EV_IRQHandler                       0x080001db   Thumb Code     0  startup_stm32f429xx.o(.text)
    I2C3_ER_IRQHandler                       0x080001db   Thumb Code     0  startup_stm32f429xx.o(.text)
    I2C3_EV_IRQHandler                       0x080001db   Thumb Code     0  startup_stm32f429xx.o(.text)
    LTDC_ER_IRQHandler                       0x080001db   Thumb Code     0  startup_stm32f429xx.o(.text)
    LTDC_IRQHandler                          0x080001db   Thumb Code     0  startup_stm32f429xx.o(.text)
    OTG_FS_IRQHandler                        0x080001db   Thumb Code     0  startup_stm32f429xx.o(.text)
    OTG_FS_WKUP_IRQHandler                   0x080001db   Thumb Code     0  startup_stm32f429xx.o(.text)
    OTG_HS_EP1_IN_IRQHandler                 0x080001db   Thumb Code     0  startup_stm32f429xx.o(.text)
    OTG_HS_EP1_OUT_IRQHandler                0x080001db   Thumb Code     0  startup_stm32f429xx.o(.text)
    OTG_HS_IRQHandler                        0x080001db   Thumb Code     0  startup_stm32f429xx.o(.text)
    OTG_HS_WKUP_IRQHandler                   0x080001db   Thumb Code     0  startup_stm32f429xx.o(.text)
    PVD_IRQHandler                           0x080001db   Thumb Code     0  startup_stm32f429xx.o(.text)
    RCC_IRQHandler                           0x080001db   Thumb Code     0  startup_stm32f429xx.o(.text)
    RTC_Alarm_IRQHandler                     0x080001db   Thumb Code     0  startup_stm32f429xx.o(.text)
    RTC_WKUP_IRQHandler                      0x080001db   Thumb Code     0  startup_stm32f429xx.o(.text)
    SAI1_IRQHandler                          0x080001db   Thumb Code     0  startup_stm32f429xx.o(.text)
    SDIO_IRQHandler                          0x080001db   Thumb Code     0  startup_stm32f429xx.o(.text)
    SPI1_IRQHandler                          0x080001db   Thumb Code     0  startup_stm32f429xx.o(.text)
    SPI2_IRQHandler                          0x080001db   Thumb Code     0  startup_stm32f429xx.o(.text)
    SPI3_IRQHandler                          0x080001db   Thumb Code     0  startup_stm32f429xx.o(.text)
    SPI4_IRQHandler                          0x080001db   Thumb Code     0  startup_stm32f429xx.o(.text)
    SPI5_IRQHandler                          0x080001db   Thumb Code     0  startup_stm32f429xx.o(.text)
    SPI6_IRQHandler                          0x080001db   Thumb Code     0  startup_stm32f429xx.o(.text)
    TAMP_STAMP_IRQHandler                    0x080001db   Thumb Code     0  startup_stm32f429xx.o(.text)
    TIM1_BRK_TIM9_IRQHandler                 0x080001db   Thumb Code     0  startup_stm32f429xx.o(.text)
    TIM1_CC_IRQHandler                       0x080001db   Thumb Code     0  startup_stm32f429xx.o(.text)
    TIM1_TRG_COM_TIM11_IRQHandler            0x080001db   Thumb Code     0  startup_stm32f429xx.o(.text)
    TIM1_UP_TIM10_IRQHandler                 0x080001db   Thumb Code     0  startup_stm32f429xx.o(.text)
    TIM2_IRQHandler                          0x080001db   Thumb Code     0  startup_stm32f429xx.o(.text)
    TIM3_IRQHandler                          0x080001db   Thumb Code     0  startup_stm32f429xx.o(.text)
    TIM4_IRQHandler                          0x080001db   Thumb Code     0  startup_stm32f429xx.o(.text)
    TIM5_IRQHandler                          0x080001db   Thumb Code     0  startup_stm32f429xx.o(.text)
    TIM6_DAC_IRQHandler                      0x080001db   Thumb Code     0  startup_stm32f429xx.o(.text)
    TIM7_IRQHandler                          0x080001db   Thumb Code     0  startup_stm32f429xx.o(.text)
    TIM8_BRK_TIM12_IRQHandler                0x080001db   Thumb Code     0  startup_stm32f429xx.o(.text)
    TIM8_CC_IRQHandler                       0x080001db   Thumb Code     0  startup_stm32f429xx.o(.text)
    TIM8_TRG_COM_TIM14_IRQHandler            0x080001db   Thumb Code     0  startup_stm32f429xx.o(.text)
    TIM8_UP_TIM13_IRQHandler                 0x080001db   Thumb Code     0  startup_stm32f429xx.o(.text)
    UART4_IRQHandler                         0x080001db   Thumb Code     0  startup_stm32f429xx.o(.text)
    UART5_IRQHandler                         0x080001db   Thumb Code     0  startup_stm32f429xx.o(.text)
    UART7_IRQHandler                         0x080001db   Thumb Code     0  startup_stm32f429xx.o(.text)
    UART8_IRQHandler                         0x080001db   Thumb Code     0  startup_stm32f429xx.o(.text)
    USART6_IRQHandler                        0x080001db   Thumb Code     0  startup_stm32f429xx.o(.text)
    WWDG_IRQHandler                          0x080001db   Thumb Code     0  startup_stm32f429xx.o(.text)
    __aeabi_memcpy                           0x080001e5   Thumb Code    36  memcpya.o(.text)
    __aeabi_memcpy4                          0x080001e5   Thumb Code     0  memcpya.o(.text)
    __aeabi_memcpy8                          0x080001e5   Thumb Code     0  memcpya.o(.text)
    __aeabi_dmul                             0x08000209   Thumb Code   228  dmul.o(.text)
    __aeabi_ui2d                             0x080002ed   Thumb Code    26  dfltui.o(.text)
    __aeabi_d2uiz                            0x08000307   Thumb Code    50  dfixui.o(.text)
    __aeabi_f2d                              0x08000339   Thumb Code    38  f2d.o(.text)
    __aeabi_d2f                              0x0800035f   Thumb Code    56  d2f.o(.text)
    __aeabi_uidiv                            0x08000397   Thumb Code     0  uidiv.o(.text)
    __aeabi_uidivmod                         0x08000397   Thumb Code    44  uidiv.o(.text)
    __aeabi_uldivmod                         0x080003c3   Thumb Code    98  uldiv.o(.text)
    __aeabi_llsr                             0x08000425   Thumb Code    32  llushr.o(.text)
    _ll_ushift_r                             0x08000425   Thumb Code     0  llushr.o(.text)
    __I$use$fp                               0x08000445   Thumb Code     0  iusefp.o(.text)
    _float_round                             0x08000445   Thumb Code    18  fepilogue.o(.text)
    _float_epilogue                          0x08000457   Thumb Code    92  fepilogue.o(.text)
    _double_round                            0x080004b3   Thumb Code    30  depilogue.o(.text)
    _double_epilogue                         0x080004d1   Thumb Code   156  depilogue.o(.text)
    __aeabi_dadd                             0x0800056d   Thumb Code   322  dadd.o(.text)
    __aeabi_dsub                             0x080006af   Thumb Code     6  dadd.o(.text)
    __aeabi_drsub                            0x080006b5   Thumb Code     6  dadd.o(.text)
    __aeabi_ddiv                             0x080006bb   Thumb Code   222  ddiv.o(.text)
    __aeabi_d2ulz                            0x08000799   Thumb Code    48  dfixul.o(.text)
    __aeabi_cdrcmple                         0x080007c9   Thumb Code    48  cdrcmple.o(.text)
    __scatterload                            0x080007f9   Thumb Code    28  init.o(.text)
    __scatterload_rt2                        0x080007f9   Thumb Code     0  init.o(.text)
    __aeabi_llsl                             0x0800081d   Thumb Code    30  llshl.o(.text)
    _ll_shift_l                              0x0800081d   Thumb Code     0  llshl.o(.text)
    __aeabi_lasr                             0x0800083b   Thumb Code    36  llsshr.o(.text)
    _ll_sshift_r                             0x0800083b   Thumb Code     0  llsshr.o(.text)
    __aeabi_i2d                              0x0800085f   Thumb Code    34  dflti.o(.text)
    __aeabi_d2iz                             0x08000881   Thumb Code    62  dfixi.o(.text)
    BusFault_Handler                         0x080008bf   Thumb Code     4  stm32f4xx_it.o(i.BusFault_Handler)
    CAN1_RX0_IRQHandler                      0x080008c5   Thumb Code    10  stm32f4xx_it.o(i.CAN1_RX0_IRQHandler)
    ChangeDriverMode                         0x08000af9   Thumb Code    22  communication.o(i.ChangeDriverMode)
    DebugMon_Handler                         0x08000b19   Thumb Code     2  stm32f4xx_it.o(i.DebugMon_Handler)
    Error_Handler                            0x08000b1b   Thumb Code     4  main.o(i.Error_Handler)
    FMC_NORSRAM_Extended_Timing_Init         0x08000b21   Thumb Code    66  stm32f4xx_ll_fmc.o(i.FMC_NORSRAM_Extended_Timing_Init)
    FMC_NORSRAM_Init                         0x08000b69   Thumb Code   112  stm32f4xx_ll_fmc.o(i.FMC_NORSRAM_Init)
    FMC_NORSRAM_Timing_Init                  0x08000bdd   Thumb Code    94  stm32f4xx_ll_fmc.o(i.FMC_NORSRAM_Timing_Init)
    FMC_SDRAM_Init                           0x08000c3b   Thumb Code   116  stm32f4xx_ll_fmc.o(i.FMC_SDRAM_Init)
    FMC_SDRAM_ProgramRefreshRate             0x08000caf   Thumb Code    14  stm32f4xx_ll_fmc.o(i.FMC_SDRAM_ProgramRefreshRate)
    FMC_SDRAM_SendCommand                    0x08000cbd   Thumb Code    82  stm32f4xx_ll_fmc.o(i.FMC_SDRAM_SendCommand)
    FMC_SDRAM_Timing_Init                    0x08000d11   Thumb Code   152  stm32f4xx_ll_fmc.o(i.FMC_SDRAM_Timing_Init)
    GetBatteryVolt                           0x08000dad   Thumb Code    28  communication.o(i.GetBatteryVolt)
    GetDriverMode                            0x08000dd1   Thumb Code    28  communication.o(i.GetDriverMode)
    GetEngineMode                            0x08000df5   Thumb Code    28  communication.o(i.GetEngineMode)
    GetTankLevel                             0x08000e19   Thumb Code    28  communication.o(i.GetTankLevel)
    HAL_CAN_ConfigFilter                     0x08000e3d   Thumb Code   260  stm32f4xx_hal_can.o(i.HAL_CAN_ConfigFilter)
    HAL_CAN_ErrorCallback                    0x08000f45   Thumb Code     2  stm32f4xx_hal_can.o(i.HAL_CAN_ErrorCallback)
    HAL_CAN_IRQHandler                       0x08000f49   Thumb Code   580  stm32f4xx_hal_can.o(i.HAL_CAN_IRQHandler)
    HAL_CAN_Init                             0x0800119d   Thumb Code   444  stm32f4xx_hal_can.o(i.HAL_CAN_Init)
    HAL_CAN_MspInit                          0x08001359   Thumb Code    96  can.o(i.HAL_CAN_MspInit)
    HAL_CAN_Receive_IT                       0x080013c5   Thumb Code   268  stm32f4xx_hal_can.o(i.HAL_CAN_Receive_IT)
    HAL_CAN_RxCpltCallback                   0x080014d1   Thumb Code   108  communication.o(i.HAL_CAN_RxCpltCallback)
    HAL_CAN_Transmit                         0x08001561   Thumb Code   684  stm32f4xx_hal_can.o(i.HAL_CAN_Transmit)
    HAL_CAN_TxCpltCallback                   0x08001819   Thumb Code     2  stm32f4xx_hal_can.o(i.HAL_CAN_TxCpltCallback)
    HAL_DMA_Abort_IT                         0x0800181b   Thumb Code    40  stm32f4xx_hal_dma.o(i.HAL_DMA_Abort_IT)
    HAL_Delay                                0x08001843   Thumb Code    30  stm32f4xx_hal.o(i.HAL_Delay)
    HAL_GPIO_Init                            0x08001861   Thumb Code   486  stm32f4xx_hal_gpio.o(i.HAL_GPIO_Init)
    HAL_GPIO_ReadPin                         0x08001a7d   Thumb Code    16  stm32f4xx_hal_gpio.o(i.HAL_GPIO_ReadPin)
    HAL_GPIO_WritePin                        0x08001a8d   Thumb Code    12  stm32f4xx_hal_gpio.o(i.HAL_GPIO_WritePin)
    HAL_GetTick                              0x08001a99   Thumb Code     6  stm32f4xx_hal.o(i.HAL_GetTick)
    HAL_IncTick                              0x08001aa5   Thumb Code    12  stm32f4xx_hal.o(i.HAL_IncTick)
    HAL_Init                                 0x08001ab5   Thumb Code    54  stm32f4xx_hal.o(i.HAL_Init)
    HAL_InitTick                             0x08001af1   Thumb Code    36  stm32f4xx_hal.o(i.HAL_InitTick)
    HAL_LTDC_ConfigLayer                     0x08001b19   Thumb Code    94  stm32f4xx_hal_ltdc.o(i.HAL_LTDC_ConfigLayer)
    HAL_LTDC_Init                            0x08001b79   Thumb Code   278  stm32f4xx_hal_ltdc.o(i.HAL_LTDC_Init)
    HAL_LTDC_MspInit                         0x08001c95   Thumb Code   322  ltdc.o(i.HAL_LTDC_MspInit)
    HAL_LTDC_SetWindowPosition               0x08001df1   Thumb Code   108  stm32f4xx_hal_ltdc.o(i.HAL_LTDC_SetWindowPosition)
    HAL_LTDC_SetWindowSize                   0x08001e5d   Thumb Code   108  stm32f4xx_hal_ltdc.o(i.HAL_LTDC_SetWindowSize)
    HAL_MspInit                              0x08001ec9   Thumb Code    86  stm32f4xx_hal_msp.o(i.HAL_MspInit)
    HAL_NVIC_EnableIRQ                       0x08001f1f   Thumb Code    26  stm32f4xx_hal_cortex.o(i.HAL_NVIC_EnableIRQ)
    HAL_NVIC_SetPriority                     0x08001f39   Thumb Code   124  stm32f4xx_hal_cortex.o(i.HAL_NVIC_SetPriority)
    HAL_NVIC_SetPriorityGrouping             0x08001fb5   Thumb Code    32  stm32f4xx_hal_cortex.o(i.HAL_NVIC_SetPriorityGrouping)
    HAL_PWREx_EnableOverDrive                0x08001fdd   Thumb Code   152  stm32f4xx_hal_pwr_ex.o(i.HAL_PWREx_EnableOverDrive)
    HAL_RCCEx_PeriphCLKConfig                0x08002081   Thumb Code   856  stm32f4xx_hal_rcc_ex.o(i.HAL_RCCEx_PeriphCLKConfig)
    HAL_RCC_ClockConfig                      0x080023f1   Thumb Code   446  stm32f4xx_hal_rcc.o(i.HAL_RCC_ClockConfig)
    HAL_RCC_GetHCLKFreq                      0x080025c1   Thumb Code     6  stm32f4xx_hal_rcc.o(i.HAL_RCC_GetHCLKFreq)
    HAL_RCC_GetPCLK1Freq                     0x080025cd   Thumb Code    36  stm32f4xx_hal_rcc.o(i.HAL_RCC_GetPCLK1Freq)
    HAL_RCC_GetPCLK2Freq                     0x080025f9   Thumb Code    36  stm32f4xx_hal_rcc.o(i.HAL_RCC_GetPCLK2Freq)
    HAL_RCC_GetSysClockFreq                  0x08002625   Thumb Code   168  stm32f4xx_hal_rcc.o(i.HAL_RCC_GetSysClockFreq)
    HAL_RCC_OscConfig                        0x080026d9   Thumb Code  1090  stm32f4xx_hal_rcc.o(i.HAL_RCC_OscConfig)
    HAL_SDRAM_Init                           0x08002b25   Thumb Code    64  stm32f4xx_hal_sdram.o(i.HAL_SDRAM_Init)
    HAL_SDRAM_MspInit                        0x08002b65   Thumb Code   282  sdram.o(i.HAL_SDRAM_MspInit)
    HAL_SDRAM_ProgramRefreshRate             0x08002c99   Thumb Code    40  stm32f4xx_hal_sdram.o(i.HAL_SDRAM_ProgramRefreshRate)
    HAL_SDRAM_SendCommand                    0x08002cc1   Thumb Code    58  stm32f4xx_hal_sdram.o(i.HAL_SDRAM_SendCommand)
    HAL_SRAM_Init                            0x08002cfb   Thumb Code    88  stm32f4xx_hal_sram.o(i.HAL_SRAM_Init)
    HAL_SRAM_MspInit                         0x08002d55   Thumb Code   152  lcd.o(i.HAL_SRAM_MspInit)
    HAL_SYSTICK_CLKSourceConfig              0x08002df9   Thumb Code    40  stm32f4xx_hal_cortex.o(i.HAL_SYSTICK_CLKSourceConfig)
    HAL_SYSTICK_Callback                     0x08002e21   Thumb Code     2  stm32f4xx_hal_cortex.o(i.HAL_SYSTICK_Callback)
    HAL_SYSTICK_Config                       0x08002e23   Thumb Code    52  stm32f4xx_hal_cortex.o(i.HAL_SYSTICK_Config)
    HAL_SYSTICK_IRQHandler                   0x08002e57   Thumb Code     8  stm32f4xx_hal_cortex.o(i.HAL_SYSTICK_IRQHandler)
    HAL_UART_AbortReceiveCpltCallback        0x08002e5f   Thumb Code     2  stm32f4xx_hal_uart.o(i.HAL_UART_AbortReceiveCpltCallback)
    HAL_UART_AbortReceive_IT                 0x08002e61   Thumb Code   114  stm32f4xx_hal_uart.o(i.HAL_UART_AbortReceive_IT)
    HAL_UART_ErrorCallback                   0x08002ed9   Thumb Code     2  stm32f4xx_hal_uart.o(i.HAL_UART_ErrorCallback)
    HAL_UART_IRQHandler                      0x08002edd   Thumb Code   326  stm32f4xx_hal_uart.o(i.HAL_UART_IRQHandler)
    HAL_UART_Init                            0x08003029   Thumb Code   114  stm32f4xx_hal_uart.o(i.HAL_UART_Init)
    HAL_UART_MspInit                         0x0800309d   Thumb Code   278  usart.o(i.HAL_UART_MspInit)
    HAL_UART_Receive_IT                      0x080031cd   Thumb Code   100  stm32f4xx_hal_uart.o(i.HAL_UART_Receive_IT)
    HAL_UART_RxCpltCallback                  0x08003231   Thumb Code    76  communication.o(i.HAL_UART_RxCpltCallback)
    HAL_UART_Transmit                        0x08003295   Thumb Code   214  stm32f4xx_hal_uart.o(i.HAL_UART_Transmit)
    HAL_UART_TxCpltCallback                  0x0800336b   Thumb Code     2  stm32f4xx_hal_uart.o(i.HAL_UART_TxCpltCallback)
    HardFault_Handler                        0x0800336d   Thumb Code     4  stm32f4xx_it.o(i.HardFault_Handler)
    LCD_Clear                                0x08003371   Thumb Code    58  lcd.o(i.LCD_Clear)
    LCD_Display_Dir                          0x080033b9   Thumb Code   376  lcd.o(i.LCD_Display_Dir)
    LCD_Fast_DrawPoint                       0x08003539   Thumb Code   278  lcd.o(i.LCD_Fast_DrawPoint)
    LCD_Fill                                 0x0800365d   Thumb Code   104  lcd.o(i.LCD_Fill)
    LCD_Init                                 0x080036cd   Thumb Code  9302  lcd.o(i.LCD_Init)
    LCD_RD_DATA                              0x08005b31   Thumb Code    14  lcd.o(i.LCD_RD_DATA)
    LCD_SSD_BackLightSet                     0x08005b45   Thumb Code    88  lcd.o(i.LCD_SSD_BackLightSet)
    LCD_Scan_Dir                             0x08005ba5   Thumb Code   624  lcd.o(i.LCD_Scan_Dir)
    LCD_SetCursor                            0x08005e19   Thumb Code   306  lcd.o(i.LCD_SetCursor)
    LCD_ShowChar                             0x08005f51   Thumb Code   288  lcd.o(i.LCD_ShowChar)
    LCD_ShowString                           0x0800608d   Thumb Code   102  lcd.o(i.LCD_ShowString)
    LCD_WR_DATA                              0x080060f5   Thumb Code    18  lcd.o(i.LCD_WR_DATA)
    LCD_WR_REG                               0x0800610d   Thumb Code    18  lcd.o(i.LCD_WR_REG)
    LCD_WriteRAM_Prepare                     0x08006125   Thumb Code    10  lcd.o(i.LCD_WriteRAM_Prepare)
    LCD_WriteReg                             0x08006139   Thumb Code    10  lcd.o(i.LCD_WriteReg)
    LTDC_Clear                               0x08006149   Thumb Code    32  ltdc.o(i.LTDC_Clear)
    LTDC_Clk_Set                             0x0800616d   Thumb Code    38  ltdc.o(i.LTDC_Clk_Set)
    LTDC_Display_Dir                         0x08006195   Thumb Code    40  ltdc.o(i.LTDC_Display_Dir)
    LTDC_Draw_Point                          0x080061c1   Thumb Code    70  ltdc.o(i.LTDC_Draw_Point)
    LTDC_Fill                                0x08006211   Thumb Code   340  ltdc.o(i.LTDC_Fill)
    LTDC_Init                                0x08006375   Thumb Code   606  ltdc.o(i.LTDC_Init)
    LTDC_Layer_Parameter_Config              0x080065f1   Thumb Code   114  ltdc.o(i.LTDC_Layer_Parameter_Config)
    LTDC_Layer_Window_Config                 0x0800666d   Thumb Code    44  ltdc.o(i.LTDC_Layer_Window_Config)
    LTDC_PanelID_Read                        0x0800669d   Thumb Code   198  ltdc.o(i.LTDC_PanelID_Read)
    LTDC_Select_Layer                        0x08006771   Thumb Code     6  ltdc.o(i.LTDC_Select_Layer)
    MX_CAN1_Init                             0x08006991   Thumb Code    58  can.o(i.MX_CAN1_Init)
    MX_GPIO_Init                             0x080069d5   Thumb Code   132  gpio.o(i.MX_GPIO_Init)
    MX_USART1_UART_Init                      0x08006a61   Thumb Code    46  usart.o(i.MX_USART1_UART_Init)
    MX_USART2_UART_Init                      0x08006a99   Thumb Code    46  usart.o(i.MX_USART2_UART_Init)
    MX_USART3_UART_Init                      0x08006ad1   Thumb Code    46  usart.o(i.MX_USART3_UART_Init)
    MemManage_Handler                        0x08006b09   Thumb Code     4  stm32f4xx_it.o(i.MemManage_Handler)
    NMI_Handler                              0x08006b0d   Thumb Code     2  stm32f4xx_it.o(i.NMI_Handler)
    PendSV_Handler                           0x08006b49   Thumb Code     2  stm32f4xx_it.o(i.PendSV_Handler)
    SDRAM_Init                               0x08006b4d   Thumb Code   106  sdram.o(i.SDRAM_Init)
    SDRAM_Initialization_Sequence            0x08006bc1   Thumb Code    66  sdram.o(i.SDRAM_Initialization_Sequence)
    SDRAM_Send_Cmd                           0x08006c05   Thumb Code    68  sdram.o(i.SDRAM_Send_Cmd)
    SVC_Handler                              0x08006c4d   Thumb Code     2  stm32f4xx_it.o(i.SVC_Handler)
    SendSpeed                                0x08006c51   Thumb Code   462  communication.o(i.SendSpeed)
    SetEngineMode                            0x08006e4d   Thumb Code    22  communication.o(i.SetEngineMode)
    SysTick_Handler                          0x08006e6d   Thumb Code    12  stm32f4xx_it.o(i.SysTick_Handler)
    SystemClock_Config                       0x08006e79   Thumb Code   200  main.o(i.SystemClock_Config)
    SystemInit                               0x08006f49   Thumb Code    82  system_stm32f4xx.o(i.SystemInit)
    USART1_IRQHandler                        0x080074f1   Thumb Code    10  stm32f4xx_it.o(i.USART1_IRQHandler)
    USART2_IRQHandler                        0x08007501   Thumb Code    10  stm32f4xx_it.o(i.USART2_IRQHandler)
    USART3_IRQHandler                        0x08007511   Thumb Code    10  stm32f4xx_it.o(i.USART3_IRQHandler)
    UsageFault_Handler                       0x08007521   Thumb Code     4  stm32f4xx_it.o(i.UsageFault_Handler)
    __0printf                                0x08007525   Thumb Code    22  printfa.o(i.__0printf)
    __1printf                                0x08007525   Thumb Code     0  printfa.o(i.__0printf)
    __2printf                                0x08007525   Thumb Code     0  printfa.o(i.__0printf)
    __c89printf                              0x08007525   Thumb Code     0  printfa.o(i.__0printf)
    printf                                   0x08007525   Thumb Code     0  printfa.o(i.__0printf)
    __0sprintf                               0x08007545   Thumb Code    34  printfa.o(i.__0sprintf)
    __1sprintf                               0x08007545   Thumb Code     0  printfa.o(i.__0sprintf)
    __2sprintf                               0x08007545   Thumb Code     0  printfa.o(i.__0sprintf)
    __c89sprintf                             0x08007545   Thumb Code     0  printfa.o(i.__0sprintf)
    sprintf                                  0x08007545   Thumb Code     0  printfa.o(i.__0sprintf)
    __ARM_fpclassify                         0x0800756d   Thumb Code    48  fpclassify.o(i.__ARM_fpclassify)
    __hardfp_cos                             0x080075a1   Thumb Code   180  cos.o(i.__hardfp_cos)
    __ieee754_rem_pio2                       0x08007669   Thumb Code   938  rred.o(i.__ieee754_rem_pio2)
    __kernel_cos                             0x08007aa1   Thumb Code   322  cos_i.o(i.__kernel_cos)
    __kernel_poly                            0x08007c11   Thumb Code   248  poly.o(i.__kernel_poly)
    __kernel_sin                             0x08007d09   Thumb Code   280  sin_i.o(i.__kernel_sin)
    __mathlib_dbl_infnan                     0x08007e39   Thumb Code    20  dunder.o(i.__mathlib_dbl_infnan)
    __mathlib_dbl_invalid                    0x08007e51   Thumb Code    24  dunder.o(i.__mathlib_dbl_invalid)
    __mathlib_dbl_underflow                  0x08007e71   Thumb Code    24  dunder.o(i.__mathlib_dbl_underflow)
    __scatterload_copy                       0x08007e91   Thumb Code    14  handlers.o(i.__scatterload_copy)
    __scatterload_null                       0x08007e9f   Thumb Code     2  handlers.o(i.__scatterload_null)
    __scatterload_zeroinit                   0x08007ea1   Thumb Code    14  handlers.o(i.__scatterload_zeroinit)
    __set_errno                              0x08007eb1   Thumb Code     6  errno.o(i.__set_errno)
    ackApp                                   0x08008759   Thumb Code    42  communication.o(i.ackApp)
    addPathPoint                             0x0800878d   Thumb Code    52  pathdata.o(i.addPathPoint)
    assemAppAck                              0x080087cd   Thumb Code   132  communication.o(i.assemAppAck)
    byhhReceiveUsart                         0x08008855   Thumb Code   106  communication.o(i.byhhReceiveUsart)
    cvtGpsPt2Xyz                             0x080088c1   Thumb Code   210  pathdata.o(i.cvtGpsPt2Xyz)
    delay_ms                                 0x080089a9   Thumb Code    24  delay.o(i.delay_ms)
    delay_us                                 0x080089c1   Thumb Code    68  delay.o(i.delay_us)
    fabs                                     0x08008a09   Thumb Code    24  fabs.o(i.fabs)
    fputc                                    0x08008a21   Thumb Code    22  main.o(i.fputc)
    initCan1                                 0x08008a3d   Thumb Code   194  communication.o(i.initCan1)
    initPathPointsData                       0x08008b1d   Thumb Code    52  pathdata.o(i.initPathPointsData)
    lcdshow                                  0x08008b61   Thumb Code    26  main.o(i.lcdshow)
    lcdshowbatteryvolt                       0x08008b7d   Thumb Code    60  main.o(i.lcdshowbatteryvolt)
    lcdshowcmd                               0x08008bcd   Thumb Code   148  main.o(i.lcdshowcmd)
    lcdshowdrivermode                        0x08008cc9   Thumb Code   104  main.o(i.lcdshowdrivermode)
    lcdshowenginemode                        0x08008d8d   Thumb Code    88  main.o(i.lcdshowenginemode)
    lcdshowtanklevel                         0x08008e25   Thumb Code    60  main.o(i.lcdshowtanklevel)
    main                                     0x08008e71   Thumb Code   562  main.o(i.main)
    receiveINMData                           0x08009125   Thumb Code    68  communication.o(i.receiveINMData)
    receiveLoRaCmd                           0x08009175   Thumb Code    34  communication.o(i.receiveLoRaCmd)
    startReceiveBleFile                      0x080091a1   Thumb Code    14  communication.o(i.startReceiveBleFile)
    stopReceiveBleFile                       0x080091b9   Thumb Code    10  communication.o(i.stopReceiveBleFile)
    updateLoRaData                           0x080091c9   Thumb Code   114  communication.o(i.updateLoRaData)
    updateRS232Data                          0x08009255   Thumb Code   136  communication.o(i.updateRS232Data)
    AHBPrescTable                            0x08009324   Data          16  system_stm32f4xx.o(.constdata)
    APBPrescTable                            0x08009334   Data           8  system_stm32f4xx.o(.constdata)
    asc2_1206                                0x0800933c   Data        1140  lcd.o(.constdata)
    asc2_1608                                0x080097b0   Data        1520  lcd.o(.constdata)
    asc2_2412                                0x08009da0   Data        3420  lcd.o(.constdata)
    asc2_3216                                0x0800aafc   Data       12160  lcd.o(.constdata)
    Region$$Table$$Base                      0x0800dba0   Number         0  anon$$obj.o(Region$$Table)
    Region$$Table$$Limit                     0x0800dbc0   Number         0  anon$$obj.o(Region$$Table)
    g_lora_data_new                          0x20000000   Data           1  communication.o(.data)
    LORA_REGISTER                            0x20000001   Data           3  communication.o(.data)
    LORA_REG_VALID                           0x20000004   Data           1  communication.o(.data)
    g_Heart_Beat                             0x20000006   Data          14  communication.o(.data)
    RS232_REG_VALID                          0x20000014   Data           1  communication.o(.data)
    g_rs232_data_new                         0x20000015   Data           1  communication.o(.data)
    gDriverMode                              0x20000016   Data           1  communication.o(.data)
    gDriverModeNew                           0x20000017   Data           1  communication.o(.data)
    gEngineMode                              0x20000018   Data           1  communication.o(.data)
    gEngineModeNew                           0x20000019   Data           1  communication.o(.data)
    gTankLevel                               0x2000001a   Data           1  communication.o(.data)
    gTankLevelNew                            0x2000001b   Data           1  communication.o(.data)
    gBaterryVolt                             0x2000001c   Data           2  communication.o(.data)
    gBaterryVoltNew                          0x2000001e   Data           1  communication.o(.data)
    gBaseLongitude                           0x20000020   Data           4  pathdata.o(.data)
    gBaseLatitude                            0x20000024   Data           4  pathdata.o(.data)
    gBaseAltitude                            0x20000028   Data           4  pathdata.o(.data)
    gValidPathPtNum                          0x2000002c   Data           4  pathdata.o(.data)
    gCurPathId                               0x20000030   Data           4  pathdata.o(.data)
    SystemCoreClock                          0x20000034   Data           4  system_stm32f4xx.o(.data)
    uwTick                                   0x20000038   Data           4  stm32f4xx_hal.o(.data)
    POINT_COLOR                              0x2000003c   Data           4  lcd.o(.data)
    BACK_COLOR                               0x20000040   Data           4  lcd.o(.data)
    ltdc_framebuf                            0x20000044   Data           8  ltdc.o(.data)
    __stdout                                 0x20000050   Data           4  stdout.o(.data)
    huart1                                   0x20000058   Data          64  usart.o(.bss)
    huart2                                   0x20000098   Data          64  usart.o(.bss)
    huart3                                   0x200000d8   Data          64  usart.o(.bss)
    hcan1                                    0x20000118   Data          68  can.o(.bss)
    lora_buf                                 0x2000015c   Data          13  communication.o(.bss)
    lora_buf_tmp                             0x20000169   Data          13  communication.o(.bss)
    gAppAck                                  0x20000176   Data          20  communication.o(.bss)
    RS232_REGISTER                           0x2000018a   Data          25  communication.o(.bss)
    rs232_buf                                0x200001a3   Data          35  communication.o(.bss)
    rs232_buf_tmp                            0x200001c6   Data          35  communication.o(.bss)
    gINMData                                 0x200001ec   Data          24  communication.o(.bss)
    gCanReceiveFilter1                       0x2000027c   Data          40  communication.o(.bss)
    gCanReceiveFilter2                       0x200002a4   Data          40  communication.o(.bss)
    ble_buf                                  0x200002cc   Data          30  communication.o(.bss)
    SDRAM_Handler                            0x200002ec   Data          52  sdram.o(.bss)
    SRAM_Handler                             0x20000320   Data          80  lcd.o(.bss)
    lcddev                                   0x20000370   Data          14  lcd.o(.bss)
    LTDC_Handler                             0x20000380   Data         168  ltdc.o(.bss)
    DMA2D_Handler                            0x20000428   Data          64  ltdc.o(.bss)
    lcdltdc                                  0x20000468   Data          32  ltdc.o(.bss)
    __initial_sp                             0x20000888   Data           0  startup_stm32f429xx.o(STACK)
    gPathPoints                              0xc0000000   Data       20000000  pathdata.o(.ARM.__AT_0xC0000000)
    ltdc_lcd_framebuf                        0xc1784000   Data       2048000  ltdc.o(.ARM.__AT_0xC1784000)



==============================================================================

Memory Map of the image

  Image Entry point : 0x080001ad

  Load Region LR_IROM1 (Base: 0x08000000, Size: 0x0000dc18, Max: 0x00100000, ABSOLUTE)

    Execution Region ER_IROM1 (Base: 0x08000000, Size: 0x0000dbc0, Max: 0x00100000, ABSOLUTE)

    Base Addr    Size         Type   Attr      Idx    E Section Name        Object

    0x08000000   0x000001ac   Data   RO          699    RESET               startup_stm32f429xx.o
    0x080001ac   0x00000000   Code   RO         3699  * .ARM.Collect$$$$00000000  mc_w.l(entry.o)
    0x080001ac   0x00000004   Code   RO         4005    .ARM.Collect$$$$00000001  mc_w.l(entry2.o)
    0x080001b0   0x00000004   Code   RO         4008    .ARM.Collect$$$$00000004  mc_w.l(entry5.o)
    0x080001b4   0x00000000   Code   RO         4010    .ARM.Collect$$$$00000008  mc_w.l(entry7b.o)
    0x080001b4   0x00000000   Code   RO         4012    .ARM.Collect$$$$0000000A  mc_w.l(entry8b.o)
    0x080001b4   0x00000008   Code   RO         4013    .ARM.Collect$$$$0000000B  mc_w.l(entry9a.o)
    0x080001bc   0x00000000   Code   RO         4015    .ARM.Collect$$$$0000000D  mc_w.l(entry10a.o)
    0x080001bc   0x00000000   Code   RO         4017    .ARM.Collect$$$$0000000F  mc_w.l(entry11a.o)
    0x080001bc   0x00000004   Code   RO         4006    .ARM.Collect$$$$00002712  mc_w.l(entry2.o)
    0x080001c0   0x00000024   Code   RO          700    .text               startup_stm32f429xx.o
    0x080001e4   0x00000024   Code   RO         3702    .text               mc_w.l(memcpya.o)
    0x08000208   0x000000e4   Code   RO         3967    .text               mf_w.l(dmul.o)
    0x080002ec   0x0000001a   Code   RO         3969    .text               mf_w.l(dfltui.o)
    0x08000306   0x00000032   Code   RO         3971    .text               mf_w.l(dfixui.o)
    0x08000338   0x00000026   Code   RO         3973    .text               mf_w.l(f2d.o)
    0x0800035e   0x00000038   Code   RO         3975    .text               mf_w.l(d2f.o)
    0x08000396   0x0000002c   Code   RO         4020    .text               mc_w.l(uidiv.o)
    0x080003c2   0x00000062   Code   RO         4022    .text               mc_w.l(uldiv.o)
    0x08000424   0x00000020   Code   RO         4024    .text               mc_w.l(llushr.o)
    0x08000444   0x00000000   Code   RO         4033    .text               mc_w.l(iusefp.o)
    0x08000444   0x0000006e   Code   RO         4034    .text               mf_w.l(fepilogue.o)
    0x080004b2   0x000000ba   Code   RO         4036    .text               mf_w.l(depilogue.o)
    0x0800056c   0x0000014e   Code   RO         4038    .text               mf_w.l(dadd.o)
    0x080006ba   0x000000de   Code   RO         4040    .text               mf_w.l(ddiv.o)
    0x08000798   0x00000030   Code   RO         4044    .text               mf_w.l(dfixul.o)
    0x080007c8   0x00000030   Code   RO         4046    .text               mf_w.l(cdrcmple.o)
    0x080007f8   0x00000024   Code   RO         4058    .text               mc_w.l(init.o)
    0x0800081c   0x0000001e   Code   RO         4060    .text               mc_w.l(llshl.o)
    0x0800083a   0x00000024   Code   RO         4062    .text               mc_w.l(llsshr.o)
    0x0800085e   0x00000022   Code   RO         4064    .text               mf_w.l(dflti.o)
    0x08000880   0x0000003e   Code   RO         4066    .text               mf_w.l(dfixi.o)
    0x080008be   0x00000004   Code   RO          277    i.BusFault_Handler  stm32f4xx_it.o
    0x080008c2   0x00000002   PAD
    0x080008c4   0x00000010   Code   RO          278    i.CAN1_RX0_IRQHandler  stm32f4xx_it.o
    0x080008d4   0x000001c2   Code   RO         2214    i.CAN_Receive_IT    stm32f4xx_hal_can.o
    0x08000a96   0x00000062   Code   RO         2215    i.CAN_Transmit_IT   stm32f4xx_hal_can.o
    0x08000af8   0x00000020   Code   RO          473    i.ChangeDriverMode  communication.o
    0x08000b18   0x00000002   Code   RO          279    i.DebugMon_Handler  stm32f4xx_it.o
    0x08000b1a   0x00000004   Code   RO            4    i.Error_Handler     main.o
    0x08000b1e   0x00000002   PAD
    0x08000b20   0x00000048   Code   RO         2508    i.FMC_NORSRAM_Extended_Timing_Init  stm32f4xx_ll_fmc.o
    0x08000b68   0x00000074   Code   RO         2509    i.FMC_NORSRAM_Init  stm32f4xx_ll_fmc.o
    0x08000bdc   0x0000005e   Code   RO         2510    i.FMC_NORSRAM_Timing_Init  stm32f4xx_ll_fmc.o
    0x08000c3a   0x00000074   Code   RO         2520    i.FMC_SDRAM_Init    stm32f4xx_ll_fmc.o
    0x08000cae   0x0000000e   Code   RO         2521    i.FMC_SDRAM_ProgramRefreshRate  stm32f4xx_ll_fmc.o
    0x08000cbc   0x00000052   Code   RO         2522    i.FMC_SDRAM_SendCommand  stm32f4xx_ll_fmc.o
    0x08000d0e   0x00000002   PAD
    0x08000d10   0x0000009c   Code   RO         2524    i.FMC_SDRAM_Timing_Init  stm32f4xx_ll_fmc.o
    0x08000dac   0x00000024   Code   RO          474    i.GetBatteryVolt    communication.o
    0x08000dd0   0x00000024   Code   RO          475    i.GetDriverMode     communication.o
    0x08000df4   0x00000024   Code   RO          476    i.GetEngineMode     communication.o
    0x08000e18   0x00000024   Code   RO          477    i.GetTankLevel      communication.o
    0x08000e3c   0x00000108   Code   RO         2216    i.HAL_CAN_ConfigFilter  stm32f4xx_hal_can.o
    0x08000f44   0x00000002   Code   RO         2218    i.HAL_CAN_ErrorCallback  stm32f4xx_hal_can.o
    0x08000f46   0x00000002   PAD
    0x08000f48   0x00000254   Code   RO         2221    i.HAL_CAN_IRQHandler  stm32f4xx_hal_can.o
    0x0800119c   0x000001bc   Code   RO         2222    i.HAL_CAN_Init      stm32f4xx_hal_can.o
    0x08001358   0x0000006c   Code   RO          432    i.HAL_CAN_MspInit   can.o
    0x080013c4   0x0000010c   Code   RO         2226    i.HAL_CAN_Receive_IT  stm32f4xx_hal_can.o
    0x080014d0   0x00000090   Code   RO          478    i.HAL_CAN_RxCpltCallback  communication.o
    0x08001560   0x000002b8   Code   RO         2229    i.HAL_CAN_Transmit  stm32f4xx_hal_can.o
    0x08001818   0x00000002   Code   RO         2231    i.HAL_CAN_TxCpltCallback  stm32f4xx_hal_can.o
    0x0800181a   0x00000028   Code   RO         1745    i.HAL_DMA_Abort_IT  stm32f4xx_hal_dma.o
    0x08001842   0x0000001e   Code   RO         1275    i.HAL_Delay         stm32f4xx_hal.o
    0x08001860   0x0000021c   Code   RO         1678    i.HAL_GPIO_Init     stm32f4xx_hal_gpio.o
    0x08001a7c   0x00000010   Code   RO         1680    i.HAL_GPIO_ReadPin  stm32f4xx_hal_gpio.o
    0x08001a8c   0x0000000c   Code   RO         1682    i.HAL_GPIO_WritePin  stm32f4xx_hal_gpio.o
    0x08001a98   0x0000000c   Code   RO         1283    i.HAL_GetTick       stm32f4xx_hal.o
    0x08001aa4   0x00000010   Code   RO         1285    i.HAL_IncTick       stm32f4xx_hal.o
    0x08001ab4   0x0000003c   Code   RO         1286    i.HAL_Init          stm32f4xx_hal.o
    0x08001af0   0x00000028   Code   RO         1287    i.HAL_InitTick      stm32f4xx_hal.o
    0x08001b18   0x0000005e   Code   RO         2683    i.HAL_LTDC_ConfigLayer  stm32f4xx_hal_ltdc.o
    0x08001b76   0x00000002   PAD
    0x08001b78   0x0000011c   Code   RO         2700    i.HAL_LTDC_Init     stm32f4xx_hal_ltdc.o
    0x08001c94   0x0000015c   Code   RO         3542    i.HAL_LTDC_MspInit  ltdc.o
    0x08001df0   0x0000006c   Code   RO         2715    i.HAL_LTDC_SetWindowPosition  stm32f4xx_hal_ltdc.o
    0x08001e5c   0x0000006c   Code   RO         2717    i.HAL_LTDC_SetWindowSize  stm32f4xx_hal_ltdc.o
    0x08001ec8   0x00000056   Code   RO          253    i.HAL_MspInit       stm32f4xx_hal_msp.o
    0x08001f1e   0x0000001a   Code   RO         1438    i.HAL_NVIC_EnableIRQ  stm32f4xx_hal_cortex.o
    0x08001f38   0x0000007c   Code   RO         1444    i.HAL_NVIC_SetPriority  stm32f4xx_hal_cortex.o
    0x08001fb4   0x00000028   Code   RO         1445    i.HAL_NVIC_SetPriorityGrouping  stm32f4xx_hal_cortex.o
    0x08001fdc   0x000000a4   Code   RO         1202    i.HAL_PWREx_EnableOverDrive  stm32f4xx_hal_pwr_ex.o
    0x08002080   0x00000370   Code   RO          750    i.HAL_RCCEx_PeriphCLKConfig  stm32f4xx_hal_rcc_ex.o
    0x080023f0   0x000001d0   Code   RO         1574    i.HAL_RCC_ClockConfig  stm32f4xx_hal_rcc.o
    0x080025c0   0x0000000c   Code   RO         1579    i.HAL_RCC_GetHCLKFreq  stm32f4xx_hal_rcc.o
    0x080025cc   0x0000002c   Code   RO         1581    i.HAL_RCC_GetPCLK1Freq  stm32f4xx_hal_rcc.o
    0x080025f8   0x0000002c   Code   RO         1582    i.HAL_RCC_GetPCLK2Freq  stm32f4xx_hal_rcc.o
    0x08002624   0x000000b4   Code   RO         1583    i.HAL_RCC_GetSysClockFreq  stm32f4xx_hal_rcc.o
    0x080026d8   0x0000044c   Code   RO         1586    i.HAL_RCC_OscConfig  stm32f4xx_hal_rcc.o
    0x08002b24   0x00000040   Code   RO         2350    i.HAL_SDRAM_Init    stm32f4xx_hal_sdram.o
    0x08002b64   0x00000134   Code   RO         3256    i.HAL_SDRAM_MspInit  sdram.o
    0x08002c98   0x00000028   Code   RO         2353    i.HAL_SDRAM_ProgramRefreshRate  stm32f4xx_hal_sdram.o
    0x08002cc0   0x0000003a   Code   RO         2359    i.HAL_SDRAM_SendCommand  stm32f4xx_hal_sdram.o
    0x08002cfa   0x00000058   Code   RO         3138    i.HAL_SRAM_Init     stm32f4xx_hal_sram.o
    0x08002d52   0x00000002   PAD
    0x08002d54   0x000000a4   Code   RO         3314    i.HAL_SRAM_MspInit  lcd.o
    0x08002df8   0x00000028   Code   RO         1447    i.HAL_SYSTICK_CLKSourceConfig  stm32f4xx_hal_cortex.o
    0x08002e20   0x00000002   Code   RO         1448    i.HAL_SYSTICK_Callback  stm32f4xx_hal_cortex.o
    0x08002e22   0x00000034   Code   RO         1449    i.HAL_SYSTICK_Config  stm32f4xx_hal_cortex.o
    0x08002e56   0x00000008   Code   RO         1450    i.HAL_SYSTICK_IRQHandler  stm32f4xx_hal_cortex.o
    0x08002e5e   0x00000002   Code   RO         1858    i.HAL_UART_AbortReceiveCpltCallback  stm32f4xx_hal_uart.o
    0x08002e60   0x00000078   Code   RO         1859    i.HAL_UART_AbortReceive_IT  stm32f4xx_hal_uart.o
    0x08002ed8   0x00000002   Code   RO         1868    i.HAL_UART_ErrorCallback  stm32f4xx_hal_uart.o
    0x08002eda   0x00000002   PAD
    0x08002edc   0x0000014c   Code   RO         1871    i.HAL_UART_IRQHandler  stm32f4xx_hal_uart.o
    0x08003028   0x00000072   Code   RO         1872    i.HAL_UART_Init     stm32f4xx_hal_uart.o
    0x0800309a   0x00000002   PAD
    0x0800309c   0x00000130   Code   RO          378    i.HAL_UART_MspInit  usart.o
    0x080031cc   0x00000064   Code   RO         1877    i.HAL_UART_Receive_IT  stm32f4xx_hal_uart.o
    0x08003230   0x00000064   Code   RO          479    i.HAL_UART_RxCpltCallback  communication.o
    0x08003294   0x000000d6   Code   RO         1880    i.HAL_UART_Transmit  stm32f4xx_hal_uart.o
    0x0800336a   0x00000002   Code   RO         1883    i.HAL_UART_TxCpltCallback  stm32f4xx_hal_uart.o
    0x0800336c   0x00000004   Code   RO          280    i.HardFault_Handler  stm32f4xx_it.o
    0x08003370   0x00000048   Code   RO         3316    i.LCD_Clear         lcd.o
    0x080033b8   0x00000180   Code   RO         3320    i.LCD_Display_Dir   lcd.o
    0x08003538   0x00000124   Code   RO         3325    i.LCD_Fast_DrawPoint  lcd.o
    0x0800365c   0x00000070   Code   RO         3326    i.LCD_Fill          lcd.o
    0x080036cc   0x00002464   Code   RO         3327    i.LCD_Init          lcd.o
    0x08005b30   0x00000014   Code   RO         3329    i.LCD_RD_DATA       lcd.o
    0x08005b44   0x00000060   Code   RO         3332    i.LCD_SSD_BackLightSet  lcd.o
    0x08005ba4   0x00000274   Code   RO         3333    i.LCD_Scan_Dir      lcd.o
    0x08005e18   0x00000138   Code   RO         3334    i.LCD_SetCursor     lcd.o
    0x08005f50   0x0000013c   Code   RO         3336    i.LCD_ShowChar      lcd.o
    0x0800608c   0x00000066   Code   RO         3338    i.LCD_ShowString    lcd.o
    0x080060f2   0x00000002   PAD
    0x080060f4   0x00000018   Code   RO         3340    i.LCD_WR_DATA       lcd.o
    0x0800610c   0x00000018   Code   RO         3341    i.LCD_WR_REG        lcd.o
    0x08006124   0x00000014   Code   RO         3343    i.LCD_WriteRAM_Prepare  lcd.o
    0x08006138   0x00000010   Code   RO         3344    i.LCD_WriteReg      lcd.o
    0x08006148   0x00000024   Code   RO         3543    i.LTDC_Clear        ltdc.o
    0x0800616c   0x00000026   Code   RO         3544    i.LTDC_Clk_Set      ltdc.o
    0x08006192   0x00000002   PAD
    0x08006194   0x0000002c   Code   RO         3546    i.LTDC_Display_Dir  ltdc.o
    0x080061c0   0x00000050   Code   RO         3547    i.LTDC_Draw_Point   ltdc.o
    0x08006210   0x00000164   Code   RO         3548    i.LTDC_Fill         ltdc.o
    0x08006374   0x0000027c   Code   RO         3549    i.LTDC_Init         ltdc.o
    0x080065f0   0x0000007c   Code   RO         3550    i.LTDC_Layer_Parameter_Config  ltdc.o
    0x0800666c   0x00000030   Code   RO         3552    i.LTDC_Layer_Window_Config  ltdc.o
    0x0800669c   0x000000d4   Code   RO         3553    i.LTDC_PanelID_Read  ltdc.o
    0x08006770   0x0000000c   Code   RO         3555    i.LTDC_Select_Layer  ltdc.o
    0x0800677c   0x00000212   Code   RO         2719    i.LTDC_SetConfig    stm32f4xx_hal_ltdc.o
    0x0800698e   0x00000002   PAD
    0x08006990   0x00000044   Code   RO          433    i.MX_CAN1_Init      can.o
    0x080069d4   0x0000008c   Code   RO          229    i.MX_GPIO_Init      gpio.o
    0x08006a60   0x00000038   Code   RO          379    i.MX_USART1_UART_Init  usart.o
    0x08006a98   0x00000038   Code   RO          380    i.MX_USART2_UART_Init  usart.o
    0x08006ad0   0x00000038   Code   RO          381    i.MX_USART3_UART_Init  usart.o
    0x08006b08   0x00000004   Code   RO          281    i.MemManage_Handler  stm32f4xx_it.o
    0x08006b0c   0x00000002   Code   RO          282    i.NMI_Handler       stm32f4xx_it.o
    0x08006b0e   0x00000002   PAD
    0x08006b10   0x00000010   Code   RO         1451    i.NVIC_GetPriorityGrouping  stm32f4xx_hal_cortex.o
    0x08006b20   0x00000028   Code   RO         1452    i.NVIC_SetPriority  stm32f4xx_hal_cortex.o
    0x08006b48   0x00000002   Code   RO          283    i.PendSV_Handler    stm32f4xx_it.o
    0x08006b4a   0x00000002   PAD
    0x08006b4c   0x00000074   Code   RO         3257    i.SDRAM_Init        sdram.o
    0x08006bc0   0x00000042   Code   RO         3258    i.SDRAM_Initialization_Sequence  sdram.o
    0x08006c02   0x00000002   PAD
    0x08006c04   0x00000048   Code   RO         3259    i.SDRAM_Send_Cmd    sdram.o
    0x08006c4c   0x00000002   Code   RO          284    i.SVC_Handler       stm32f4xx_it.o
    0x08006c4e   0x00000002   PAD
    0x08006c50   0x000001fc   Code   RO          480    i.SendSpeed         communication.o
    0x08006e4c   0x00000020   Code   RO          481    i.SetEngineMode     communication.o
    0x08006e6c   0x0000000c   Code   RO          285    i.SysTick_Handler   stm32f4xx_it.o
    0x08006e78   0x000000d0   Code   RO            5    i.SystemClock_Config  main.o
    0x08006f48   0x00000064   Code   RO          664    i.SystemInit        system_stm32f4xx.o
    0x08006fac   0x00000014   Code   RO         1885    i.UART_DMAAbortOnError  stm32f4xx_hal_uart.o
    0x08006fc0   0x00000018   Code   RO         1890    i.UART_DMARxOnlyAbortCallback  stm32f4xx_hal_uart.o
    0x08006fd8   0x00000020   Code   RO         1895    i.UART_EndRxTransfer  stm32f4xx_hal_uart.o
    0x08006ff8   0x00000020   Code   RO         1896    i.UART_EndTransmit_IT  stm32f4xx_hal_uart.o
    0x08007018   0x0000009a   Code   RO         1898    i.UART_Receive_IT   stm32f4xx_hal_uart.o
    0x080070b2   0x00000002   PAD
    0x080070b4   0x00000368   Code   RO         1899    i.UART_SetConfig    stm32f4xx_hal_uart.o
    0x0800741c   0x00000068   Code   RO         1900    i.UART_Transmit_IT  stm32f4xx_hal_uart.o
    0x08007484   0x0000006c   Code   RO         1901    i.UART_WaitOnFlagUntilTimeout  stm32f4xx_hal_uart.o
    0x080074f0   0x00000010   Code   RO          286    i.USART1_IRQHandler  stm32f4xx_it.o
    0x08007500   0x00000010   Code   RO          287    i.USART2_IRQHandler  stm32f4xx_it.o
    0x08007510   0x00000010   Code   RO          288    i.USART3_IRQHandler  stm32f4xx_it.o
    0x08007520   0x00000004   Code   RO          289    i.UsageFault_Handler  stm32f4xx_it.o
    0x08007524   0x00000020   Code   RO         3939    i.__0printf         mc_w.l(printfa.o)
    0x08007544   0x00000028   Code   RO         3941    i.__0sprintf        mc_w.l(printfa.o)
    0x0800756c   0x00000030   Code   RO         4054    i.__ARM_fpclassify  m_wm.l(fpclassify.o)
    0x0800759c   0x00000004   PAD
    0x080075a0   0x000000c8   Code   RO         3687    i.__hardfp_cos      m_wm.l(cos.o)
    0x08007668   0x00000438   Code   RO         3994    i.__ieee754_rem_pio2  m_wm.l(rred.o)
    0x08007aa0   0x00000170   Code   RO         3977    i.__kernel_cos      m_wm.l(cos_i.o)
    0x08007c10   0x000000f8   Code   RO         4056    i.__kernel_poly     m_wm.l(poly.o)
    0x08007d08   0x00000130   Code   RO         3999    i.__kernel_sin      m_wm.l(sin_i.o)
    0x08007e38   0x00000014   Code   RO         3981    i.__mathlib_dbl_infnan  m_wm.l(dunder.o)
    0x08007e4c   0x00000004   PAD
    0x08007e50   0x00000020   Code   RO         3983    i.__mathlib_dbl_invalid  m_wm.l(dunder.o)
    0x08007e70   0x00000020   Code   RO         3986    i.__mathlib_dbl_underflow  m_wm.l(dunder.o)
    0x08007e90   0x0000000e   Code   RO         4070    i.__scatterload_copy  mc_w.l(handlers.o)
    0x08007e9e   0x00000002   Code   RO         4071    i.__scatterload_null  mc_w.l(handlers.o)
    0x08007ea0   0x0000000e   Code   RO         4072    i.__scatterload_zeroinit  mc_w.l(handlers.o)
    0x08007eae   0x00000002   PAD
    0x08007eb0   0x0000000c   Code   RO         4028    i.__set_errno       mc_w.l(errno.o)
    0x08007ebc   0x00000164   Code   RO         3946    i._fp_digits        mc_w.l(printfa.o)
    0x08008020   0x000006dc   Code   RO         3947    i._printf_core      mc_w.l(printfa.o)
    0x080086fc   0x00000024   Code   RO         3948    i._printf_post_padding  mc_w.l(printfa.o)
    0x08008720   0x0000002e   Code   RO         3949    i._printf_pre_padding  mc_w.l(printfa.o)
    0x0800874e   0x0000000a   Code   RO         3951    i._sputc            mc_w.l(printfa.o)
    0x08008758   0x00000034   Code   RO          482    i.ackApp            communication.o
    0x0800878c   0x00000040   Code   RO          616    i.addPathPoint      pathdata.o
    0x080087cc   0x00000088   Code   RO          483    i.assemAppAck       communication.o
    0x08008854   0x0000006a   Code   RO          484    i.byhhReceiveUsart  communication.o
    0x080088be   0x00000002   PAD
    0x080088c0   0x000000e8   Code   RO          617    i.cvtGpsPt2Xyz      pathdata.o
    0x080089a8   0x00000018   Code   RO         3658    i.delay_ms          delay.o
    0x080089c0   0x00000048   Code   RO         3659    i.delay_us          delay.o
    0x08008a08   0x00000018   Code   RO         4050    i.fabs              m_wm.l(fabs.o)
    0x08008a20   0x0000001c   Code   RO            6    i.fputc             main.o
    0x08008a3c   0x000000e0   Code   RO          485    i.initCan1          communication.o
    0x08008b1c   0x00000044   Code   RO          618    i.initPathPointsData  pathdata.o
    0x08008b60   0x0000001a   Code   RO            7    i.lcdshow           main.o
    0x08008b7a   0x00000002   PAD
    0x08008b7c   0x00000050   Code   RO            8    i.lcdshowbatteryvolt  main.o
    0x08008bcc   0x000000fc   Code   RO            9    i.lcdshowcmd        main.o
    0x08008cc8   0x000000c4   Code   RO           10    i.lcdshowdrivermode  main.o
    0x08008d8c   0x00000098   Code   RO           11    i.lcdshowenginemode  main.o
    0x08008e24   0x0000004c   Code   RO           12    i.lcdshowtanklevel  main.o
    0x08008e70   0x000002b4   Code   RO           13    i.main              main.o
    0x08009124   0x00000050   Code   RO          486    i.receiveINMData    communication.o
    0x08009174   0x0000002c   Code   RO          487    i.receiveLoRaCmd    communication.o
    0x080091a0   0x00000018   Code   RO          488    i.startReceiveBleFile  communication.o
    0x080091b8   0x00000010   Code   RO          489    i.stopReceiveBleFile  communication.o
    0x080091c8   0x0000008c   Code   RO          490    i.updateLoRaData    communication.o
    0x08009254   0x000000d0   Code   RO          491    i.updateRS232Data   communication.o
    0x08009324   0x00000018   Data   RO          665    .constdata          system_stm32f4xx.o
    0x0800933c   0x00004740   Data   RO         3347    .constdata          lcd.o
    0x0800da7c   0x00000004   PAD
    0x0800da80   0x00000030   Data   RO         3978    .constdata          m_wm.l(cos_i.o)
    0x0800dab0   0x000000c8   Data   RO         3996    .constdata          m_wm.l(rred.o)
    0x0800db78   0x00000028   Data   RO         4000    .constdata          m_wm.l(sin_i.o)
    0x0800dba0   0x00000020   Data   RO         4068    Region$$Table       anon$$obj.o


    Execution Region RW_IRAM1 (Base: 0x20000000, Size: 0x00000888, Max: 0x00030000, ABSOLUTE)

    Base Addr    Size         Type   Attr      Idx    E Section Name        Object

    0x20000000   0x0000001f   Data   RW          493    .data               communication.o
    0x2000001f   0x00000001   PAD
    0x20000020   0x00000014   Data   RW          620    .data               pathdata.o
    0x20000034   0x00000004   Data   RW          666    .data               system_stm32f4xx.o
    0x20000038   0x00000004   Data   RW         1292    .data               stm32f4xx_hal.o
    0x2000003c   0x00000008   Data   RW         3348    .data               lcd.o
    0x20000044   0x00000008   Data   RW         3559    .data               ltdc.o
    0x2000004c   0x00000004   Data   RW         3660    .data               delay.o
    0x20000050   0x00000004   Data   RW         4019    .data               mc_w.l(stdout.o)
    0x20000054   0x00000004   Data   RW         4029    .data               mc_w.l(errno.o)
    0x20000058   0x000000c0   Zero   RW          382    .bss                usart.o
    0x20000118   0x00000044   Zero   RW          434    .bss                can.o
    0x2000015c   0x0000018e   Zero   RW          492    .bss                communication.o
    0x200002ea   0x00000002   PAD
    0x200002ec   0x00000034   Zero   RW         3260    .bss                sdram.o
    0x20000320   0x0000005e   Zero   RW         3346    .bss                lcd.o
    0x2000037e   0x00000002   PAD
    0x20000380   0x00000108   Zero   RW         3558    .bss                ltdc.o
    0x20000488   0x00000400   Zero   RW          697    STACK               startup_stm32f429xx.o



  Load Region LR$$.ARM.__AT_0xC0000000 (Base: 0xc0000000, Size: 0x00000000, Max: 0x01312d00, ABSOLUTE)

    Execution Region ER$$.ARM.__AT_0xC0000000 (Base: 0xc0000000, Size: 0x01312d00, Max: 0x01312d00, ABSOLUTE, UNINIT)

    Base Addr    Size         Type   Attr      Idx    E Section Name        Object

    0xc0000000   0x01312d00   Zero   RW          619    .ARM.__AT_0xC0000000  pathdata.o



  Load Region LR$$.ARM.__AT_0xC1784000 (Base: 0xc1784000, Size: 0x00000000, Max: 0x001f4000, ABSOLUTE)

    Execution Region ER$$.ARM.__AT_0xC1784000 (Base: 0xc1784000, Size: 0x001f4000, Max: 0x001f4000, ABSOLUTE, UNINIT)

    Base Addr    Size         Type   Attr      Idx    E Section Name        Object

    0xc1784000   0x001f4000   Zero   RW         3557    .ARM.__AT_0xC1784000  ltdc.o


==============================================================================

Image component sizes


      Code (inc. data)   RO Data    RW Data    ZI Data      Debug   Object Name

       176         22          0          0         68       1609   can.o
      1990        338          0         31        398      15360   communication.o
        96          4          0          4          0       1378   delay.o
       140          8          0          0          0        899   gpio.o
     11898        210      18240          8         94      18950   lcd.o
      1934        130          0          8    2048264       9670   ltdc.o
      1714        456          0          0          0     760779   main.o
       364         50          0         20   20000000       3151   pathdata.o
       562         40          0          0         52       3458   sdram.o
        36          8        428          0       1024        808   startup_stm32f429xx.o
       158         20          0          4          0       4443   stm32f4xx_hal.o
      2820         32          0          0          0       7924   stm32f4xx_hal_can.o
       348         22          0          0          0      32641   stm32f4xx_hal_cortex.o
        40          0          0          0          0       1139   stm32f4xx_hal_dma.o
       568         54          0          0          0       3015   stm32f4xx_hal_gpio.o
      1124          6          0          0          0       4665   stm32f4xx_hal_ltdc.o
        86          0          0          0          0        514   stm32f4xx_hal_msp.o
       164         12          0          0          0       1284   stm32f4xx_hal_pwr_ex.o
      1844         80          0          0          0       5484   stm32f4xx_hal_rcc.o
       880         24          0          0          0       1572   stm32f4xx_hal_rcc_ex.o
       162          0          0          0          0       2736   stm32f4xx_hal_sdram.o
        88          0          0          0          0       1208   stm32f4xx_hal_sram.o
      2232         20          0          0          0      11866   stm32f4xx_hal_uart.o
       100         24          0          0          0       6100   stm32f4xx_it.o
       650         14          0          0          0       5884   stm32f4xx_ll_fmc.o
       100         18         24          4          0       1163   system_stm32f4xx.o
       472         56          0          0        192       2884   usart.o

    ----------------------------------------------------------------------
     30782       1648      18728         80   22050096     910584   Object Totals
         0          0         32          0          0          0   (incl. Generated)
        36          0          4          1          4          0   (incl. Padding)

    ----------------------------------------------------------------------

      Code (inc. data)   RO Data    RW Data    ZI Data      Debug   Library Member Name

       200         20          0          0          0        164   cos.o
       368         46         48          0          0        200   cos_i.o
        84         16          0          0          0        372   dunder.o
        24          0          0          0          0        124   fabs.o
        48          0          0          0          0        124   fpclassify.o
       248          0          0          0          0        152   poly.o
      1080        142        200          0          0        188   rred.o
       304         24         40          0          0        208   sin_i.o
         0          0          0          0          0          0   entry.o
         0          0          0          0          0          0   entry10a.o
         0          0          0          0          0          0   entry11a.o
         8          4          0          0          0          0   entry2.o
         4          0          0          0          0          0   entry5.o
         0          0          0          0          0          0   entry7b.o
         0          0          0          0          0          0   entry8b.o
         8          4          0          0          0          0   entry9a.o
        12          6          0          4          0         68   errno.o
        30          0          0          0          0          0   handlers.o
        36          8          0          0          0         68   init.o
         0          0          0          0          0          0   iusefp.o
        30          0          0          0          0         68   llshl.o
        36          0          0          0          0         68   llsshr.o
        32          0          0          0          0         68   llushr.o
        36          0          0          0          0         68   memcpya.o
      2276         96          0          0          0        596   printfa.o
         0          0          0          4          0          0   stdout.o
        44          0          0          0          0         80   uidiv.o
        98          0          0          0          0         92   uldiv.o
        48          0          0          0          0         68   cdrcmple.o
        56          0          0          0          0         88   d2f.o
       334          0          0          0          0        148   dadd.o
       222          0          0          0          0        100   ddiv.o
       186          0          0          0          0        176   depilogue.o
        62          0          0          0          0         80   dfixi.o
        50          0          0          0          0         76   dfixui.o
        48          0          0          0          0         68   dfixul.o
        34          0          0          0          0         76   dflti.o
        26          0          0          0          0         76   dfltui.o
       228          0          0          0          0         96   dmul.o
        38          0          0          0          0         68   f2d.o
       110          0          0          0          0        168   fepilogue.o

    ----------------------------------------------------------------------
      6458        366        288          8          0       3996   Library Totals
        10          0          0          0          0          0   (incl. Padding)

    ----------------------------------------------------------------------

      Code (inc. data)   RO Data    RW Data    ZI Data      Debug   Library Name

      2356        248        288          0          0       1532   m_wm.l
      2650        118          0          8          0       1176   mc_w.l
      1442          0          0          0          0       1288   mf_w.l

    ----------------------------------------------------------------------
      6458        366        288          8          0       3996   Library Totals

    ----------------------------------------------------------------------

==============================================================================


      Code (inc. data)   RO Data    RW Data    ZI Data      Debug   

     37240       2014      19016         88   22050096     897884   Grand Totals
     37240       2014      19016         88   22050096     897884   ELF Image Totals
     37240       2014      19016         88          0          0   ROM Totals

==============================================================================

    Total RO  Size (Code + RO Data)                56256 (  54.94kB)
    Total RW  Size (RW Data + ZI Data)          22050184 (21533.38kB)
    Total ROM Size (Code + RO Data + RW Data)      56344 (  55.02kB)

==============================================================================

