Component: ARM Compiler 5.06 update 1 (build 61) Tool: armlink [4d35a8]

==============================================================================

Section Cross References

    main.o(i.SystemClock_Config) refers to stm32f4xx_hal_rcc.o(i.HAL_RCC_OscConfig) for HAL_RCC_OscConfig
    main.o(i.SystemClock_Config) refers to main.o(i.Error_Handler) for Error_Handler
    main.o(i.SystemClock_Config) refers to stm32f4xx_hal_pwr_ex.o(i.HAL_PWREx_EnableOverDrive) for HAL_PWREx_EnableOverDrive
    main.o(i.SystemClock_Config) refers to stm32f4xx_hal_rcc.o(i.HAL_RCC_ClockConfig) for HAL_RCC_ClockConfig
    main.o(i.SystemClock_Config) refers to stm32f4xx_hal_rcc.o(i.HAL_RCC_GetHCLKFreq) for HAL_RCC_GetHCLKFreq
    main.o(i.SystemClock_Config) refers to stm32f4xx_hal_cortex.o(i.HAL_SYSTICK_Config) for HAL_SYSTICK_Config
    main.o(i.SystemClock_Config) refers to stm32f4xx_hal_cortex.o(i.HAL_SYSTICK_CLKSourceConfig) for HAL_SYSTICK_CLKSourceConfig
    main.o(i.SystemClock_Config) refers to stm32f4xx_hal_cortex.o(i.HAL_NVIC_SetPriority) for HAL_NVIC_SetPriority
    main.o(i.fputc) refers to stm32f4xx_hal_uart.o(i.HAL_UART_Transmit) for HAL_UART_Transmit
    main.o(i.fputc) refers to usart.o(.bss) for huart1
    main.o(i.lcdshow) refers to lcd.o(i.LCD_ShowString) for LCD_ShowString
    main.o(i.lcdshowbatteryvolt) refers to printfa.o(i.__0sprintf) for __2sprintf
    main.o(i.lcdshowbatteryvolt) refers to lcd.o(i.LCD_Fill) for LCD_Fill
    main.o(i.lcdshowbatteryvolt) refers to lcd.o(i.LCD_ShowString) for LCD_ShowString
    main.o(i.lcdshowcmd) refers to printfa.o(i.__0sprintf) for __2sprintf
    main.o(i.lcdshowcmd) refers to lcd.o(i.LCD_Fill) for LCD_Fill
    main.o(i.lcdshowcmd) refers to lcd.o(i.LCD_ShowString) for LCD_ShowString
    main.o(i.lcdshowdrivermode) refers to printfa.o(i.__0sprintf) for __2sprintf
    main.o(i.lcdshowdrivermode) refers to lcd.o(i.LCD_Fill) for LCD_Fill
    main.o(i.lcdshowdrivermode) refers to lcd.o(i.LCD_ShowString) for LCD_ShowString
    main.o(i.lcdshowenginemode) refers to printfa.o(i.__0sprintf) for __2sprintf
    main.o(i.lcdshowenginemode) refers to lcd.o(i.LCD_Fill) for LCD_Fill
    main.o(i.lcdshowenginemode) refers to lcd.o(i.LCD_ShowString) for LCD_ShowString
    main.o(i.lcdshowinmdata) refers to f2d.o(.text) for __aeabi_f2d
    main.o(i.lcdshowinmdata) refers to printfa.o(i.__0sprintf) for __2sprintf
    main.o(i.lcdshowinmdata) refers to lcd.o(i.LCD_Fill) for LCD_Fill
    main.o(i.lcdshowinmdata) refers to lcd.o(i.LCD_ShowString) for LCD_ShowString
    main.o(i.lcdshowtanklevel) refers to printfa.o(i.__0sprintf) for __2sprintf
    main.o(i.lcdshowtanklevel) refers to lcd.o(i.LCD_Fill) for LCD_Fill
    main.o(i.lcdshowtanklevel) refers to lcd.o(i.LCD_ShowString) for LCD_ShowString
    main.o(i.main) refers to stm32f4xx_hal.o(i.HAL_Init) for HAL_Init
    main.o(i.main) refers to main.o(i.SystemClock_Config) for SystemClock_Config
    main.o(i.main) refers to gpio.o(i.MX_GPIO_Init) for MX_GPIO_Init
    main.o(i.main) refers to usart.o(i.MX_USART1_UART_Init) for MX_USART1_UART_Init
    main.o(i.main) refers to can.o(i.MX_CAN1_Init) for MX_CAN1_Init
    main.o(i.main) refers to usart.o(i.MX_USART3_UART_Init) for MX_USART3_UART_Init
    main.o(i.main) refers to usart.o(i.MX_USART2_UART_Init) for MX_USART2_UART_Init
    main.o(i.main) refers to printfa.o(i.__0printf) for __2printf
    main.o(i.main) refers to communication.o(i.initCan1) for initCan1
    main.o(i.main) refers to sdram.o(i.SDRAM_Init) for SDRAM_Init
    main.o(i.main) refers to pathdata.o(i.initPathPointsData) for initPathPointsData
    main.o(i.main) refers to lcd.o(i.LCD_Init) for LCD_Init
    main.o(i.main) refers to lcd.o(i.LCD_Clear) for LCD_Clear
    main.o(i.main) refers to main.o(i.lcdshow) for lcdshow
    main.o(i.main) refers to autopilot.o(i.InitAutoPilot) for InitAutoPilot
    main.o(i.main) refers to autopilot.o(i.RunPilot) for RunPilot
    main.o(i.main) refers to lcd.o(.data) for POINT_COLOR
    gpio.o(i.MX_GPIO_Init) refers to stm32f4xx_hal_gpio.o(i.HAL_GPIO_WritePin) for HAL_GPIO_WritePin
    gpio.o(i.MX_GPIO_Init) refers to stm32f4xx_hal_gpio.o(i.HAL_GPIO_Init) for HAL_GPIO_Init
    stm32f4xx_hal_msp.o(i.HAL_MspInit) refers to stm32f4xx_hal_cortex.o(i.HAL_NVIC_SetPriorityGrouping) for HAL_NVIC_SetPriorityGrouping
    stm32f4xx_hal_msp.o(i.HAL_MspInit) refers to stm32f4xx_hal_cortex.o(i.HAL_NVIC_SetPriority) for HAL_NVIC_SetPriority
    stm32f4xx_it.o(i.CAN1_RX0_IRQHandler) refers to stm32f4xx_hal_can.o(i.HAL_CAN_IRQHandler) for HAL_CAN_IRQHandler
    stm32f4xx_it.o(i.CAN1_RX0_IRQHandler) refers to can.o(.bss) for hcan1
    stm32f4xx_it.o(i.SysTick_Handler) refers to stm32f4xx_hal.o(i.HAL_IncTick) for HAL_IncTick
    stm32f4xx_it.o(i.SysTick_Handler) refers to stm32f4xx_hal_cortex.o(i.HAL_SYSTICK_IRQHandler) for HAL_SYSTICK_IRQHandler
    stm32f4xx_it.o(i.USART1_IRQHandler) refers to stm32f4xx_hal_uart.o(i.HAL_UART_IRQHandler) for HAL_UART_IRQHandler
[...]
    UART_SetConfig                           0x080078c9   Thumb Code   864  stm32f4xx_hal_uart.o(i.UART_SetConfig)
    i.UART_Transmit_IT                       0x08007c30   Section        0  stm32f4xx_hal_uart.o(i.UART_Transmit_IT)
    UART_Transmit_IT                         0x08007c31   Thumb Code   104  stm32f4xx_hal_uart.o(i.UART_Transmit_IT)
    i.UART_WaitOnFlagUntilTimeout            0x08007c98   Section        0  stm32f4xx_hal_uart.o(i.UART_WaitOnFlagUntilTimeout)
    UART_WaitOnFlagUntilTimeout              0x08007c99   Thumb Code   108  stm32f4xx_hal_uart.o(i.UART_WaitOnFlagUntilTimeout)
    i.USART1_IRQHandler                      0x08007d04   Section        0  stm32f4xx_it.o(i.USART1_IRQHandler)
    i.USART2_IRQHandler                      0x08007d14   Section        0  stm32f4xx_it.o(i.USART2_IRQHandler)
    i.USART3_IRQHandler                      0x08007d24   Section        0  stm32f4xx_it.o(i.USART3_IRQHandler)
    i.UsageFault_Handler                     0x08007d34   Section        0  stm32f4xx_it.o(i.UsageFault_Handler)
    i.__0printf                              0x08007d38   Section        0  printfa.o(i.__0printf)
    i.__ARM_fpclassify                       0x08007d58   Section        0  fpclassify.o(i.__ARM_fpclassify)
    i.__hardfp_atan                          0x08007d88   Section        0  atan.o(i.__hardfp_atan)
    i.__hardfp_cos                           0x08008060   Section        0  cos.o(i.__hardfp_cos)
    i.__hardfp_pow                           0x08008128   Section        0  pow.o(i.__hardfp_pow)
    i.__hardfp_sin                           0x08008d78   Section        0  sin.o(i.__hardfp_sin)
    i.__hardfp_sqrt                          0x08008e40   Section        0  sqrt.o(i.__hardfp_sqrt)
    i.__ieee754_rem_pio2                     0x08008ec0   Section        0  rred.o(i.__ieee754_rem_pio2)
    i.__kernel_cos                           0x080092f8   Section        0  cos_i.o(i.__kernel_cos)
    i.__kernel_poly                          0x08009468   Section        0  poly.o(i.__kernel_poly)
    i.__kernel_sin                           0x08009560   Section        0  sin_i.o(i.__kernel_sin)
    i.__mathlib_dbl_divzero                  0x08009690   Section        0  dunder.o(i.__mathlib_dbl_divzero)
    i.__mathlib_dbl_infnan                   0x080096c0   Section        0  dunder.o(i.__mathlib_dbl_infnan)
    i.__mathlib_dbl_infnan2                  0x080096d4   Section        0  dunder.o(i.__mathlib_dbl_infnan2)
    i.__mathlib_dbl_invalid                  0x080096e8   Section        0  dunder.o(i.__mathlib_dbl_invalid)
    i.__mathlib_dbl_overflow                 0x08009708   Section        0  dunder.o(i.__mathlib_dbl_overflow)
    i.__mathlib_dbl_underflow                0x08009728   Section        0  dunder.o(i.__mathlib_dbl_underflow)
    i.__scatterload_copy                     0x08009748   Section       14  handlers.o(i.__scatterload_copy)
    i.__scatterload_null                     0x08009756   Section        2  handlers.o(i.__scatterload_null)
    i.__scatterload_zeroinit                 0x08009758   Section       14  handlers.o(i.__scatterload_zeroinit)
    i.__set_errno                            0x08009768   Section        0  errno.o(i.__set_errno)
    i._fp_digits                             0x08009774   Section        0  printfa.o(i._fp_digits)
    _fp_digits                               0x08009775   Thumb Code   334  printfa.o(i._fp_digits)
    i._printf_core                           0x080098d8   Section        0  printfa.o(i._printf_core)
    _printf_core                             0x080098d9   Thumb Code  1744  printfa.o(i._printf_core)
    i._printf_post_padding                   0x08009fb4   Section        0  printfa.o(i._printf_post_padding)
    _printf_post_padding                     0x08009fb5   Thumb Code    36  printfa.o(i._printf_post_padding)
    i._printf_pre_padding                    0x08009fd8   Section        0  printfa.o(i._printf_pre_padding)
    _printf_pre_padding                      0x08009fd9   Thumb Code    46  printfa.o(i._printf_pre_padding)
    i.ackApp                                 0x0800a008   Section        0  communication.o(i.ackApp)
    i.addPathPoint                           0x0800a03c   Section        0  pathdata.o(i.addPathPoint)
    i.assemAppAck                            0x0800a07c   Section        0  communication.o(i.assemAppAck)
    i.byhhReceiveUsart                       0x0800a0fc   Section        0  communication.o(i.byhhReceiveUsart)
    i.cvtGpsPt2Xy                            0x0800a168   Section        0  pathdata.o(i.cvtGpsPt2Xy)
    i.cvtINMData2Pose                        0x0800a22c   Section        0  autopilot.o(i.cvtINMData2Pose)
    i.delay_ms                               0x0800a310   Section        0  delay.o(i.delay_ms)
    i.delay_us                               0x0800a328   Section        0  delay.o(i.delay_us)
    i.fabs                                   0x0800a370   Section        0  fabs.o(i.fabs)
    i.fputc                                  0x0800a388   Section        0  main.o(i.fputc)
    i.getCurPathPoint                        0x0800a3a4   Section        0  pathdata.o(i.getCurPathPoint)
    i.getCurPathPointId                      0x0800a3e0   Section        0  pathdata.o(i.getCurPathPointId)
    i.getINMData                             0x0800a3ec   Section        0  communication.o(i.getINMData)
    i.initCan1                               0x0800a400   Section        0  communication.o(i.initCan1)
    i.initPathPointsData                     0x0800a4e0   Section        0  pathdata.o(i.initPathPointsData)
    i.intoPilotAuto                          0x0800a4fc   Section        0  autopilot.o(i.intoPilotAuto)
    i.intoPilotManualWork                    0x0800a512   Section        0  autopilot.o(i.intoPilotManualWork)
    i.intoPilotSupply                        0x0800a528   Section        0  autopilot.o(i.intoPilotSupply)
    i.intoPilotTransition                    0x0800a548   Section        0  autopilot.o(i.intoPilotTransition)
    i.isBleDoing                             0x0800a564   Section        0  communication.o(i.isBleDoing)
    i.isPathDataFileExist                    0x0800a570   Section        0  pathdata.o(i.isPathDataFileExist)
    i.lcdshow                                0x0800a57c   Section        0  main.o(i.lcdshow)
    i.main                                   0x0800a598   Section        0  main.o(i.main)
    i.moveCurPpt2Next                        0x0800a620   Section        0  pathdata.o(i.moveCurPpt2Next)
    i.receiveAPPCmd                          0x0800a630   Section        0  communication.o(i.receiveAPPCmd)
    i.receiveINMData                         0x0800a65c   Section        0  communication.o(i.receiveINMData)
    i.runController                          0x0800a6c0   Section        0  pathfollower.o(i.runController)
    i.setHBBatteryPercentage                 0x0800ac54   Section        0  communication.o(i.setHBBatteryPercentage)
    i.setHBEngineState                       0x0800acb0   Section        0  communication.o(i.setHBEngineState)
    i.setHBFileExist                         0x0800acd4   Section        0  communication.o(i.setHBFileExist)
    i.setHBPathId                            0x0800acf8   Section        0  communication.o(i.setHBPathId)
    i.setHBPilotState                        0x0800ad04   Section        0  communication.o(i.setHBPilotState)
    i.setHBPose                              0x0800ad10   Section        0  communication.o(i.setHBPose)
    i.setHBRtkState                          0x0800ae04   Section        0  communication.o(i.setHBRtkState)
    i.setHBServorAlarm                       0x0800ae2c   Section        0  communication.o(i.setHBServorAlarm)
    i.setHBTankLevel                         0x0800ae50   Section        0  communication.o(i.setHBTankLevel)
    i.setPathDataFileExist                   0x0800ae5c   Section        0  pathdata.o(i.setPathDataFileExist)
    i.sqrt                                   0x0800ae68   Section        0  sqrt.o(i.sqrt)
    i.startReceiveBleFile                    0x0800aed8   Section        0  communication.o(i.startReceiveBleFile)
    i.stopReceiveBleFile                     0x0800aef8   Section        0  communication.o(i.stopReceiveBleFile)
    i.updateLoRaData                         0x0800af10   Section        0  communication.o(i.updateLoRaData)
    i.updateRS232Data                        0x0800af9c   Section        0  communication.o(i.updateRS232Data)
    .constdata                               0x0800b070   Section       24  system_stm32f4xx.o(.constdata)
    .constdata                               0x0800b088   Section    18240  lcd.o(.constdata)
    .constdata                               0x0800f7c8   Section      152  atan.o(.constdata)
    atanhi                                   0x0800f7c8   Data          32  atan.o(.constdata)
    atanlo                                   0x0800f7e8   Data          32  atan.o(.constdata)
    aTodd                                    0x0800f808   Data          40  atan.o(.constdata)
    aTeven                                   0x0800f830   Data          48  atan.o(.constdata)
    .constdata                               0x0800f860   Section      136  pow.o(.constdata)
    bp                                       0x0800f860   Data          16  pow.o(.constdata)
    dp_h                                     0x0800f870   Data          16  pow.o(.constdata)
    dp_l                                     0x0800f880   Data          16  pow.o(.constdata)
    L                                        0x0800f890   Data          48  pow.o(.constdata)
    P                                        0x0800f8c0   Data          40  pow.o(.constdata)
    .constdata                               0x0800f8e8   Section       48  cos_i.o(.constdata)
    C                                        0x0800f8e8   Data          48  cos_i.o(.constdata)
    .constdata                               0x0800f918   Section        8  qnan.o(.constdata)
    .constdata                               0x0800f920   Section      200  rred.o(.constdata)
    pio2s                                    0x0800f920   Data          48  rred.o(.constdata)
    twooverpi                                0x0800f950   Data         152  rred.o(.constdata)
    .constdata                               0x0800f9e8   Section       40  sin_i.o(.constdata)
    S                                        0x0800f9e8   Data          40  sin_i.o(.constdata)
    .data                                    0x20000000   Section       22  communication.o(.data)
    .data                                    0x20000018   Section       19  pathdata.o(.data)
    .data                                    0x2000002c   Section       14  autopilot.o(.data)
    app_cmd_delay                            0x20000030   Data           4  autopilot.o(.data)
    tank_level_delay                         0x20000034   Data           2  autopilot.o(.data)
    rtk_lost_delay                           0x20000036   Data           2  autopilot.o(.data)
    imu_over_turn_delay                      0x20000038   Data           2  autopilot.o(.data)
    .data                                    0x2000003c   Section        4  system_stm32f4xx.o(.data)
    .data                                    0x20000040   Section        4  stm32f4xx_hal.o(.data)
    .data                                    0x20000044   Section        8  lcd.o(.data)
    .data                                    0x2000004c   Section        8  ltdc.o(.data)
    .data                                    0x20000054   Section        4  delay.o(.data)
    fac_us                                   0x20000054   Data           4  delay.o(.data)
    .data                                    0x20000058   Section        4  stdout.o(.data)
    .data                                    0x2000005c   Section        4  errno.o(.data)
    _errno                                   0x2000005c   Data           4  errno.o(.data)
    .bss                                     0x20000060   Section      192  usart.o(.bss)
    .bss                                     0x20000120   Section       68  can.o(.bss)
    .bss                                     0x20000164   Section      402  communication.o(.bss)
    RxMessage                                0x20000210   Data          36  communication.o(.bss)
    gSpeedTxMsg                              0x20000234   Data          28  communication.o(.bss)
    gDriverModeTxMsg                         0x20000250   Data          28  communication.o(.bss)
    gEngineModeTxMsg                         0x2000026c   Data          28  communication.o(.bss)
    .bss                                     0x200002f8   Section       52  sdram.o(.bss)
    .bss                                     0x2000032c   Section       94  lcd.o(.bss)
    .bss                                     0x2000038c   Section      264  ltdc.o(.bss)
    STACK                                    0x20000498   Section     1024  startup_stm32f429xx.o(STACK)
    .ARM.__AT_0xC0000000                     0xc0000000   Section    20000000  pathdata.o(.ARM.__AT_0xC0000000)
    .ARM.__AT_0xC1784000                     0xc1784000   Section    2048000  ltdc.o(.ARM.__AT_0xC1784000)

    Global Symbols

    Symbol Name                              Value     Ov Type        Size  Object(Section)

    BuildAttributes$$THM_ISAv4$E$P$D$K$B$S$7EM$VFPi3$EXTD16$VFPS$VFMA$PE$A:L22UL41UL21$X:L11$S22US41US21$IEEE1$IW$USESV6$~STKCKD$USESV7$~SHL$OTIME$ROPI$IEEEX$EBA8$MICROLIB$REQ8$PRES8$EABIv2 0x00000000   Number         0  anon$$obj.o ABSOLUTE
    __ARM_use_no_argv                        0x00000000   Number         0  main.o ABSOLUTE
    _printf_a                                0x00000000   Number         0  stubs.o ABSOLUTE
    _printf_c                                0x00000000   Number         0  stubs.o ABSOLUTE
    _printf_charcount                        0x00000000   Number         0  stubs.o ABSOLUTE
    _printf_d                                0x00000000   Number         0  stubs.o ABSOLUTE
    _printf_e                                0x00000000   Number         0  stubs.o ABSOLUTE
    _printf_f                                0x00000000   Number         0  stubs.o ABSOLUTE
    _printf_flags                            0x00000000   Number         0  stubs.o ABSOLUTE
    _printf_fp_dec                           0x00000000   Number         0  stubs.o ABSOLUTE
    _printf_fp_hex                           0x00000000   Number         0  stubs.o ABSOLUTE
    _printf_g                                0x00000000   Number         0  stubs.o ABSOLUTE
    _printf_i                                0x00000000   Number         0  stubs.o ABSOLUTE
    _printf_int_dec                          0x00000000   Number         0  stubs.o ABSOLUTE
    _printf_l                                0x00000000   Number         0  stubs.o ABSOLUTE
    _printf_lc                               0x00000000   Number         0  stubs.o ABSOLUTE
    _printf_ll                               0x00000000   Number         0  stubs.o ABSOLUTE
    _printf_lld                              0x00000000   Number         0  stubs.o ABSOLUTE
    _printf_lli                              0x00000000   Number         0  stubs.o ABSOLUTE
    _printf_llo                              0x00000000   Number         0  stubs.o ABSOLUTE
    _printf_llu                              0x00000000   Number         0  stubs.o ABSOLUTE
    _printf_llx                              0x00000000   Number         0  stubs.o ABSOLUTE
    _printf_longlong_dec                     0x00000000   Number         0  stubs.o ABSOLUTE
    _printf_longlong_hex                     0x00000000   Number         0  stubs.o ABSOLUTE
    _printf_longlong_oct                     0x00000000   Number         0  stubs.o ABSOLUTE
    _printf_ls                               0x00000000   Number         0  stubs.o ABSOLUTE
    _printf_mbtowc                           0x00000000   Number         0  stubs.o ABSOLUTE
    _printf_n                                0x00000000   Number         0  stubs.o ABSOLUTE
    _printf_o                                0x00000000   Number         0  stubs.o ABSOLUTE
    _printf_p                                0x00000000   Number         0  stubs.o ABSOLUTE
    _printf_percent                          0x00000000   Number         0  stubs.o ABSOLUTE
    _printf_pre_padding                      0x00000000   Number         0  stubs.o ABSOLUTE
    _printf_return_value                     0x00000000   Number         0  stubs.o ABSOLUTE
    _printf_s                                0x00000000   Number         0  stubs.o ABSOLUTE
    _printf_sizespec                         0x00000000   Number         0  stubs.o ABSOLUTE
    _printf_str                              0x00000000   Number         0  stubs.o ABSOLUTE
    _printf_truncate_signed                  0x00000000   Number         0  stubs.o ABSOLUTE
    _printf_truncate_unsigned                0x00000000   Number         0  stubs.o ABSOLUTE
    _printf_u                                0x00000000   Number         0  stubs.o ABSOLUTE
    _printf_wc                               0x00000000   Number         0  stubs.o ABSOLUTE
    _printf_wctomb                           0x00000000   Number         0  stubs.o ABSOLUTE
    _printf_widthprec                        0x00000000   Number         0  stubs.o ABSOLUTE
    _printf_x                                0x00000000   Number         0  stubs.o ABSOLUTE
    __cpp_initialize__aeabi_                  - Undefined Weak Reference
    __cxa_finalize                            - Undefined Weak Reference
    __decompress                              - Undefined Weak Reference
    _clock_init                               - Undefined Weak Reference
    _microlib_exit                            - Undefined Weak Reference
    __Vectors_Size                           0x000001ac   Number         0  startup_stm32f429xx.o ABSOLUTE
    __Vectors                                0x08000000   Data           4  startup_stm32f429xx.o(RESET)
    __Vectors_End                            0x080001ac   Data           0  startup_stm32f429xx.o(RESET)
    __main                                   0x080001ad   Thumb Code     0  entry.o(.ARM.Collect$$$$00000000)
    _main_stk                                0x080001ad   Thumb Code     0  entry2.o(.ARM.Collect$$$$00000001)
    _main_scatterload                        0x080001b1   Thumb Code     0  entry5.o(.ARM.Collect$$$$00000004)
    __main_after_scatterload                 0x080001b5   Thumb Code     0  entry5.o(.ARM.Collect$$$$00000004)
    _main_clock                              0x080001b5   Thumb Code     0  entry7b.o(.ARM.Collect$$$$00000008)
    _main_cpp_init                           0x080001b5   Thumb Code     0  entry8b.o(.ARM.Collect$$$$0000000A)
    _main_init                               0x080001b5   Thumb Code     0  entry9a.o(.ARM.Collect$$$$0000000B)
    __rt_final_cpp                           0x080001bd   Thumb Code     0  entry10a.o(.ARM.Collect$$$$0000000D)
    __rt_final_exit                          0x080001bd   Thumb Code     0  entry11a.o(.ARM.Collect$$$$0000000F)
    Reset_Handler                            0x080001c1   Thumb Code     8  startup_stm32f429xx.o(.text)
    ADC_IRQHandler                           0x080001db   Thumb Code     0  startup_stm32f429xx.o(.text)
    CAN1_RX1_IRQHandler                      0x080001db   Thumb Code     0  startup_stm32f429xx.o(.text)
    CAN1_SCE_IRQHandler                      0x080001db   Thumb Code     0  startup_stm32f429xx.o(.text)
    CAN1_TX_IRQHandler                       0x080001db   Thumb Code     0  startup_stm32f429xx.o(.text)
    CAN2_RX0_IRQHandler                      0x080001db   Thumb Code     0  startup_stm32f429xx.o(.text)
    CAN2_RX1_IRQHandler                      0x080001db   Thumb Code     0  startup_stm32f429xx.o(.text)
    CAN2_SCE_IRQHandler                      0x080001db   Thumb Code     0  startup_stm32f429xx.o(.text)
    CAN2_TX_IRQHandler                       0x080001db   Thumb Code     0  startup_stm32f429xx.o(.text)
    DCMI_IRQHandler                          0x080001db   Thumb Code     0  startup_stm32f429xx.o(.text)
    DMA1_Stream0_IRQHandler                  0x080001db   Thumb Code     0  startup_stm32f429xx.o(.text)
    DMA1_Stream1_IRQHandler                  0x080001db   Thumb Code     0  startup_stm32f429xx.o(.text)
    DMA1_Stream2_IRQHandler                  0x080001db   Thumb Code     0  startup_stm32f429xx.o(.text)
    DMA1_Stream3_IRQHandler                  0x080001db   Thumb Code     0  startup_stm32f429xx.o(.text)
    DMA1_Stream4_IRQHandler                  0x080001db   Thumb Code     0  startup_stm32f429xx.o(.text)
    DMA1_Stream5_IRQHandler                  0x080001db   Thumb Code     0  startup_stm32f429xx.o(.text)
    DMA1_Stream6_IRQHandler                  0x080001db   Thumb Code     0  startup_stm32f429xx.o(.text)
    DMA1_Stream7_IRQHandler                  0x080001db   Thumb Code     0  startup_stm32f429xx.o(.text)
    DMA2D_IRQHandler                         0x080001db   Thumb Code     0  startup_stm32f429xx.o(.text)
    DMA2_Stream0_IRQHandler                  0x080001db   Thumb Code     0  startup_stm32f429xx.o(.text)
    DMA2_Stream1_IRQHandler                  0x080001db   Thumb Code     0  startup_stm32f429xx.o(.text)
    DMA2_Stream2_IRQHandler                  0x080001db   Thumb Code     0  startup_stm32f429xx.o(.text)
    DMA2_Stream3_IRQHandler                  0x080001db   Thumb Code     0  startup_stm32f429xx.o(.text)
    DMA2_Stream4_IRQHandler                  0x080001db   Thumb Code     0  startup_stm32f429xx.o(.text)
    DMA2_Stream5_IRQHandler                  0x080001db   Thumb Code     0  startup_stm32f429xx.o(.text)
    DMA2_Stream6_IRQHandler                  0x080001db   Thumb Code     0  startup_stm32f429xx.o(.text)
    DMA2_Stream7_IRQHandler                  0x080001db   Thumb Code     0  startup_stm32f429xx.o(.text)
    ETH_IRQHandler                           0x080001db   Thumb Code     0  startup_stm32f429xx.o(.text)
    ETH_WKUP_IRQHandler                      0x080001db   Thumb Code     0  startup_stm32f429xx.o(.text)
    EXTI0_IRQHandler                         0x080001db   Thumb Code     0  startup_stm32f429xx.o(.text)
    EXTI15_10_IRQHandler                     0x080001db   Thumb Code     0  startup_stm32f429xx.o(.text)
    EXTI1_IRQHandler                         0x080001db   Thumb Code     0  startup_stm32f429xx.o(.text)
    EXTI2_IRQHandler                         0x080001db   Thumb Code     0  startup_stm32f429xx.o(.text)
    EXTI3_IRQHandler                         0x080001db   Thumb Code     0  startup_stm32f429xx.o(.text)
    EXTI4_IRQHandler                         0x080001db   Thumb Code     0  startup_stm32f429xx.o(.text)
    EXTI9_5_IRQHandler                       0x080001db   Thumb Code     0  startup_stm32f429xx.o(.text)
    FLASH_IRQHandler                         0x080001db   Thumb Code     0  startup_stm32f429xx.o(.text)
    FMC_IRQHandler                           0x080001db   Thumb Code     0  startup_stm32f429xx.o(.text)
    FPU_IRQHandler                           0x080001db   Thumb Code     0  startup_stm32f429xx.o(.text)
    HASH_RNG_IRQHandler                      0x080001db   Thumb Code     0  startup_stm32f429xx.o(.text)
    I2C1_ER_IRQHandler                       0x080001db   Thumb Code     0  startup_stm32f429xx.o(.text)
    I2C1_EV_IRQHandler                       0x080001db   Thumb Code     0  startup_stm32f429xx.o(.text)
    I2C2_ER_IRQHandler                       0x080001db   Thumb Code     0  startup_stm32f429xx.o(.text)
    I2C2_EV_IRQHandler                       0x080001db   Thumb Code     0  startup_stm32f429xx.o(.text)
    I2C3_ER_IRQHandler                       0x080001db   Thumb Code     0  startup_stm32f429xx.o(.text)
    I2C3_EV_IRQHandler                       0x080001db   Thumb Code     0  startup_stm32f429xx.o(.text)
    LTDC_ER_IRQHandler                       0x080001db   Thumb Code     0  startup_stm32f429xx.o(.text)
    LTDC_IRQHandler                          0x080001db   Thumb Code     0  startup_stm32f429xx.o(.text)
    OTG_FS_IRQHandler                        0x080001db   Thumb Code     0  startup_stm32f429xx.o(.text)
    OTG_FS_WKUP_IRQHandler                   0x080001db   Thumb Code     0  startup_stm32f429xx.o(.text)
    OTG_HS_EP1_IN_IRQHandler                 0x080001db   Thumb Code     0  startup_stm32f429xx.o(.text)
    OTG_HS_EP1_OUT_IRQHandler                0x080001db   Thumb Code     0  startup_stm32f429xx.o(.text)
    OTG_HS_IRQHandler                        0x080001db   Thumb Code     0  startup_stm32f429xx.o(.text)
    OTG_HS_WKUP_IRQHandler                   0x080001db   Thumb Code     0  startup_stm32f429xx.o(.text)
    PVD_IRQHandler                           0x080001db   Thumb Code     0  startup_stm32f429xx.o(.text)
    RCC_IRQHandler                           0x080001db   Thumb Code     0  startup_stm32f429xx.o(.text)
    RTC_Alarm_IRQHandler                     0x080001db   Thumb Code     0  startup_stm32f429xx.o(.text)
    RTC_WKUP_IRQHandler                      0x080001db   Thumb Code     0  startup_stm32f429xx.o(.text)
    SAI1_IRQHandler                          0x080001db   Thumb Code     0  startup_stm32f429xx.o(.text)
    SDIO_IRQHandler                          0x080001db   Thumb Code     0  startup_stm32f429xx.o(.text)
    SPI1_IRQHandler                          0x080001db   Thumb Code     0  startup_stm32f429xx.o(.text)
    SPI2_IRQHandler                          0x080001db   Thumb Code     0  startup_stm32f429xx.o(.text)
    SPI3_IRQHandler                          0x080001db   Thumb Code     0  startup_stm32f429xx.o(.text)
    SPI4_IRQHandler                          0x080001db   Thumb Code     0  startup_stm32f429xx.o(.text)
    SPI5_IRQHandler                          0x080001db   Thumb Code     0  startup_stm32f429xx.o(.text)
    SPI6_IRQHandler                          0x080001db   Thumb Code     0  startup_stm32f429xx.o(.text)
    TAMP_STAMP_IRQHandler                    0x080001db   Thumb Code     0  startup_stm32f429xx.o(.text)
    TIM1_BRK_TIM9_IRQHandler                 0x080001db   Thumb Code     0  startup_stm32f429xx.o(.text)
    TIM1_CC_IRQHandler                       0x080001db   Thumb Code     0  startup_stm32f429xx.o(.text)
    TIM1_TRG_COM_TIM11_IRQHandler            0x080001db   Thumb Code     0  startup_stm32f429xx.o(.text)
    TIM1_UP_TIM10_IRQHandler                 0x080001db   Thumb Code     0  startup_stm32f429xx.o(.text)
    TIM2_IRQHandler                          0x080001db   Thumb Code     0  startup_stm32f429xx.o(.text)
    TIM3_IRQHandler                          0x080001db   Thumb Code     0  startup_stm32f429xx.o(.text)
    TIM4_IRQHandler                          0x080001db   Thumb Code     0  startup_stm32f429xx.o(.text)
    TIM5_IRQHandler                          0x080001db   Thumb Code     0  startup_stm32f429xx.o(.text)
    TIM6_DAC_IRQHandler                      0x080001db   Thumb Code     0  startup_stm32f429xx.o(.text)
    TIM7_IRQHandler                          0x080001db   Thumb Code     0  startup_stm32f429xx.o(.text)
    TIM8_BRK_TIM12_IRQHandler                0x080001db   Thumb Code     0  startup_stm32f429xx.o(.text)
    TIM8_CC_IRQHandler                       0x080001db   Thumb Code     0  startup_stm32f429xx.o(.text)
    TIM8_TRG_COM_TIM14_IRQHandler            0x080001db   Thumb Code     0  startup_stm32f429xx.o(.text)
    TIM8_UP_TIM13_IRQHandler                 0x080001db   Thumb Code     0  startup_stm32f429xx.o(.text)
    UART4_IRQHandler                         0x080001db   Thumb Code     0  startup_stm32f429xx.o(.text)
    UART5_IRQHandler                         0x080001db   Thumb Code     0  startup_stm32f429xx.o(.text)
    UART7_IRQHandler                         0x080001db   Thumb Code     0  startup_stm32f429xx.o(.text)
    UART8_IRQHandler                         0x080001db   Thumb Code     0  startup_stm32f429xx.o(.text)
    USART6_IRQHandler                        0x080001db   Thumb Code     0  startup_stm32f429xx.o(.text)
    WWDG_IRQHandler                          0x080001db   Thumb Code     0  startup_stm32f429xx.o(.text)
    __aeabi_memcpy                           0x080001e5   Thumb Code    36  memcpya.o(.text)
    __aeabi_memcpy4                          0x080001e5   Thumb Code     0  memcpya.o(.text)
    __aeabi_memcpy8                          0x080001e5   Thumb Code     0  memcpya.o(.text)
    __aeabi_dadd                             0x08000209   Thumb Code   322  dadd.o(.text)
    __aeabi_dsub                             0x0800034b   Thumb Code     6  dadd.o(.text)
    __aeabi_drsub                            0x08000351   Thumb Code     6  dadd.o(.text)
    __aeabi_dmul                             0x08000357   Thumb Code   228  dmul.o(.text)
    __aeabi_i2d                              0x0800043b   Thumb Code    34  dflti.o(.text)
    __aeabi_ui2d                             0x0800045d   Thumb Code    26  dfltui.o(.text)
    __aeabi_d2uiz                            0x08000477   Thumb Code    50  dfixui.o(.text)
    __aeabi_f2d                              0x080004a9   Thumb Code    38  f2d.o(.text)
    __aeabi_cdcmpeq                          0x080004d1   Thumb Code     0  cdcmple.o(.text)
    __aeabi_cdcmple                          0x080004d1   Thumb Code    48  cdcmple.o(.text)
    __aeabi_cdrcmple                         0x08000501   Thumb Code    48  cdrcmple.o(.text)
    __aeabi_d2f                              0x08000531   Thumb Code    56  d2f.o(.text)
    __aeabi_uidiv                            0x08000569   Thumb Code     0  uidiv.o(.text)
    __aeabi_uidivmod                         0x08000569   Thumb Code    44  uidiv.o(.text)
    __aeabi_uldivmod                         0x08000595   Thumb Code    98  uldiv.o(.text)
    __aeabi_llsl                             0x080005f7   Thumb Code    30  llshl.o(.text)
    _ll_shift_l                              0x080005f7   Thumb Code     0  llshl.o(.text)
    __aeabi_llsr                             0x08000615   Thumb Code    32  llushr.o(.text)
    _ll_ushift_r                             0x08000615   Thumb Code     0  llushr.o(.text)
    __aeabi_lasr                             0x08000635   Thumb Code    36  llsshr.o(.text)
    _ll_sshift_r                             0x08000635   Thumb Code     0  llsshr.o(.text)
    __I$use$fp                               0x08000659   Thumb Code     0  iusefp.o(.text)
    _float_round                             0x08000659   Thumb Code    18  fepilogue.o(.text)
    _float_epilogue                          0x0800066b   Thumb Code    92  fepilogue.o(.text)
    _double_round                            0x080006c7   Thumb Code    30  depilogue.o(.text)
    _double_epilogue                         0x080006e5   Thumb Code   156  depilogue.o(.text)
    __aeabi_ddiv                             0x08000781   Thumb Code   222  ddiv.o(.text)
    __ARM_scalbn                             0x0800085f   Thumb Code    46  dscalb.o(.text)
    scalbn                                   0x0800085f   Thumb Code     0  dscalb.o(.text)
    _dsqrt                                   0x0800088d   Thumb Code   162  dsqrt.o(.text)
    __aeabi_d2ulz                            0x0800092f   Thumb Code    48  dfixul.o(.text)
    __scatterload                            0x08000961   Thumb Code    28  init.o(.text)
    __scatterload_rt2                        0x08000961   Thumb Code     0  init.o(.text)
    __aeabi_d2iz                             0x08000985   Thumb Code    62  dfixi.o(.text)
    BusFault_Handler                         0x080009c3   Thumb Code     4  stm32f4xx_it.o(i.BusFault_Handler)
    CAN1_RX0_IRQHandler                      0x080009c9   Thumb Code    10  stm32f4xx_it.o(i.CAN1_RX0_IRQHandler)
    DebugMon_Handler                         0x08000bfd   Thumb Code     2  stm32f4xx_it.o(i.DebugMon_Handler)
    Error_Handler                            0x08000bff   Thumb Code     4  main.o(i.Error_Handler)
    FMC_NORSRAM_Extended_Timing_Init         0x08000c05   Thumb Code    66  stm32f4xx_ll_fmc.o(i.FMC_NORSRAM_Extended_Timing_Init)
    FMC_NORSRAM_Init                         0x08000c4d   Thumb Code   112  stm32f4xx_ll_fmc.o(i.FMC_NORSRAM_Init)
    FMC_NORSRAM_Timing_Init                  0x08000cc1   Thumb Code    94  stm32f4xx_ll_fmc.o(i.FMC_NORSRAM_Timing_Init)
    FMC_SDRAM_Init                           0x08000d1f   Thumb Code   116  stm32f4xx_ll_fmc.o(i.FMC_SDRAM_Init)
    FMC_SDRAM_ProgramRefreshRate             0x08000d93   Thumb Code    14  stm32f4xx_ll_fmc.o(i.FMC_SDRAM_ProgramRefreshRate)
    FMC_SDRAM_SendCommand                    0x08000da1   Thumb Code    82  stm32f4xx_ll_fmc.o(i.FMC_SDRAM_SendCommand)
    FMC_SDRAM_Timing_Init                    0x08000df5   Thumb Code   152  stm32f4xx_ll_fmc.o(i.FMC_SDRAM_Timing_Init)
    GetBatteryVolt                           0x08000e91   Thumb Code    28  communication.o(i.GetBatteryVolt)
    GetServorAlarm                           0x08000eb5   Thumb Code    28  communication.o(i.GetServorAlarm)
    GetTankLevel                             0x08000ed9   Thumb Code    28  communication.o(i.GetTankLevel)
    GetThetaFromVector                       0x08000efd   Thumb Code   260  commonalg.o(i.GetThetaFromVector)
    HAL_CAN_ConfigFilter                     0x08001029   Thumb Code   260  stm32f4xx_hal_can.o(i.HAL_CAN_ConfigFilter)
    HAL_CAN_ErrorCallback                    0x08001131   Thumb Code     2  stm32f4xx_hal_can.o(i.HAL_CAN_ErrorCallback)
    HAL_CAN_IRQHandler                       0x08001135   Thumb Code   580  stm32f4xx_hal_can.o(i.HAL_CAN_IRQHandler)
    HAL_CAN_Init                             0x08001389   Thumb Code   444  stm32f4xx_hal_can.o(i.HAL_CAN_Init)
    HAL_CAN_MspInit                          0x08001545   Thumb Code    96  can.o(i.HAL_CAN_MspInit)
    HAL_CAN_Receive_IT                       0x080015b1   Thumb Code   268  stm32f4xx_hal_can.o(i.HAL_CAN_Receive_IT)
    HAL_CAN_RxCpltCallback                   0x080016bd   Thumb Code   132  communication.o(i.HAL_CAN_RxCpltCallback)
    HAL_CAN_Transmit                         0x0800176d   Thumb Code   684  stm32f4xx_hal_can.o(i.HAL_CAN_Transmit)
    HAL_CAN_TxCpltCallback                   0x08001a25   Thumb Code     2  stm32f4xx_hal_can.o(i.HAL_CAN_TxCpltCallback)
    HAL_DMA_Abort_IT                         0x08001a27   Thumb Code    40  stm32f4xx_hal_dma.o(i.HAL_DMA_Abort_IT)
    HAL_Delay                                0x08001a4f   Thumb Code    30  stm32f4xx_hal.o(i.HAL_Delay)
    HAL_GPIO_Init                            0x08001a6d   Thumb Code   486  stm32f4xx_hal_gpio.o(i.HAL_GPIO_Init)
    HAL_GPIO_ReadPin                         0x08001c89   Thumb Code    16  stm32f4xx_hal_gpio.o(i.HAL_GPIO_ReadPin)
    HAL_GPIO_WritePin                        0x08001c99   Thumb Code    12  stm32f4xx_hal_gpio.o(i.HAL_GPIO_WritePin)
    HAL_GetTick                              0x08001ca5   Thumb Code     6  stm32f4xx_hal.o(i.HAL_GetTick)
    HAL_IncTick                              0x08001cb1   Thumb Code    12  stm32f4xx_hal.o(i.HAL_IncTick)
    HAL_Init                                 0x08001cc1   Thumb Code    54  stm32f4xx_hal.o(i.HAL_Init)
    HAL_InitTick                             0x08001cfd   Thumb Code    36  stm32f4xx_hal.o(i.HAL_InitTick)
    HAL_LTDC_ConfigLayer                     0x08001d25   Thumb Code    94  stm32f4xx_hal_ltdc.o(i.HAL_LTDC_ConfigLayer)
    HAL_LTDC_Init                            0x08001d85   Thumb Code   278  stm32f4xx_hal_ltdc.o(i.HAL_LTDC_Init)
    HAL_LTDC_MspInit                         0x08001ea1   Thumb Code   322  ltdc.o(i.HAL_LTDC_MspInit)
    HAL_LTDC_SetWindowPosition               0x08001ffd   Thumb Code   108  stm32f4xx_hal_ltdc.o(i.HAL_LTDC_SetWindowPosition)
    HAL_LTDC_SetWindowSize                   0x08002069   Thumb Code   108  stm32f4xx_hal_ltdc.o(i.HAL_LTDC_SetWindowSize)
    HAL_MspInit                              0x080020d5   Thumb Code    86  stm32f4xx_hal_msp.o(i.HAL_MspInit)
    HAL_NVIC_EnableIRQ                       0x0800212b   Thumb Code    26  stm32f4xx_hal_cortex.o(i.HAL_NVIC_EnableIRQ)
    HAL_NVIC_SetPriority                     0x08002145   Thumb Code   124  stm32f4xx_hal_cortex.o(i.HAL_NVIC_SetPriority)
    HAL_NVIC_SetPriorityGrouping             0x080021c1   Thumb Code    32  stm32f4xx_hal_cortex.o(i.HAL_NVIC_SetPriorityGrouping)
    HAL_PWREx_EnableOverDrive                0x080021e9   Thumb Code   152  stm32f4xx_hal_pwr_ex.o(i.HAL_PWREx_EnableOverDrive)
    HAL_RCCEx_PeriphCLKConfig                0x0800228d   Thumb Code   856  stm32f4xx_hal_rcc_ex.o(i.HAL_RCCEx_PeriphCLKConfig)
    HAL_RCC_ClockConfig                      0x080025fd   Thumb Code   446  stm32f4xx_hal_rcc.o(i.HAL_RCC_ClockConfig)
    HAL_RCC_GetHCLKFreq                      0x080027cd   Thumb Code     6  stm32f4xx_hal_rcc.o(i.HAL_RCC_GetHCLKFreq)
    HAL_RCC_GetPCLK1Freq                     0x080027d9   Thumb Code    36  stm32f4xx_hal_rcc.o(i.HAL_RCC_GetPCLK1Freq)
    HAL_RCC_GetPCLK2Freq                     0x08002805   Thumb Code    36  stm32f4xx_hal_rcc.o(i.HAL_RCC_GetPCLK2Freq)
    HAL_RCC_GetSysClockFreq                  0x08002831   Thumb Code   168  stm32f4xx_hal_rcc.o(i.HAL_RCC_GetSysClockFreq)
    HAL_RCC_OscConfig                        0x080028e5   Thumb Code  1090  stm32f4xx_hal_rcc.o(i.HAL_RCC_OscConfig)
    HAL_SDRAM_Init                           0x08002d31   Thumb Code    64  stm32f4xx_hal_sdram.o(i.HAL_SDRAM_Init)
    HAL_SDRAM_MspInit                        0x08002d71   Thumb Code   282  sdram.o(i.HAL_SDRAM_MspInit)
    HAL_SDRAM_ProgramRefreshRate             0x08002ea5   Thumb Code    40  stm32f4xx_hal_sdram.o(i.HAL_SDRAM_ProgramRefreshRate)
    HAL_SDRAM_SendCommand                    0x08002ecd   Thumb Code    58  stm32f4xx_hal_sdram.o(i.HAL_SDRAM_SendCommand)
    HAL_SRAM_Init                            0x08002f07   Thumb Code    88  stm32f4xx_hal_sram.o(i.HAL_SRAM_Init)
    HAL_SRAM_MspInit                         0x08002f61   Thumb Code   152  lcd.o(i.HAL_SRAM_MspInit)
    HAL_SYSTICK_CLKSourceConfig              0x08003005   Thumb Code    40  stm32f4xx_hal_cortex.o(i.HAL_SYSTICK_CLKSourceConfig)
    HAL_SYSTICK_Callback                     0x0800302d   Thumb Code     2  stm32f4xx_hal_cortex.o(i.HAL_SYSTICK_Callback)
    HAL_SYSTICK_Config                       0x0800302f   Thumb Code    52  stm32f4xx_hal_cortex.o(i.HAL_SYSTICK_Config)
    HAL_SYSTICK_IRQHandler                   0x08003063   Thumb Code     8  stm32f4xx_hal_cortex.o(i.HAL_SYSTICK_IRQHandler)
    HAL_UART_AbortReceiveCpltCallback        0x0800306b   Thumb Code     2  stm32f4xx_hal_uart.o(i.HAL_UART_AbortReceiveCpltCallback)
    HAL_UART_AbortReceive_IT                 0x0800306d   Thumb Code   114  stm32f4xx_hal_uart.o(i.HAL_UART_AbortReceive_IT)
    HAL_UART_ErrorCallback                   0x080030e5   Thumb Code     2  stm32f4xx_hal_uart.o(i.HAL_UART_ErrorCallback)
    HAL_UART_IRQHandler                      0x080030e9   Thumb Code   326  stm32f4xx_hal_uart.o(i.HAL_UART_IRQHandler)
    HAL_UART_Init                            0x08003235   Thumb Code   114  stm32f4xx_hal_uart.o(i.HAL_UART_Init)
    HAL_UART_MspInit                         0x080032a9   Thumb Code   278  usart.o(i.HAL_UART_MspInit)
    HAL_UART_Receive_IT                      0x080033d9   Thumb Code   100  stm32f4xx_hal_uart.o(i.HAL_UART_Receive_IT)
    HAL_UART_RxCpltCallback                  0x0800343d   Thumb Code    76  communication.o(i.HAL_UART_RxCpltCallback)
    HAL_UART_Transmit                        0x080034a1   Thumb Code   214  stm32f4xx_hal_uart.o(i.HAL_UART_Transmit)
    HAL_UART_TxCpltCallback                  0x08003577   Thumb Code     2  stm32f4xx_hal_uart.o(i.HAL_UART_TxCpltCallback)
    HardFault_Handler                        0x08003579   Thumb Code     4  stm32f4xx_it.o(i.HardFault_Handler)
    InitAutoPilot                            0x0800357d   Thumb Code     8  autopilot.o(i.InitAutoPilot)
    LCD_Clear                                0x08003589   Thumb Code    58  lcd.o(i.LCD_Clear)
    LCD_Display_Dir                          0x080035d1   Thumb Code   376  lcd.o(i.LCD_Display_Dir)
    LCD_Fast_DrawPoint                       0x08003751   Thumb Code   278  lcd.o(i.LCD_Fast_DrawPoint)
    LCD_Init                                 0x08003875   Thumb Code  9302  lcd.o(i.LCD_Init)
    LCD_RD_DATA                              0x08005cd9   Thumb Code    14  lcd.o(i.LCD_RD_DATA)
    LCD_SSD_BackLightSet                     0x08005ced   Thumb Code    88  lcd.o(i.LCD_SSD_BackLightSet)
    LCD_Scan_Dir                             0x08005d4d   Thumb Code   624  lcd.o(i.LCD_Scan_Dir)
    LCD_SetCursor                            0x08005fc1   Thumb Code   306  lcd.o(i.LCD_SetCursor)
    LCD_ShowChar                             0x080060f9   Thumb Code   288  lcd.o(i.LCD_ShowChar)
    LCD_ShowString                           0x08006235   Thumb Code   102  lcd.o(i.LCD_ShowString)
    LCD_WR_DATA                              0x0800629d   Thumb Code    18  lcd.o(i.LCD_WR_DATA)
    LCD_WR_REG                               0x080062b5   Thumb Code    18  lcd.o(i.LCD_WR_REG)
    LCD_WriteRAM_Prepare                     0x080062cd   Thumb Code    10  lcd.o(i.LCD_WriteRAM_Prepare)
    LCD_WriteReg                             0x080062e1   Thumb Code    10  lcd.o(i.LCD_WriteReg)
    LTDC_Clear                               0x080062f1   Thumb Code    32  ltdc.o(i.LTDC_Clear)
    LTDC_Clk_Set                             0x08006315   Thumb Code    38  ltdc.o(i.LTDC_Clk_Set)
    LTDC_Display_Dir                         0x0800633d   Thumb Code    40  ltdc.o(i.LTDC_Display_Dir)
    LTDC_Draw_Point                          0x08006369   Thumb Code    70  ltdc.o(i.LTDC_Draw_Point)
    LTDC_Fill                                0x080063b9   Thumb Code   340  ltdc.o(i.LTDC_Fill)
    LTDC_Init                                0x0800651d   Thumb Code   606  ltdc.o(i.LTDC_Init)
    LTDC_Layer_Parameter_Config              0x08006799   Thumb Code   114  ltdc.o(i.LTDC_Layer_Parameter_Config)
    LTDC_Layer_Window_Config                 0x08006815   Thumb Code    44  ltdc.o(i.LTDC_Layer_Window_Config)
    LTDC_PanelID_Read                        0x08006845   Thumb Code   198  ltdc.o(i.LTDC_PanelID_Read)
    LTDC_Select_Layer                        0x08006919   Thumb Code     6  ltdc.o(i.LTDC_Select_Layer)
    MX_CAN1_Init                             0x08006b39   Thumb Code    58  can.o(i.MX_CAN1_Init)
    MX_GPIO_Init                             0x08006b7d   Thumb Code   132  gpio.o(i.MX_GPIO_Init)
    MX_USART1_UART_Init                      0x08006c09   Thumb Code    46  usart.o(i.MX_USART1_UART_Init)
    MX_USART2_UART_Init                      0x08006c41   Thumb Code    46  usart.o(i.MX_USART2_UART_Init)
    MX_USART3_UART_Init                      0x08006c79   Thumb Code    46  usart.o(i.MX_USART3_UART_Init)
    MemManage_Handler                        0x08006cb1   Thumb Code     4  stm32f4xx_it.o(i.MemManage_Handler)
    NMI_Handler                              0x08006cb5   Thumb Code     2  stm32f4xx_it.o(i.NMI_Handler)
    PendSV_Handler                           0x08006cf1   Thumb Code     2  stm32f4xx_it.o(i.PendSV_Handler)
    PilotAuto                                0x08006cf5   Thumb Code   510  autopilot.o(i.PilotAuto)
    PilotBleTransfer                         0x08006f09   Thumb Code    76  autopilot.o(i.PilotBleTransfer)
    PilotIdle                                0x08006f55   Thumb Code    26  autopilot.o(i.PilotIdle)
    PilotInit                                0x08006f6f   Thumb Code    30  autopilot.o(i.PilotInit)
    PilotManualWork                          0x08006f8d   Thumb Code    48  autopilot.o(i.PilotManualWork)
    PilotSupply                              0x08006fbd   Thumb Code    94  autopilot.o(i.PilotSupply)
    PilotTransition                          0x08007021   Thumb Code    34  autopilot.o(i.PilotTransition)
    RotateTheta4Point                        0x08007043   Thumb Code   248  commonalg.o(i.RotateTheta4Point)
    RunPilot                                 0x0800713d   Thumb Code   496  autopilot.o(i.RunPilot)
    SDRAM_Init                               0x08007341   Thumb Code   106  sdram.o(i.SDRAM_Init)
    SDRAM_Initialization_Sequence            0x080073b5   Thumb Code    66  sdram.o(i.SDRAM_Initialization_Sequence)
    SDRAM_Send_Cmd                           0x080073f9   Thumb Code    68  sdram.o(i.SDRAM_Send_Cmd)
    SVC_Handler                              0x08007441   Thumb Code     2  stm32f4xx_it.o(i.SVC_Handler)
    SendSpeed                                0x08007445   Thumb Code   462  communication.o(i.SendSpeed)
    SetDriverMode                            0x08007641   Thumb Code    22  communication.o(i.SetDriverMode)
    SetEngineMode                            0x08007661   Thumb Code    22  communication.o(i.SetEngineMode)
    SysTick_Handler                          0x08007681   Thumb Code    12  stm32f4xx_it.o(i.SysTick_Handler)
    SystemClock_Config                       0x0800768d   Thumb Code   200  main.o(i.SystemClock_Config)
    SystemInit                               0x0800775d   Thumb Code    82  system_stm32f4xx.o(i.SystemInit)
    USART1_IRQHandler                        0x08007d05   Thumb Code    10  stm32f4xx_it.o(i.USART1_IRQHandler)
    USART2_IRQHandler                        0x08007d15   Thumb Code    10  stm32f4xx_it.o(i.USART2_IRQHandler)
    USART3_IRQHandler                        0x08007d25   Thumb Code    10  stm32f4xx_it.o(i.USART3_IRQHandler)
    UsageFault_Handler                       0x08007d35   Thumb Code     4  stm32f4xx_it.o(i.UsageFault_Handler)
    __0printf                                0x08007d39   Thumb Code    22  printfa.o(i.__0printf)
    __1printf                                0x08007d39   Thumb Code     0  printfa.o(i.__0printf)
    __2printf                                0x08007d39   Thumb Code     0  printfa.o(i.__0printf)
    __c89printf                              0x08007d39   Thumb Code     0  printfa.o(i.__0printf)
    printf                                   0x08007d39   Thumb Code     0  printfa.o(i.__0printf)
    __ARM_fpclassify                         0x08007d59   Thumb Code    48  fpclassify.o(i.__ARM_fpclassify)
    __hardfp_atan                            0x08007d89   Thumb Code   622  atan.o(i.__hardfp_atan)
    __hardfp_cos                             0x08008061   Thumb Code   180  cos.o(i.__hardfp_cos)
    __hardfp_pow                             0x08008129   Thumb Code  3072  pow.o(i.__hardfp_pow)
    __hardfp_sin                             0x08008d79   Thumb Code   180  sin.o(i.__hardfp_sin)
    __hardfp_sqrt                            0x08008e41   Thumb Code   122  sqrt.o(i.__hardfp_sqrt)
    __ieee754_rem_pio2                       0x08008ec1   Thumb Code   938  rred.o(i.__ieee754_rem_pio2)
    __kernel_cos                             0x080092f9   Thumb Code   322  cos_i.o(i.__kernel_cos)
    __kernel_poly                            0x08009469   Thumb Code   248  poly.o(i.__kernel_poly)
    __kernel_sin                             0x08009561   Thumb Code   280  sin_i.o(i.__kernel_sin)
    __mathlib_dbl_divzero                    0x08009691   Thumb Code    28  dunder.o(i.__mathlib_dbl_divzero)
    __mathlib_dbl_infnan                     0x080096c1   Thumb Code    20  dunder.o(i.__mathlib_dbl_infnan)
    __mathlib_dbl_infnan2                    0x080096d5   Thumb Code    20  dunder.o(i.__mathlib_dbl_infnan2)
    __mathlib_dbl_invalid                    0x080096e9   Thumb Code    24  dunder.o(i.__mathlib_dbl_invalid)
    __mathlib_dbl_overflow                   0x08009709   Thumb Code    24  dunder.o(i.__mathlib_dbl_overflow)
    __mathlib_dbl_underflow                  0x08009729   Thumb Code    24  dunder.o(i.__mathlib_dbl_underflow)
    __scatterload_copy                       0x08009749   Thumb Code    14  handlers.o(i.__scatterload_copy)
    __scatterload_null                       0x08009757   Thumb Code     2  handlers.o(i.__scatterload_null)
    __scatterload_zeroinit                   0x08009759   Thumb Code    14  handlers.o(i.__scatterload_zeroinit)
    __set_errno                              0x08009769   Thumb Code     6  errno.o(i.__set_errno)
    ackApp                                   0x0800a009   Thumb Code    42  communication.o(i.ackApp)
    addPathPoint                             0x0800a03d   Thumb Code    52  pathdata.o(i.addPathPoint)
    assemAppAck                              0x0800a07d   Thumb Code   122  communication.o(i.assemAppAck)
    byhhReceiveUsart                         0x0800a0fd   Thumb Code   106  communication.o(i.byhhReceiveUsart)
    cvtGpsPt2Xy                              0x0800a169   Thumb Code   180  pathdata.o(i.cvtGpsPt2Xy)
    cvtINMData2Pose                          0x0800a22d   Thumb Code   216  autopilot.o(i.cvtINMData2Pose)
    delay_ms                                 0x0800a311   Thumb Code    24  delay.o(i.delay_ms)
    delay_us                                 0x0800a329   Thumb Code    68  delay.o(i.delay_us)
    fabs                                     0x0800a371   Thumb Code    24  fabs.o(i.fabs)
    fputc                                    0x0800a389   Thumb Code    22  main.o(i.fputc)
    getCurPathPoint                          0x0800a3a5   Thumb Code    46  pathdata.o(i.getCurPathPoint)
    getCurPathPointId                        0x0800a3e1   Thumb Code     6  pathdata.o(i.getCurPathPointId)
    getINMData                               0x0800a3ed   Thumb Code    16  communication.o(i.getINMData)
    initCan1                                 0x0800a401   Thumb Code   194  communication.o(i.initCan1)
    initPathPointsData                       0x0800a4e1   Thumb Code    16  pathdata.o(i.initPathPointsData)
    intoPilotAuto                            0x0800a4fd   Thumb Code    22  autopilot.o(i.intoPilotAuto)
    intoPilotManualWork                      0x0800a513   Thumb Code    22  autopilot.o(i.intoPilotManualWork)
    intoPilotSupply                          0x0800a529   Thumb Code    26  autopilot.o(i.intoPilotSupply)
    intoPilotTransition                      0x0800a549   Thumb Code    26  autopilot.o(i.intoPilotTransition)
    isBleDoing                               0x0800a565   Thumb Code     6  communication.o(i.isBleDoing)
    isPathDataFileExist                      0x0800a571   Thumb Code     6  pathdata.o(i.isPathDataFileExist)
    lcdshow                                  0x0800a57d   Thumb Code    26  main.o(i.lcdshow)
    main                                     0x0800a599   Thumb Code    88  main.o(i.main)
    moveCurPpt2Next                          0x0800a621   Thumb Code    12  pathdata.o(i.moveCurPpt2Next)
    receiveAPPCmd                            0x0800a631   Thumb Code    34  communication.o(i.receiveAPPCmd)
    receiveINMData                           0x0800a65d   Thumb Code    88  communication.o(i.receiveINMData)
    runController                            0x0800a6c1   Thumb Code  1404  pathfollower.o(i.runController)
    setHBBatteryPercentage                   0x0800ac55   Thumb Code    76  communication.o(i.setHBBatteryPercentage)
    setHBEngineState                         0x0800acb1   Thumb Code    30  communication.o(i.setHBEngineState)
    setHBFileExist                           0x0800acd5   Thumb Code    30  communication.o(i.setHBFileExist)
    setHBPathId                              0x0800acf9   Thumb Code     6  communication.o(i.setHBPathId)
    setHBPilotState                          0x0800ad05   Thumb Code     6  communication.o(i.setHBPilotState)
    setHBPose                                0x0800ad11   Thumb Code   216  communication.o(i.setHBPose)
    setHBRtkState                            0x0800ae05   Thumb Code    34  communication.o(i.setHBRtkState)
    setHBServorAlarm                         0x0800ae2d   Thumb Code    30  communication.o(i.setHBServorAlarm)
    setHBTankLevel                           0x0800ae51   Thumb Code     6  communication.o(i.setHBTankLevel)
    setPathDataFileExist                     0x0800ae5d   Thumb Code     8  pathdata.o(i.setPathDataFileExist)
    sqrt                                     0x0800ae69   Thumb Code   110  sqrt.o(i.sqrt)
    startReceiveBleFile                      0x0800aed9   Thumb Code    20  communication.o(i.startReceiveBleFile)
    stopReceiveBleFile                       0x0800aef9   Thumb Code    16  communication.o(i.stopReceiveBleFile)
    updateLoRaData                           0x0800af11   Thumb Code   114  communication.o(i.updateLoRaData)
    updateRS232Data                          0x0800af9d   Thumb Code   134  communication.o(i.updateRS232Data)
    AHBPrescTable                            0x0800b070   Data          16  system_stm32f4xx.o(.constdata)
    APBPrescTable                            0x0800b080   Data           8  system_stm32f4xx.o(.constdata)
    asc2_1206                                0x0800b088   Data        1140  lcd.o(.constdata)
    asc2_1608                                0x0800b4fc   Data        1520  lcd.o(.constdata)
    asc2_2412                                0x0800baec   Data        3420  lcd.o(.constdata)
    asc2_3216                                0x0800c848   Data       12160  lcd.o(.constdata)
    __mathlib_zero                           0x0800f918   Data           8  qnan.o(.constdata)
    Region$$Table$$Base                      0x0800fa10   Number         0  anon$$obj.o(Region$$Table)
    Region$$Table$$Limit                     0x0800fa30   Number         0  anon$$obj.o(Region$$Table)
    g_lora_data_new                          0x20000000   Data           1  communication.o(.data)
    LORA_REGISTER                            0x20000001   Data           3  communication.o(.data)
    LORA_REG_VALID                           0x20000004   Data           1  communication.o(.data)
    RS232_REG_VALID                          0x20000005   Data           1  communication.o(.data)
    g_rs232_data_new                         0x20000006   Data           1  communication.o(.data)
    gDriverMode                              0x20000007   Data           1  communication.o(.data)
    gDriverModeNew                           0x20000008   Data           1  communication.o(.data)
    gEngineMode                              0x20000009   Data           1  communication.o(.data)
    gEngineModeNew                           0x2000000a   Data           1  communication.o(.data)
    gTankLevel                               0x2000000b   Data           1  communication.o(.data)
    gTankLevelNew                            0x2000000c   Data           1  communication.o(.data)
    gBaterryVolt                             0x2000000e   Data           2  communication.o(.data)
    gBaterryVoltNew                          0x20000010   Data           1  communication.o(.data)
    gServorAlarm                             0x20000012   Data           2  communication.o(.data)
    gServerAlarmNew                          0x20000014   Data           1  communication.o(.data)
    gBleDoing                                0x20000015   Data           1  communication.o(.data)
    gBaseLongitude                           0x20000018   Data           4  pathdata.o(.data)
    gBaseLatitude                            0x2000001c   Data           4  pathdata.o(.data)
    gBaseAltitude                            0x20000020   Data           4  pathdata.o(.data)
    gValidPathPtNum                          0x20000024   Data           4  pathdata.o(.data)
    gCurPathId                               0x20000028   Data           2  pathdata.o(.data)
    gPathDataFileExist                       0x2000002a   Data           1  pathdata.o(.data)
    gPilotState                              0x2000002c   Data           1  autopilot.o(.data)
    gEngineStopDelay                         0x2000002e   Data           2  autopilot.o(.data)
    SystemCoreClock                          0x2000003c   Data           4  system_stm32f4xx.o(.data)
    uwTick                                   0x20000040   Data           4  stm32f4xx_hal.o(.data)
    POINT_COLOR                              0x20000044   Data           4  lcd.o(.data)
    BACK_COLOR                               0x20000048   Data           4  lcd.o(.data)
    ltdc_framebuf                            0x2000004c   Data           8  ltdc.o(.data)
    __stdout                                 0x20000058   Data           4  stdout.o(.data)
    huart1                                   0x20000060   Data          64  usart.o(.bss)
    huart2                                   0x200000a0   Data          64  usart.o(.bss)
    huart3                                   0x200000e0   Data          64  usart.o(.bss)
    hcan1                                    0x20000120   Data          68  can.o(.bss)
    lora_buf                                 0x20000164   Data          13  communication.o(.bss)
    lora_buf_tmp                             0x20000171   Data          13  communication.o(.bss)
    gHeartBeat                               0x2000017e   Data          14  communication.o(.bss)
    gAppAck                                  0x2000018c   Data          16  communication.o(.bss)
    RS232_REGISTER                           0x2000019c   Data          34  communication.o(.bss)
    rs232_buf                                0x200001be   Data          44  communication.o(.bss)
    gINMData                                 0x200001ec   Data          36  communication.o(.bss)
    gCanReceiveFilter1                       0x20000288   Data          40  communication.o(.bss)
    gCanReceiveFilter2                       0x200002b0   Data          40  communication.o(.bss)
    ble_buf                                  0x200002d8   Data          30  communication.o(.bss)
    SDRAM_Handler                            0x200002f8   Data          52  sdram.o(.bss)
    SRAM_Handler                             0x2000032c   Data          80  lcd.o(.bss)
    lcddev                                   0x2000037c   Data          14  lcd.o(.bss)
    LTDC_Handler                             0x2000038c   Data         168  ltdc.o(.bss)
    DMA2D_Handler                            0x20000434   Data          64  ltdc.o(.bss)
    lcdltdc                                  0x20000474   Data          32  ltdc.o(.bss)
    __initial_sp                             0x20000898   Data           0  startup_stm32f429xx.o(STACK)
    gPathPoints                              0xc0000000   Data       20000000  pathdata.o(.ARM.__AT_0xC0000000)
    ltdc_lcd_framebuf                        0xc1784000   Data       2048000  ltdc.o(.ARM.__AT_0xC1784000)



==============================================================================

Memory Map of the image

  Image Entry point : 0x080001ad

  Load Region LR_IROM1 (Base: 0x08000000, Size: 0x0000fa90, Max: 0x00100000, ABSOLUTE)

    Execution Region ER_IROM1 (Base: 0x08000000, Size: 0x0000fa30, Max: 0x00100000, ABSOLUTE)

    Base Addr    Size         Type   Attr      Idx    E Section Name        Object

    0x08000000   0x000001ac   Data   RO          986    RESET               startup_stm32f429xx.o
    0x080001ac   0x00000000   Code   RO         4038  * .ARM.Collect$$$$00000000  mc_w.l(entry.o)
    0x080001ac   0x00000004   Code   RO         4363    .ARM.Collect$$$$00000001  mc_w.l(entry2.o)
    0x080001b0   0x00000004   Code   RO         4366    .ARM.Collect$$$$00000004  mc_w.l(entry5.o)
    0x080001b4   0x00000000   Code   RO         4368    .ARM.Collect$$$$00000008  mc_w.l(entry7b.o)
    0x080001b4   0x00000000   Code   RO         4370    .ARM.Collect$$$$0000000A  mc_w.l(entry8b.o)
    0x080001b4   0x00000008   Code   RO         4371    .ARM.Collect$$$$0000000B  mc_w.l(entry9a.o)
    0x080001bc   0x00000000   Code   RO         4373    .ARM.Collect$$$$0000000D  mc_w.l(entry10a.o)
    0x080001bc   0x00000000   Code   RO         4375    .ARM.Collect$$$$0000000F  mc_w.l(entry11a.o)
    0x080001bc   0x00000004   Code   RO         4364    .ARM.Collect$$$$00002712  mc_w.l(entry2.o)
    0x080001c0   0x00000024   Code   RO          987    .text               startup_stm32f429xx.o
    0x080001e4   0x00000024   Code   RO         4041    .text               mc_w.l(memcpya.o)
    0x08000208   0x0000014e   Code   RO         4306    .text               mf_w.l(dadd.o)
    0x08000356   0x000000e4   Code   RO         4308    .text               mf_w.l(dmul.o)
    0x0800043a   0x00000022   Code   RO         4310    .text               mf_w.l(dflti.o)
    0x0800045c   0x0000001a   Code   RO         4312    .text               mf_w.l(dfltui.o)
    0x08000476   0x00000032   Code   RO         4314    .text               mf_w.l(dfixui.o)
    0x080004a8   0x00000026   Code   RO         4316    .text               mf_w.l(f2d.o)
    0x080004ce   0x00000002   PAD
    0x080004d0   0x00000030   Code   RO         4318    .text               mf_w.l(cdcmple.o)
    0x08000500   0x00000030   Code   RO         4320    .text               mf_w.l(cdrcmple.o)
    0x08000530   0x00000038   Code   RO         4322    .text               mf_w.l(d2f.o)
    0x08000568   0x0000002c   Code   RO         4378    .text               mc_w.l(uidiv.o)
    0x08000594   0x00000062   Code   RO         4380    .text               mc_w.l(uldiv.o)
    0x080005f6   0x0000001e   Code   RO         4382    .text               mc_w.l(llshl.o)
    0x08000614   0x00000020   Code   RO         4384    .text               mc_w.l(llushr.o)
    0x08000634   0x00000024   Code   RO         4386    .text               mc_w.l(llsshr.o)
    0x08000658   0x00000000   Code   RO         4395    .text               mc_w.l(iusefp.o)
    0x08000658   0x0000006e   Code   RO         4396    .text               mf_w.l(fepilogue.o)
    0x080006c6   0x000000ba   Code   RO         4398    .text               mf_w.l(depilogue.o)
    0x08000780   0x000000de   Code   RO         4400    .text               mf_w.l(ddiv.o)
    0x0800085e   0x0000002e   Code   RO         4404    .text               mf_w.l(dscalb.o)
    0x0800088c   0x000000a2   Code   RO         4406    .text               mf_w.l(dsqrt.o)
    0x0800092e   0x00000030   Code   RO         4408    .text               mf_w.l(dfixul.o)
    0x0800095e   0x00000002   PAD
    0x08000960   0x00000024   Code   RO         4410    .text               mc_w.l(init.o)
    0x08000984   0x0000003e   Code   RO         4412    .text               mf_w.l(dfixi.o)
    0x080009c2   0x00000004   Code   RO          294    i.BusFault_Handler  stm32f4xx_it.o
    0x080009c6   0x00000002   PAD
    0x080009c8   0x00000010   Code   RO          295    i.CAN1_RX0_IRQHandler  stm32f4xx_it.o
    0x080009d8   0x000001c2   Code   RO         2501    i.CAN_Receive_IT    stm32f4xx_hal_can.o
    0x08000b9a   0x00000062   Code   RO         2502    i.CAN_Transmit_IT   stm32f4xx_hal_can.o
    0x08000bfc   0x00000002   Code   RO          296    i.DebugMon_Handler  stm32f4xx_it.o
    0x08000bfe   0x00000004   Code   RO            4    i.Error_Handler     main.o
    0x08000c02   0x00000002   PAD
    0x08000c04   0x00000048   Code   RO         2795    i.FMC_NORSRAM_Extended_Timing_Init  stm32f4xx_ll_fmc.o
    0x08000c4c   0x00000074   Code   RO         2796    i.FMC_NORSRAM_Init  stm32f4xx_ll_fmc.o
    0x08000cc0   0x0000005e   Code   RO         2797    i.FMC_NORSRAM_Timing_Init  stm32f4xx_ll_fmc.o
    0x08000d1e   0x00000074   Code   RO         2807    i.FMC_SDRAM_Init    stm32f4xx_ll_fmc.o
    0x08000d92   0x0000000e   Code   RO         2808    i.FMC_SDRAM_ProgramRefreshRate  stm32f4xx_ll_fmc.o
    0x08000da0   0x00000052   Code   RO         2809    i.FMC_SDRAM_SendCommand  stm32f4xx_ll_fmc.o
    0x08000df2   0x00000002   PAD
    0x08000df4   0x0000009c   Code   RO         2811    i.FMC_SDRAM_Timing_Init  stm32f4xx_ll_fmc.o
    0x08000e90   0x00000024   Code   RO          490    i.GetBatteryVolt    communication.o
    0x08000eb4   0x00000024   Code   RO          493    i.GetServorAlarm    communication.o
    0x08000ed8   0x00000024   Code   RO          494    i.GetTankLevel      communication.o
    0x08000efc   0x0000012c   Code   RO          905    i.GetThetaFromVector  commonalg.o
    0x08001028   0x00000108   Code   RO         2503    i.HAL_CAN_ConfigFilter  stm32f4xx_hal_can.o
    0x08001130   0x00000002   Code   RO         2505    i.HAL_CAN_ErrorCallback  stm32f4xx_hal_can.o
    0x08001132   0x00000002   PAD
    0x08001134   0x00000254   Code   RO         2508    i.HAL_CAN_IRQHandler  stm32f4xx_hal_can.o
    0x08001388   0x000001bc   Code   RO         2509    i.HAL_CAN_Init      stm32f4xx_hal_can.o
    0x08001544   0x0000006c   Code   RO          449    i.HAL_CAN_MspInit   can.o
    0x080015b0   0x0000010c   Code   RO         2513    i.HAL_CAN_Receive_IT  stm32f4xx_hal_can.o
    0x080016bc   0x000000b0   Code   RO          495    i.HAL_CAN_RxCpltCallback  communication.o
    0x0800176c   0x000002b8   Code   RO         2516    i.HAL_CAN_Transmit  stm32f4xx_hal_can.o
    0x08001a24   0x00000002   Code   RO         2518    i.HAL_CAN_TxCpltCallback  stm32f4xx_hal_can.o
    0x08001a26   0x00000028   Code   RO         2032    i.HAL_DMA_Abort_IT  stm32f4xx_hal_dma.o
    0x08001a4e   0x0000001e   Code   RO         1562    i.HAL_Delay         stm32f4xx_hal.o
    0x08001a6c   0x0000021c   Code   RO         1965    i.HAL_GPIO_Init     stm32f4xx_hal_gpio.o
    0x08001c88   0x00000010   Code   RO         1967    i.HAL_GPIO_ReadPin  stm32f4xx_hal_gpio.o
    0x08001c98   0x0000000c   Code   RO         1969    i.HAL_GPIO_WritePin  stm32f4xx_hal_gpio.o
    0x08001ca4   0x0000000c   Code   RO         1570    i.HAL_GetTick       stm32f4xx_hal.o
    0x08001cb0   0x00000010   Code   RO         1572    i.HAL_IncTick       stm32f4xx_hal.o
    0x08001cc0   0x0000003c   Code   RO         1573    i.HAL_Init          stm32f4xx_hal.o
    0x08001cfc   0x00000028   Code   RO         1574    i.HAL_InitTick      stm32f4xx_hal.o
    0x08001d24   0x0000005e   Code   RO         2970    i.HAL_LTDC_ConfigLayer  stm32f4xx_hal_ltdc.o
    0x08001d82   0x00000002   PAD
    0x08001d84   0x0000011c   Code   RO         2987    i.HAL_LTDC_Init     stm32f4xx_hal_ltdc.o
    0x08001ea0   0x0000015c   Code   RO         3829    i.HAL_LTDC_MspInit  ltdc.o
    0x08001ffc   0x0000006c   Code   RO         3002    i.HAL_LTDC_SetWindowPosition  stm32f4xx_hal_ltdc.o
    0x08002068   0x0000006c   Code   RO         3004    i.HAL_LTDC_SetWindowSize  stm32f4xx_hal_ltdc.o
    0x080020d4   0x00000056   Code   RO          270    i.HAL_MspInit       stm32f4xx_hal_msp.o
    0x0800212a   0x0000001a   Code   RO         1725    i.HAL_NVIC_EnableIRQ  stm32f4xx_hal_cortex.o
    0x08002144   0x0000007c   Code   RO         1731    i.HAL_NVIC_SetPriority  stm32f4xx_hal_cortex.o
    0x080021c0   0x00000028   Code   RO         1732    i.HAL_NVIC_SetPriorityGrouping  stm32f4xx_hal_cortex.o
    0x080021e8   0x000000a4   Code   RO         1489    i.HAL_PWREx_EnableOverDrive  stm32f4xx_hal_pwr_ex.o
    0x0800228c   0x00000370   Code   RO         1037    i.HAL_RCCEx_PeriphCLKConfig  stm32f4xx_hal_rcc_ex.o
    0x080025fc   0x000001d0   Code   RO         1861    i.HAL_RCC_ClockConfig  stm32f4xx_hal_rcc.o
    0x080027cc   0x0000000c   Code   RO         1866    i.HAL_RCC_GetHCLKFreq  stm32f4xx_hal_rcc.o
    0x080027d8   0x0000002c   Code   RO         1868    i.HAL_RCC_GetPCLK1Freq  stm32f4xx_hal_rcc.o
    0x08002804   0x0000002c   Code   RO         1869    i.HAL_RCC_GetPCLK2Freq  stm32f4xx_hal_rcc.o
    0x08002830   0x000000b4   Code   RO         1870    i.HAL_RCC_GetSysClockFreq  stm32f4xx_hal_rcc.o
    0x080028e4   0x0000044c   Code   RO         1873    i.HAL_RCC_OscConfig  stm32f4xx_hal_rcc.o
    0x08002d30   0x00000040   Code   RO         2637    i.HAL_SDRAM_Init    stm32f4xx_hal_sdram.o
    0x08002d70   0x00000134   Code   RO         3543    i.HAL_SDRAM_MspInit  sdram.o
    0x08002ea4   0x00000028   Code   RO         2640    i.HAL_SDRAM_ProgramRefreshRate  stm32f4xx_hal_sdram.o
    0x08002ecc   0x0000003a   Code   RO         2646    i.HAL_SDRAM_SendCommand  stm32f4xx_hal_sdram.o
    0x08002f06   0x00000058   Code   RO         3425    i.HAL_SRAM_Init     stm32f4xx_hal_sram.o
    0x08002f5e   0x00000002   PAD
    0x08002f60   0x000000a4   Code   RO         3601    i.HAL_SRAM_MspInit  lcd.o
    0x08003004   0x00000028   Code   RO         1734    i.HAL_SYSTICK_CLKSourceConfig  stm32f4xx_hal_cortex.o
    0x0800302c   0x00000002   Code   RO         1735    i.HAL_SYSTICK_Callback  stm32f4xx_hal_cortex.o
    0x0800302e   0x00000034   Code   RO         1736    i.HAL_SYSTICK_Config  stm32f4xx_hal_cortex.o
    0x08003062   0x00000008   Code   RO         1737    i.HAL_SYSTICK_IRQHandler  stm32f4xx_hal_cortex.o
    0x0800306a   0x00000002   Code   RO         2145    i.HAL_UART_AbortReceiveCpltCallback  stm32f4xx_hal_uart.o
    0x0800306c   0x00000078   Code   RO         2146    i.HAL_UART_AbortReceive_IT  stm32f4xx_hal_uart.o
    0x080030e4   0x00000002   Code   RO         2155    i.HAL_UART_ErrorCallback  stm32f4xx_hal_uart.o
    0x080030e6   0x00000002   PAD
    0x080030e8   0x0000014c   Code   RO         2158    i.HAL_UART_IRQHandler  stm32f4xx_hal_uart.o
    0x08003234   0x00000072   Code   RO         2159    i.HAL_UART_Init     stm32f4xx_hal_uart.o
    0x080032a6   0x00000002   PAD
    0x080032a8   0x00000130   Code   RO          395    i.HAL_UART_MspInit  usart.o
    0x080033d8   0x00000064   Code   RO         2164    i.HAL_UART_Receive_IT  stm32f4xx_hal_uart.o
    0x0800343c   0x00000064   Code   RO          496    i.HAL_UART_RxCpltCallback  communication.o
    0x080034a0   0x000000d6   Code   RO         2167    i.HAL_UART_Transmit  stm32f4xx_hal_uart.o
    0x08003576   0x00000002   Code   RO         2170    i.HAL_UART_TxCpltCallback  stm32f4xx_hal_uart.o
    0x08003578   0x00000004   Code   RO          297    i.HardFault_Handler  stm32f4xx_it.o
    0x0800357c   0x0000000c   Code   RO          781    i.InitAutoPilot     autopilot.o
    0x08003588   0x00000048   Code   RO         3603    i.LCD_Clear         lcd.o
    0x080035d0   0x00000180   Code   RO         3607    i.LCD_Display_Dir   lcd.o
    0x08003750   0x00000124   Code   RO         3612    i.LCD_Fast_DrawPoint  lcd.o
    0x08003874   0x00002464   Code   RO         3614    i.LCD_Init          lcd.o
    0x08005cd8   0x00000014   Code   RO         3616    i.LCD_RD_DATA       lcd.o
    0x08005cec   0x00000060   Code   RO         3619    i.LCD_SSD_BackLightSet  lcd.o
    0x08005d4c   0x00000274   Code   RO         3620    i.LCD_Scan_Dir      lcd.o
    0x08005fc0   0x00000138   Code   RO         3621    i.LCD_SetCursor     lcd.o
    0x080060f8   0x0000013c   Code   RO         3623    i.LCD_ShowChar      lcd.o
    0x08006234   0x00000066   Code   RO         3625    i.LCD_ShowString    lcd.o
    0x0800629a   0x00000002   PAD
    0x0800629c   0x00000018   Code   RO         3627    i.LCD_WR_DATA       lcd.o
    0x080062b4   0x00000018   Code   RO         3628    i.LCD_WR_REG        lcd.o
    0x080062cc   0x00000014   Code   RO         3630    i.LCD_WriteRAM_Prepare  lcd.o
    0x080062e0   0x00000010   Code   RO         3631    i.LCD_WriteReg      lcd.o
    0x080062f0   0x00000024   Code   RO         3830    i.LTDC_Clear        ltdc.o
    0x08006314   0x00000026   Code   RO         3831    i.LTDC_Clk_Set      ltdc.o
    0x0800633a   0x00000002   PAD
    0x0800633c   0x0000002c   Code   RO         3833    i.LTDC_Display_Dir  ltdc.o
    0x08006368   0x00000050   Code   RO         3834    i.LTDC_Draw_Point   ltdc.o
    0x080063b8   0x00000164   Code   RO         3835    i.LTDC_Fill         ltdc.o
    0x0800651c   0x0000027c   Code   RO         3836    i.LTDC_Init         ltdc.o
    0x08006798   0x0000007c   Code   RO         3837    i.LTDC_Layer_Parameter_Config  ltdc.o
    0x08006814   0x00000030   Code   RO         3839    i.LTDC_Layer_Window_Config  ltdc.o
    0x08006844   0x000000d4   Code   RO         3840    i.LTDC_PanelID_Read  ltdc.o
    0x08006918   0x0000000c   Code   RO         3842    i.LTDC_Select_Layer  ltdc.o
    0x08006924   0x00000212   Code   RO         3006    i.LTDC_SetConfig    stm32f4xx_hal_ltdc.o
    0x08006b36   0x00000002   PAD
    0x08006b38   0x00000044   Code   RO          450    i.MX_CAN1_Init      can.o
    0x08006b7c   0x0000008c   Code   RO          246    i.MX_GPIO_Init      gpio.o
    0x08006c08   0x00000038   Code   RO          396    i.MX_USART1_UART_Init  usart.o
    0x08006c40   0x00000038   Code   RO          397    i.MX_USART2_UART_Init  usart.o
    0x08006c78   0x00000038   Code   RO          398    i.MX_USART3_UART_Init  usart.o
    0x08006cb0   0x00000004   Code   RO          298    i.MemManage_Handler  stm32f4xx_it.o
    0x08006cb4   0x00000002   Code   RO          299    i.NMI_Handler       stm32f4xx_it.o
    0x08006cb6   0x00000002   PAD
    0x08006cb8   0x00000010   Code   RO         1738    i.NVIC_GetPriorityGrouping  stm32f4xx_hal_cortex.o
    0x08006cc8   0x00000028   Code   RO         1739    i.NVIC_SetPriority  stm32f4xx_hal_cortex.o
    0x08006cf0   0x00000002   Code   RO          300    i.PendSV_Handler    stm32f4xx_it.o
    0x08006cf2   0x00000002   PAD
    0x08006cf4   0x00000214   Code   RO          782    i.PilotAuto         autopilot.o
    0x08006f08   0x0000004c   Code   RO          783    i.PilotBleTransfer  autopilot.o
    0x08006f54   0x0000001a   Code   RO          784    i.PilotIdle         autopilot.o
    0x08006f6e   0x0000001e   Code   RO          785    i.PilotInit         autopilot.o
    0x08006f8c   0x00000030   Code   RO          786    i.PilotManualWork   autopilot.o
    0x08006fbc   0x00000064   Code   RO          787    i.PilotSupply       autopilot.o
    0x08007020   0x00000022   Code   RO          788    i.PilotTransition   autopilot.o
    0x08007042   0x000000f8   Code   RO          906    i.RotateTheta4Point  commonalg.o
    0x0800713a   0x00000002   PAD
    0x0800713c   0x00000204   Code   RO          789    i.RunPilot          autopilot.o
    0x08007340   0x00000074   Code   RO         3544    i.SDRAM_Init        sdram.o
    0x080073b4   0x00000042   Code   RO         3545    i.SDRAM_Initialization_Sequence  sdram.o
    0x080073f6   0x00000002   PAD
    0x080073f8   0x00000048   Code   RO         3546    i.SDRAM_Send_Cmd    sdram.o
    0x08007440   0x00000002   Code   RO          301    i.SVC_Handler       stm32f4xx_it.o
    0x08007442   0x00000002   PAD
    0x08007444   0x000001fc   Code   RO          497    i.SendSpeed         communication.o
    0x08007640   0x00000020   Code   RO          498    i.SetDriverMode     communication.o
    0x08007660   0x00000020   Code   RO          499    i.SetEngineMode     communication.o
    0x08007680   0x0000000c   Code   RO          302    i.SysTick_Handler   stm32f4xx_it.o
    0x0800768c   0x000000d0   Code   RO            5    i.SystemClock_Config  main.o
    0x0800775c   0x00000064   Code   RO          951    i.SystemInit        system_stm32f4xx.o
    0x080077c0   0x00000014   Code   RO         2172    i.UART_DMAAbortOnError  stm32f4xx_hal_uart.o
    0x080077d4   0x00000018   Code   RO         2177    i.UART_DMARxOnlyAbortCallback  stm32f4xx_hal_uart.o
    0x080077ec   0x00000020   Code   RO         2182    i.UART_EndRxTransfer  stm32f4xx_hal_uart.o
    0x0800780c   0x00000020   Code   RO         2183    i.UART_EndTransmit_IT  stm32f4xx_hal_uart.o
    0x0800782c   0x0000009a   Code   RO         2185    i.UART_Receive_IT   stm32f4xx_hal_uart.o
    0x080078c6   0x00000002   PAD
    0x080078c8   0x00000368   Code   RO         2186    i.UART_SetConfig    stm32f4xx_hal_uart.o
    0x08007c30   0x00000068   Code   RO         2187    i.UART_Transmit_IT  stm32f4xx_hal_uart.o
    0x08007c98   0x0000006c   Code   RO         2188    i.UART_WaitOnFlagUntilTimeout  stm32f4xx_hal_uart.o
    0x08007d04   0x00000010   Code   RO          303    i.USART1_IRQHandler  stm32f4xx_it.o
    0x08007d14   0x00000010   Code   RO          304    i.USART2_IRQHandler  stm32f4xx_it.o
    0x08007d24   0x00000010   Code   RO          305    i.USART3_IRQHandler  stm32f4xx_it.o
    0x08007d34   0x00000004   Code   RO          306    i.UsageFault_Handler  stm32f4xx_it.o
    0x08007d38   0x00000020   Code   RO         4278    i.__0printf         mc_w.l(printfa.o)
    0x08007d58   0x00000030   Code   RO         4347    i.__ARM_fpclassify  m_wm.l(fpclassify.o)
    0x08007d88   0x000002d8   Code   RO         3974    i.__hardfp_atan     m_wm.l(atan.o)
    0x08008060   0x000000c8   Code   RO         3988    i.__hardfp_cos      m_wm.l(cos.o)
    0x08008128   0x00000c50   Code   RO         4000    i.__hardfp_pow      m_wm.l(pow.o)
    0x08008d78   0x000000c8   Code   RO         4014    i.__hardfp_sin      m_wm.l(sin.o)
    0x08008e40   0x0000007a   Code   RO         4026    i.__hardfp_sqrt     m_wm.l(sqrt.o)
    0x08008eba   0x00000006   PAD
    0x08008ec0   0x00000438   Code   RO         4352    i.__ieee754_rem_pio2  m_wm.l(rred.o)
    0x080092f8   0x00000170   Code   RO         4324    i.__kernel_cos      m_wm.l(cos_i.o)
    0x08009468   0x000000f8   Code   RO         4349    i.__kernel_poly     m_wm.l(poly.o)
    0x08009560   0x00000130   Code   RO         4357    i.__kernel_sin      m_wm.l(sin_i.o)
    0x08009690   0x00000030   Code   RO         4327    i.__mathlib_dbl_divzero  m_wm.l(dunder.o)
    0x080096c0   0x00000014   Code   RO         4328    i.__mathlib_dbl_infnan  m_wm.l(dunder.o)
    0x080096d4   0x00000014   Code   RO         4329    i.__mathlib_dbl_infnan2  m_wm.l(dunder.o)
    0x080096e8   0x00000020   Code   RO         4330    i.__mathlib_dbl_invalid  m_wm.l(dunder.o)
    0x08009708   0x00000020   Code   RO         4331    i.__mathlib_dbl_overflow  m_wm.l(dunder.o)
    0x08009728   0x00000020   Code   RO         4333    i.__mathlib_dbl_underflow  m_wm.l(dunder.o)
    0x08009748   0x0000000e   Code   RO         4416    i.__scatterload_copy  mc_w.l(handlers.o)
    0x08009756   0x00000002   Code   RO         4417    i.__scatterload_null  mc_w.l(handlers.o)
    0x08009758   0x0000000e   Code   RO         4418    i.__scatterload_zeroinit  mc_w.l(handlers.o)
    0x08009766   0x00000002   PAD
    0x08009768   0x0000000c   Code   RO         4390    i.__set_errno       mc_w.l(errno.o)
    0x08009774   0x00000164   Code   RO         4285    i._fp_digits        mc_w.l(printfa.o)
    0x080098d8   0x000006dc   Code   RO         4286    i._printf_core      mc_w.l(printfa.o)
    0x08009fb4   0x00000024   Code   RO         4287    i._printf_post_padding  mc_w.l(printfa.o)
    0x08009fd8   0x0000002e   Code   RO         4288    i._printf_pre_padding  mc_w.l(printfa.o)
    0x0800a006   0x00000002   PAD
    0x0800a008   0x00000034   Code   RO          500    i.ackApp            communication.o
    0x0800a03c   0x00000040   Code   RO          708    i.addPathPoint      pathdata.o
    0x0800a07c   0x00000080   Code   RO          501    i.assemAppAck       communication.o
    0x0800a0fc   0x0000006a   Code   RO          502    i.byhhReceiveUsart  communication.o
    0x0800a166   0x00000002   PAD
    0x0800a168   0x000000c4   Code   RO          709    i.cvtGpsPt2Xy       pathdata.o
    0x0800a22c   0x000000e4   Code   RO          790    i.cvtINMData2Pose   autopilot.o
    0x0800a310   0x00000018   Code   RO         3945    i.delay_ms          delay.o
    0x0800a328   0x00000048   Code   RO         3946    i.delay_us          delay.o
    0x0800a370   0x00000018   Code   RO         4343    i.fabs              m_wm.l(fabs.o)
    0x0800a388   0x0000001c   Code   RO            6    i.fputc             main.o
    0x0800a3a4   0x0000003c   Code   RO          710    i.getCurPathPoint   pathdata.o
    0x0800a3e0   0x0000000c   Code   RO          711    i.getCurPathPointId  pathdata.o
    0x0800a3ec   0x00000014   Code   RO          503    i.getINMData        communication.o
    0x0800a400   0x000000e0   Code   RO          504    i.initCan1          communication.o
    0x0800a4e0   0x0000001c   Code   RO          712    i.initPathPointsData  pathdata.o
    0x0800a4fc   0x00000016   Code   RO          791    i.intoPilotAuto     autopilot.o
    0x0800a512   0x00000016   Code   RO          794    i.intoPilotManualWork  autopilot.o
    0x0800a528   0x00000020   Code   RO          795    i.intoPilotSupply   autopilot.o
    0x0800a548   0x0000001a   Code   RO          796    i.intoPilotTransition  autopilot.o
    0x0800a562   0x00000002   PAD
    0x0800a564   0x0000000c   Code   RO          505    i.isBleDoing        communication.o
    0x0800a570   0x0000000c   Code   RO          713    i.isPathDataFileExist  pathdata.o
    0x0800a57c   0x0000001a   Code   RO            7    i.lcdshow           main.o
    0x0800a596   0x00000002   PAD
    0x0800a598   0x00000088   Code   RO           14    i.main              main.o
    0x0800a620   0x00000010   Code   RO          714    i.moveCurPpt2Next   pathdata.o
    0x0800a630   0x0000002c   Code   RO          506    i.receiveAPPCmd     communication.o
    0x0800a65c   0x00000064   Code   RO          507    i.receiveINMData    communication.o
    0x0800a6c0   0x00000594   Code   RO          926    i.runController     pathfollower.o
    0x0800ac54   0x0000005c   Code   RO          508    i.setHBBatteryPercentage  communication.o
    0x0800acb0   0x00000024   Code   RO          509    i.setHBEngineState  communication.o
    0x0800acd4   0x00000024   Code   RO          510    i.setHBFileExist    communication.o
    0x0800acf8   0x0000000c   Code   RO          511    i.setHBPathId       communication.o
    0x0800ad04   0x0000000c   Code   RO          512    i.setHBPilotState   communication.o
    0x0800ad10   0x000000f4   Code   RO          513    i.setHBPose         communication.o
    0x0800ae04   0x00000028   Code   RO          514    i.setHBRtkState     communication.o
    0x0800ae2c   0x00000024   Code   RO          515    i.setHBServorAlarm  communication.o
    0x0800ae50   0x0000000c   Code   RO          516    i.setHBTankLevel    communication.o
    0x0800ae5c   0x0000000c   Code   RO          715    i.setPathDataFileExist  pathdata.o
    0x0800ae68   0x0000006e   Code   RO         4028    i.sqrt              m_wm.l(sqrt.o)
    0x0800aed6   0x00000002   PAD
    0x0800aed8   0x00000020   Code   RO          517    i.startReceiveBleFile  communication.o
    0x0800aef8   0x00000018   Code   RO          518    i.stopReceiveBleFile  communication.o
    0x0800af10   0x0000008c   Code   RO          519    i.updateLoRaData    communication.o
    0x0800af9c   0x000000d4   Code   RO          520    i.updateRS232Data   communication.o
    0x0800b070   0x00000018   Data   RO          952    .constdata          system_stm32f4xx.o
    0x0800b088   0x00004740   Data   RO         3634    .constdata          lcd.o
    0x0800f7c8   0x00000098   Data   RO         3977    .constdata          m_wm.l(atan.o)
    0x0800f860   0x00000088   Data   RO         4003    .constdata          m_wm.l(pow.o)
    0x0800f8e8   0x00000030   Data   RO         4325    .constdata          m_wm.l(cos_i.o)
    0x0800f918   0x00000008   Data   RO         4351    .constdata          m_wm.l(qnan.o)
    0x0800f920   0x000000c8   Data   RO         4354    .constdata          m_wm.l(rred.o)
    0x0800f9e8   0x00000028   Data   RO         4358    .constdata          m_wm.l(sin_i.o)
    0x0800fa10   0x00000020   Data   RO         4414    Region$$Table       anon$$obj.o


    Execution Region RW_IRAM1 (Base: 0x20000000, Size: 0x00000898, Max: 0x00030000, ABSOLUTE)

    Base Addr    Size         Type   Attr      Idx    E Section Name        Object

    0x20000000   0x00000016   Data   RW          522    .data               communication.o
    0x20000016   0x00000002   PAD
    0x20000018   0x00000013   Data   RW          717    .data               pathdata.o
    0x2000002b   0x00000001   PAD
    0x2000002c   0x0000000e   Data   RW          797    .data               autopilot.o
    0x2000003a   0x00000002   PAD
    0x2000003c   0x00000004   Data   RW          953    .data               system_stm32f4xx.o
    0x20000040   0x00000004   Data   RW         1579    .data               stm32f4xx_hal.o
    0x20000044   0x00000008   Data   RW         3635    .data               lcd.o
    0x2000004c   0x00000008   Data   RW         3846    .data               ltdc.o
    0x20000054   0x00000004   Data   RW         3947    .data               delay.o
    0x20000058   0x00000004   Data   RW         4377    .data               mc_w.l(stdout.o)
    0x2000005c   0x00000004   Data   RW         4391    .data               mc_w.l(errno.o)
    0x20000060   0x000000c0   Zero   RW          399    .bss                usart.o
    0x20000120   0x00000044   Zero   RW          451    .bss                can.o
    0x20000164   0x00000192   Zero   RW          521    .bss                communication.o
    0x200002f6   0x00000002   PAD
    0x200002f8   0x00000034   Zero   RW         3547    .bss                sdram.o
    0x2000032c   0x0000005e   Zero   RW         3633    .bss                lcd.o
    0x2000038a   0x00000002   PAD
    0x2000038c   0x00000108   Zero   RW         3845    .bss                ltdc.o
    0x20000494   0x00000004   PAD
    0x20000498   0x00000400   Zero   RW          984    STACK               startup_stm32f429xx.o



  Load Region LR$$.ARM.__AT_0xC0000000 (Base: 0xc0000000, Size: 0x00000000, Max: 0x01312d00, ABSOLUTE)

    Execution Region ER$$.ARM.__AT_0xC0000000 (Base: 0xc0000000, Size: 0x01312d00, Max: 0x01312d00, ABSOLUTE, UNINIT)

    Base Addr    Size         Type   Attr      Idx    E Section Name        Object

    0xc0000000   0x01312d00   Zero   RW          716    .ARM.__AT_0xC0000000  pathdata.o



  Load Region LR$$.ARM.__AT_0xC1784000 (Base: 0xc1784000, Size: 0x00000000, Max: 0x001f4000, ABSOLUTE)

    Execution Region ER$$.ARM.__AT_0xC1784000 (Base: 0xc1784000, Size: 0x001f4000, Max: 0x001f4000, ABSOLUTE, UNINIT)

    Base Addr    Size         Type   Attr      Idx    E Section Name        Object

    0xc1784000   0x001f4000   Zero   RW         3844    .ARM.__AT_0xC1784000  ltdc.o


==============================================================================

Image component sizes


      Code (inc. data)   RO Data    RW Data    ZI Data      Debug   Object Name

      1704         78          0         14          0      11661   autopilot.o
       176         22          0          0         68       1609   can.o
       548         40          0          0          0       1581   commonalg.o
      2570        446          0         22        402      20983   communication.o
        96          4          0          4          0       1378   delay.o
       140          8          0          0          0        899   gpio.o
     11786        202      18240          8         94      18091   lcd.o
      1934        130          0          8    2048264       9670   ltdc.o
       402         62          0          0          0     757516   main.o
       400         74          0         19   20000000       5538   pathdata.o
      1428         78          0          0          0       1788   pathfollower.o
       562         40          0          0         52       3458   sdram.o
        36          8        428          0       1024        808   startup_stm32f429xx.o
       158         20          0          4          0       4443   stm32f4xx_hal.o
      2820         32          0          0          0       7924   stm32f4xx_hal_can.o
       348         22          0          0          0      32641   stm32f4xx_hal_cortex.o
        40          0          0          0          0       1139   stm32f4xx_hal_dma.o
       568         54          0          0          0       3015   stm32f4xx_hal_gpio.o
      1124          6          0          0          0       4665   stm32f4xx_hal_ltdc.o
        86          0          0          0          0        514   stm32f4xx_hal_msp.o
       164         12          0          0          0       1284   stm32f4xx_hal_pwr_ex.o
      1844         80          0          0          0       5484   stm32f4xx_hal_rcc.o
       880         24          0          0          0       1572   stm32f4xx_hal_rcc_ex.o
       162          0          0          0          0       2736   stm32f4xx_hal_sdram.o
        88          0          0          0          0       1208   stm32f4xx_hal_sram.o
      2232         20          0          0          0      11866   stm32f4xx_hal_uart.o
       100         24          0          0          0       6100   stm32f4xx_it.o
       650         14          0          0          0       5884   stm32f4xx_ll_fmc.o
       100         18         24          4          0       1163   system_stm32f4xx.o
       472         56          0          0        192       2884   usart.o

    ----------------------------------------------------------------------
     33658       1574      18724         88   22050104     929502   Object Totals
         0          0         32          0          0          0   (incl. Generated)
        40          0          0          5          8          0   (incl. Padding)

    ----------------------------------------------------------------------

      Code (inc. data)   RO Data    RW Data    ZI Data      Debug   Library Member Name

       728        106        152          0          0        228   atan.o
       200         20          0          0          0        164   cos.o
       368         46         48          0          0        200   cos_i.o
       184         44          0          0          0        744   dunder.o
        24          0          0          0          0        124   fabs.o
        48          0          0          0          0        124   fpclassify.o
       248          0          0          0          0        152   poly.o
      3152        296        136          0          0        352   pow.o
         0          0          8          0          0          0   qnan.o
      1080        142        200          0          0        188   rred.o
       200         20          0          0          0        164   sin.o
       304         24         40          0          0        208   sin_i.o
       232          0          0          0          0        296   sqrt.o
         0          0          0          0          0          0   entry.o
         0          0          0          0          0          0   entry10a.o
         0          0          0          0          0          0   entry11a.o
         8          4          0          0          0          0   entry2.o
         4          0          0          0          0          0   entry5.o
         0          0          0          0          0          0   entry7b.o
         0          0          0          0          0          0   entry8b.o
         8          4          0          0          0          0   entry9a.o
        12          6          0          4          0         68   errno.o
        30          0          0          0          0          0   handlers.o
        36          8          0          0          0         68   init.o
         0          0          0          0          0          0   iusefp.o
        30          0          0          0          0         68   llshl.o
        36          0          0          0          0         68   llsshr.o
        32          0          0          0          0         68   llushr.o
        36          0          0          0          0         68   memcpya.o
      2226         90          0          0          0        444   printfa.o
         0          0          0          4          0          0   stdout.o
        44          0          0          0          0         80   uidiv.o
        98          0          0          0          0         92   uldiv.o
        48          0          0          0          0         68   cdcmple.o
        48          0          0          0          0         68   cdrcmple.o
        56          0          0          0          0         88   d2f.o
       334          0          0          0          0        148   dadd.o
       222          0          0          0          0        100   ddiv.o
       186          0          0          0          0        176   depilogue.o
        62          0          0          0          0         80   dfixi.o
        50          0          0          0          0         76   dfixui.o
        48          0          0          0          0         68   dfixul.o
        34          0          0          0          0         76   dflti.o
        26          0          0          0          0         76   dfltui.o
       228          0          0          0          0         96   dmul.o
        46          0          0          0          0         80   dscalb.o
       162          0          0          0          0        100   dsqrt.o
        38          0          0          0          0         68   f2d.o
       110          0          0          0          0        168   fepilogue.o

    ----------------------------------------------------------------------
     11082        810        584          8          0       5504   Library Totals
        16          0          0          0          0          0   (incl. Padding)

    ----------------------------------------------------------------------

      Code (inc. data)   RO Data    RW Data    ZI Data      Debug   Library Name

      6768        698        584          0          0       2944   m_wm.l
      2600        112          0          8          0       1024   mc_w.l
      1698          0          0          0          0       1536   mf_w.l

    ----------------------------------------------------------------------
     11082        810        584          8          0       5504   Library Totals

    ----------------------------------------------------------------------

==============================================================================


      Code (inc. data)   RO Data    RW Data    ZI Data      Debug   

     44740       2384      19308         96   22050104     914958   Grand Totals
     44740       2384      19308         96   22050104     914958   ELF Image Totals
     44740       2384      19308         96          0          0   ROM Totals

==============================================================================

    Total RO  Size (Code + RO Data)                64048 (  62.55kB)
    Total RW  Size (RW Data + ZI Data)          22050200 (21533.40kB)
    Total ROM Size (Code + RO Data + RW Data)      64144 (  62.64kB)

==============================================================================

